
> colossseum@0.0.1 test
> jest

FAIL src/modules/jobs/jobs.service.spec.ts
  ● JobsService › getPublicJobById › should throw AppException if job not found

    expect(received).rejects.toThrow(expected)

    Expected constructor: AppException
    Received constructor: NotFoundException

    Received message: "Job not found or is no longer active"

          207 |
          208 |     if (!job) {
        > 209 |       throw new NotFoundException('Job not found or is no longer active');
              |             ^
          210 |     }
          211 |
          212 |     const { _count, ...rest } = job;

      at JobsService.getPublicJobById (modules/jobs/jobs.service.ts:209:13)
      at Object.<anonymous> (modules/jobs/jobs.service.spec.ts:132:7)
      at Object.toThrow (../node_modules/expect/build/index.js:2155:20)
      at Object.<anonymous> (modules/jobs/jobs.service.spec.ts:132:65)

FAIL src/modules/applicants/interview-question.service.spec.ts
  ● InterviewQuestionService › should be defined

    TypeError: Cannot read properties of undefined (reading 'messages')

      40 |     service = module.get<InterviewQuestionService>(InterviewQuestionService);
      41 |     // Grab instance to mock return values
    > 42 |     anthropicMock = (service as any).anthropic.messages;
         |                                                ^
      43 |   });
      44 |
      45 |   afterEach(() => {

      at Object.<anonymous> (modules/applicants/interview-question.service.spec.ts:42:48)

  ● InterviewQuestionService › case 40: Returns InterviewQuestionSet with correct audienceType for INTERVIEW_HR

    TypeError: Cannot read properties of undefined (reading 'messages')

      40 |     service = module.get<InterviewQuestionService>(InterviewQuestionService);
      41 |     // Grab instance to mock return values
    > 42 |     anthropicMock = (service as any).anthropic.messages;
         |                                                ^
      43 |   });
      44 |
      45 |   afterEach(() => {

      at Object.<anonymous> (modules/applicants/interview-question.service.spec.ts:42:48)

  ● InterviewQuestionService › case 41: Returns 5 questions for hr audience, 6 for technical audience (simulated by prompt config)

    TypeError: Cannot read properties of undefined (reading 'messages')

      40 |     service = module.get<InterviewQuestionService>(InterviewQuestionService);
      41 |     // Grab instance to mock return values
    > 42 |     anthropicMock = (service as any).anthropic.messages;
         |                                                ^
      43 |   });
      44 |
      45 |   afterEach(() => {

      at Object.<anonymous> (modules/applicants/interview-question.service.spec.ts:42:48)

  ● InterviewQuestionService › case 42: Each question has priority field: MUST_ASK | SHOULD_ASK | NICE_TO_HAVE

    TypeError: Cannot read properties of undefined (reading 'messages')

      40 |     service = module.get<InterviewQuestionService>(InterviewQuestionService);
      41 |     // Grab instance to mock return values
    > 42 |     anthropicMock = (service as any).anthropic.messages;
         |                                                ^
      43 |   });
      44 |
      45 |   afterEach(() => {

      at Object.<anonymous> (modules/applicants/interview-question.service.spec.ts:42:48)

  ● InterviewQuestionService › case 43: API error → throws InternalServerErrorException (no silent fallback)

    TypeError: Cannot read properties of undefined (reading 'messages')

      40 |     service = module.get<InterviewQuestionService>(InterviewQuestionService);
      41 |     // Grab instance to mock return values
    > 42 |     anthropicMock = (service as any).anthropic.messages;
         |                                                ^
      43 |   });
      44 |
      45 |   afterEach(() => {

      at Object.<anonymous> (modules/applicants/interview-question.service.spec.ts:42:48)

FAIL src/modules/applicants/scorecard-renderer.service.spec.ts
  ● ScorecardRendererService › case 45: render() output contains all probe questions from gaps

    expect(received).toContain(expected) // indexOf

    Expected substring: "How would you containerize Node?"
    Received string:    "<!DOCTYPE html>
    <html lang=\"en\">
    <head>
    <meta charset=\"UTF-8\">
    <title>Scorecard — Role — Candidate</title>
    <style>
      *, *::before, *::after { box-sizing: border-box; margin: 0; padding: 0; }
      body { font-family: -apple-system, BlinkMacSystemFont, 'Segoe UI', sans-serif; font-size: 14px; color: #111; background: #fff; padding: 40px; max-width: 900px; margin: 0 auto; }
      h1 { font-size: 22px; font-weight: 800; color: #111; }
      h2 { font-size: 11px; font-weight: 600; color: #6b7280; text-transform: uppercase; letter-spacing: .08em; margin-bottom: 24px; }
      h3 { font-size: 13px; font-weight: 700; text-transform: uppercase; letter-spacing: .07em; color: #374151; margin: 28px 0 12px; padding-bottom: 6px; border-bottom: 2px solid #f3f4f6; }
      .verdict-block { display: flex; align-items: center; gap: 20px; padding: 18px 22px; border-radius: 10px; border: 2px solid #d9770633; background: #d977060d; margin: 20px 0; }
      .verdict-badge { font-size: 20px; font-weight: 900; color: #d97706; white-space: nowrap; }
      .verdict-summary { font-size: 14px; color: #374151; line-height: 1.6; }
      .pill-row { display: flex; gap: 10px; flex-wrap: wrap; margin-bottom: 20px; }
      .pill { font-size: 11px; font-weight: 600; padding: 4px 12px; border-radius: 20px; }
      .two-col { display: grid; grid-template-columns: 1fr 1fr; gap: 16px; margin-bottom: 16px; }
      .box { background: #f9fafb; border: 1px solid #e5e7eb; border-radius: 8px; padding: 14px; }
      ul { list-style: none; padding: 0; }
      li { padding: 3px 0 3px 16px; font-size: 13px; color: #374151; position: relative; }
      li::before { content: '·'; position: absolute; left: 0; color: #9ca3af; font-weight: 900; }
      .stat-grid { display: grid; grid-template-columns: repeat(4, 1fr); gap: 12px; margin-bottom: 20px; }
      .stat-box { background: #f9fafb; border: 1px solid #e5e7eb; border-radius: 8px; padding: 12px; text-align: center; }
      .stat-n { font-size: 24px; font-weight: 800; font-family: monospace; color: #111; }
      .stat-l { font-size: 10px; color: #6b7280; text-transform: uppercase; letter-spacing: .06em; margin-top: 2px; }
      table { width: 100%; border-collapse: collapse; font-size: 12px; margin-bottom: 16px; }
      th { font-size: 10px; font-weight: 600; color: #6b7280; text-transform: uppercase; letter-spacing: .06em; padding: 8px 10px; border-bottom: 2px solid #e5e7eb; text-align: left; background: #f9fafb; }
      td { padding: 8px 10px; border-bottom: 1px solid #f3f4f6; vertical-align: top; }
      tr:last-child td { border-bottom: none; }
      .repo-card { background: #f9fafb; border: 1px solid #e5e7eb; border-radius: 6px; padding: 10px 14px; margin-bottom: 8px; }
      .divider { border: none; border-top: 3px solid #f3f4f6; margin: 32px 0; }
      .section-label { display: inline-block; font-size: 10px; font-weight: 700; text-transform: uppercase; letter-spacing: .08em; padding: 3px 10px; border-radius: 4px; margin-bottom: 18px; }
      .sl-hr  { background: #eff6ff; color: #1d4ed8; }
      .sl-cto { background: #fef3c7; color: #92400e; }
      .tech-chip { font-size: 11px; padding: 3px 10px; border-radius: 12px; display: inline-block; margin: 2px; }
      .tc-match { background: #dcfce7; color: #166534; }
      .tc-miss  { background: #fee2e2; color: #991b1b; }
      .not-obs { padding: 12px 16px; background: #f9fafb; border: 1px solid #e5e7eb; border-radius: 6px; font-size: 12px; color: #6b7280; }
      .footer { font-size: 11px; color: #9ca3af; text-align: center; padding-top: 24px; border-top: 1px solid #e5e7eb; margin-top: 40px; }
      @media print {
        body { padding: 20px; }
        .no-print { display: none; }
        @page { margin: 1.5cm; }
      }
    </style>
    </head>
    <body>·
    <div class=\"no-print\" style=\"background:#fef9c3;border:1px solid #fde68a;border-radius:6px;padding:10px 16px;margin-bottom:24px;font-size:12px;color:#92400e\">
      To export as PDF: use your browser's <strong>Print</strong> function and choose <strong>Save as PDF</strong>.
    </div>·
    <h1>Role — Candidate Scorecard</h1>
    <h2>Candidate · Generated 6 May 2026</h2>·
    <div class=\"verdict-block\">
      <div class=\"verdict-badge\">REVIEW</div>
      <div class=\"verdict-summary\">Candidate has good baseline skills.</div>
    </div>·
    <div class=\"pill-row\">
      <span class=\"pill\" style=\"background:#6b72801a;color:#6b7280\">Fit: —</span>
      <span class=\"pill\" style=\"background:#eff6ff;color:#1d4ed8\">Score: 0/100</span>
      <span class=\"pill\" style=\"background:#dc26261a;color:#dc2626\">Fraud: CLEAN</span>······
    </div>·
    <!-- ─── HR SECTION ───────────────────────────────────── -->
    <span class=\"section-label sl-hr\">HR Summary</span>·
    <div class=\"two-col\">
      <div class=\"box\">
        <h3 style=\"margin-top:0\">Strengths</h3>
        <ul><li>NestJS</li></ul>
      </div>
      <div class=\"box\">
        <h3 style=\"margin-top:0\">Risks</h3>
        <ul><li style=\"color:#9ca3af\">None recorded</li></ul>
      </div>
    </div>···
    <hr class=\"divider\">·
    <!-- ─── TECHNICAL SECTION ─────────────────────────────── -->
    <span class=\"section-label sl-cto\">Technical Deep-Dive</span>·
    <div class=\"box\" style=\"margin-bottom:20px\"><p style=\"font-size:13px;font-family:monospace;color:#374151\">Scored 80% on tech matching.</p></div>·
    <h3>Contribution Stats</h3>
    <div class=\"stat-grid\">
      <div class=\"stat-box\"><div class=\"stat-n\">—</div><div class=\"stat-l\">Commits</div></div>
      <div class=\"stat-box\"><div class=\"stat-n\">—</div><div class=\"stat-l\">Pull Requests</div></div>
      <div class=\"stat-box\"><div class=\"stat-n\">—</div><div class=\"stat-l\">Reviews</div></div>
      <div class=\"stat-box\"><div class=\"stat-n\">—</div><div class=\"stat-l\">Account Age</div></div>
    </div>·········
    <hr class=\"divider\">·
    <!-- ─── GAP ANALYSIS ────────────────────────────────────── -->
    <span class=\"section-label\" style=\"background:#f3f4f6;color:#374151\">Gap Analysis</span>·
    <h3>Technology Match</h3>
    <div class=\"two-col\">
      <div class=\"box\">
        <strong style=\"font-size:11px;color:#166534;text-transform:uppercase;letter-spacing:.06em\">Matched</strong>
        <div style=\"margin-top:8px\"><span style=\"font-size:12px;color:#9ca3af\">None</span></div>
      </div>
      <div class=\"box\">
        <strong style=\"font-size:11px;color:#991b1b;text-transform:uppercase;letter-spacing:.06em\">Missing</strong>
        <div style=\"margin-top:8px\"><span style=\"font-size:12px;color:#9ca3af\">None</span></div>
      </div>
    </div>···
    <h3>Not Observable via GitHub</h3>
    <div class=\"not-obs\">The following cannot be assessed from code signals alone and require interview assessment: Communication quality · System design thinking · Management capability · Cultural fit · Attitude under pressure · Interview performance.</div>·
    <div class=\"footer\">
      Generated by Colosseum — proof-of-talent hiring platform<br>
      Snapshot captured: Unknown · Exported: 2026-05-06T02:51:22.444Z
    </div>
    </body></html>"

      47 |   it('case 45: render() output contains all probe questions from gaps', () => {
      48 |     const html = service.render(generateMockApp());
    > 49 |     expect(html).toContain('How would you containerize Node?');
         |                  ^
      50 |   });
      51 |
      52 |   it('case 46: render() output contains both hrSummary and technicalSummary', () => {

      at Object.<anonymous> (modules/applicants/scorecard-renderer.service.spec.ts:49:18)

  ● ScorecardRendererService › case 47: render() contains @media print CSS rule

    expect(received).toContain(expected) // indexOf

    Expected substring: "window.print()"
    Received string:    "<!DOCTYPE html>
    <html lang=\"en\">
    <head>
    <meta charset=\"UTF-8\">
    <title>Scorecard — Role — Candidate</title>
    <style>
      *, *::before, *::after { box-sizing: border-box; margin: 0; padding: 0; }
      body { font-family: -apple-system, BlinkMacSystemFont, 'Segoe UI', sans-serif; font-size: 14px; color: #111; background: #fff; padding: 40px; max-width: 900px; margin: 0 auto; }
      h1 { font-size: 22px; font-weight: 800; color: #111; }
      h2 { font-size: 11px; font-weight: 600; color: #6b7280; text-transform: uppercase; letter-spacing: .08em; margin-bottom: 24px; }
      h3 { font-size: 13px; font-weight: 700; text-transform: uppercase; letter-spacing: .07em; color: #374151; margin: 28px 0 12px; padding-bottom: 6px; border-bottom: 2px solid #f3f4f6; }
      .verdict-block { display: flex; align-items: center; gap: 20px; padding: 18px 22px; border-radius: 10px; border: 2px solid #d9770633; background: #d977060d; margin: 20px 0; }
      .verdict-badge { font-size: 20px; font-weight: 900; color: #d97706; white-space: nowrap; }
      .verdict-summary { font-size: 14px; color: #374151; line-height: 1.6; }
      .pill-row { display: flex; gap: 10px; flex-wrap: wrap; margin-bottom: 20px; }
      .pill { font-size: 11px; font-weight: 600; padding: 4px 12px; border-radius: 20px; }
      .two-col { display: grid; grid-template-columns: 1fr 1fr; gap: 16px; margin-bottom: 16px; }
      .box { background: #f9fafb; border: 1px solid #e5e7eb; border-radius: 8px; padding: 14px; }
      ul { list-style: none; padding: 0; }
      li { padding: 3px 0 3px 16px; font-size: 13px; color: #374151; position: relative; }
      li::before { content: '·'; position: absolute; left: 0; color: #9ca3af; font-weight: 900; }
      .stat-grid { display: grid; grid-template-columns: repeat(4, 1fr); gap: 12px; margin-bottom: 20px; }
      .stat-box { background: #f9fafb; border: 1px solid #e5e7eb; border-radius: 8px; padding: 12px; text-align: center; }
      .stat-n { font-size: 24px; font-weight: 800; font-family: monospace; color: #111; }
      .stat-l { font-size: 10px; color: #6b7280; text-transform: uppercase; letter-spacing: .06em; margin-top: 2px; }
      table { width: 100%; border-collapse: collapse; font-size: 12px; margin-bottom: 16px; }
      th { font-size: 10px; font-weight: 600; color: #6b7280; text-transform: uppercase; letter-spacing: .06em; padding: 8px 10px; border-bottom: 2px solid #e5e7eb; text-align: left; background: #f9fafb; }
      td { padding: 8px 10px; border-bottom: 1px solid #f3f4f6; vertical-align: top; }
      tr:last-child td { border-bottom: none; }
      .repo-card { background: #f9fafb; border: 1px solid #e5e7eb; border-radius: 6px; padding: 10px 14px; margin-bottom: 8px; }
      .divider { border: none; border-top: 3px solid #f3f4f6; margin: 32px 0; }
      .section-label { display: inline-block; font-size: 10px; font-weight: 700; text-transform: uppercase; letter-spacing: .08em; padding: 3px 10px; border-radius: 4px; margin-bottom: 18px; }
      .sl-hr  { background: #eff6ff; color: #1d4ed8; }
      .sl-cto { background: #fef3c7; color: #92400e; }
      .tech-chip { font-size: 11px; padding: 3px 10px; border-radius: 12px; display: inline-block; margin: 2px; }
      .tc-match { background: #dcfce7; color: #166534; }
      .tc-miss  { background: #fee2e2; color: #991b1b; }
      .not-obs { padding: 12px 16px; background: #f9fafb; border: 1px solid #e5e7eb; border-radius: 6px; font-size: 12px; color: #6b7280; }
      .footer { font-size: 11px; color: #9ca3af; text-align: center; padding-top: 24px; border-top: 1px solid #e5e7eb; margin-top: 40px; }
      @media print {
        body { padding: 20px; }
        .no-print { display: none; }
        @page { margin: 1.5cm; }
      }
    </style>
    </head>
    <body>·
    <div class=\"no-print\" style=\"background:#fef9c3;border:1px solid #fde68a;border-radius:6px;padding:10px 16px;margin-bottom:24px;font-size:12px;color:#92400e\">
      To export as PDF: use your browser's <strong>Print</strong> function and choose <strong>Save as PDF</strong>.
    </div>·
    <h1>Role — Candidate Scorecard</h1>
    <h2>Candidate · Generated 6 May 2026</h2>·
    <div class=\"verdict-block\">
      <div class=\"verdict-badge\">REVIEW</div>
      <div class=\"verdict-summary\">Candidate has good baseline skills.</div>
    </div>·
    <div class=\"pill-row\">
      <span class=\"pill\" style=\"background:#6b72801a;color:#6b7280\">Fit: —</span>
      <span class=\"pill\" style=\"background:#eff6ff;color:#1d4ed8\">Score: 0/100</span>
      <span class=\"pill\" style=\"background:#dc26261a;color:#dc2626\">Fraud: CLEAN</span>······
    </div>·
    <!-- ─── HR SECTION ───────────────────────────────────── -->
    <span class=\"section-label sl-hr\">HR Summary</span>·
    <div class=\"two-col\">
      <div class=\"box\">
        <h3 style=\"margin-top:0\">Strengths</h3>
        <ul><li>NestJS</li></ul>
      </div>
      <div class=\"box\">
        <h3 style=\"margin-top:0\">Risks</h3>
        <ul><li style=\"color:#9ca3af\">None recorded</li></ul>
      </div>
    </div>···
    <hr class=\"divider\">·
    <!-- ─── TECHNICAL SECTION ─────────────────────────────── -->
    <span class=\"section-label sl-cto\">Technical Deep-Dive</span>·
    <div class=\"box\" style=\"margin-bottom:20px\"><p style=\"font-size:13px;font-family:monospace;color:#374151\">Scored 80% on tech matching.</p></div>·
    <h3>Contribution Stats</h3>
    <div class=\"stat-grid\">
      <div class=\"stat-box\"><div class=\"stat-n\">—</div><div class=\"stat-l\">Commits</div></div>
      <div class=\"stat-box\"><div class=\"stat-n\">—</div><div class=\"stat-l\">Pull Requests</div></div>
      <div class=\"stat-box\"><div class=\"stat-n\">—</div><div class=\"stat-l\">Reviews</div></div>
      <div class=\"stat-box\"><div class=\"stat-n\">—</div><div class=\"stat-l\">Account Age</div></div>
    </div>·········
    <hr class=\"divider\">·
    <!-- ─── GAP ANALYSIS ────────────────────────────────────── -->
    <span class=\"section-label\" style=\"background:#f3f4f6;color:#374151\">Gap Analysis</span>·
    <h3>Technology Match</h3>
    <div class=\"two-col\">
      <div class=\"box\">
        <strong style=\"font-size:11px;color:#166534;text-transform:uppercase;letter-spacing:.06em\">Matched</strong>
        <div style=\"margin-top:8px\"><span style=\"font-size:12px;color:#9ca3af\">None</span></div>
      </div>
      <div class=\"box\">
        <strong style=\"font-size:11px;color:#991b1b;text-transform:uppercase;letter-spacing:.06em\">Missing</strong>
        <div style=\"margin-top:8px\"><span style=\"font-size:12px;color:#9ca3af\">None</span></div>
      </div>
    </div>···
    <h3>Not Observable via GitHub</h3>
    <div class=\"not-obs\">The following cannot be assessed from code signals alone and require interview assessment: Communication quality · System design thinking · Management capability · Cultural fit · Attitude under pressure · Interview performance.</div>·
    <div class=\"footer\">
      Generated by Colosseum — proof-of-talent hiring platform<br>
      Snapshot captured: Unknown · Exported: 2026-05-06T02:51:22.451Z
    </div>
    </body></html>"

      59 |     const html = service.render(generateMockApp());
      60 |     expect(html).toContain('@media print');
    > 61 |     expect(html).toContain('window.print()');
         |                  ^
      62 |   });
      63 | });
      64 |

      at Object.<anonymous> (modules/applicants/scorecard-renderer.service.spec.ts:61:18)

FAIL src/modules/applicants/applicants.service.spec.ts
  ● ApplicantsService › advanceStage › case 32: APPLIED → INTERVIEW_HR (skip REVIEWED): throws 400

    expect(received).rejects.toThrow(expected)

    Expected constructor: BadRequestException
    Received constructor: TypeError

    Received message: "this.interviewQuestionService.generateForApplication is not a function"

          184 |     // 2. INTERVIEW QUESTION TRIGGER (Fire and forget)
          185 |     if (nextStage.startsWith('INTERVIEW_')) {
        > 186 |       this.interviewQuestionService.generateForApplication(appId, nextStage).catch(err => 
              |                                     ^
          187 |         this.logger.error(`Deferred question generation failed for ${appId}: ${err.message}`)
          188 |       );
          189 |     }

      at ApplicantsService.advanceStage (modules/applicants/applicants.service.ts:186:37)
      at Object.<anonymous> (modules/applicants/applicants.service.spec.ts:154:7)
      at Object.toThrow (../node_modules/expect/build/index.js:2155:20)
      at Object.<anonymous> (modules/applicants/applicants.service.spec.ts:155:18)

  ● ApplicantsService › advanceStage › case 35: Advancing to INTERVIEW_HR triggers generation with hr

    TypeError: this.interviewQuestionService.generateForApplication is not a function

      184 |     // 2. INTERVIEW QUESTION TRIGGER (Fire and forget)
      185 |     if (nextStage.startsWith('INTERVIEW_')) {
    > 186 |       this.interviewQuestionService.generateForApplication(appId, nextStage).catch(err => 
          |                                     ^
      187 |         this.logger.error(`Deferred question generation failed for ${appId}: ${err.message}`)
      188 |       );
      189 |     }

      at ApplicantsService.advanceStage (modules/applicants/applicants.service.ts:186:37)
      at Object.<anonymous> (modules/applicants/applicants.service.spec.ts:188:7)

  ● ApplicantsService › advanceStage › case 36: Advancing to INTERVIEW_TECHNICAL triggers generation with technical

    TypeError: this.interviewQuestionService.generateForApplication is not a function

      184 |     // 2. INTERVIEW QUESTION TRIGGER (Fire and forget)
      185 |     if (nextStage.startsWith('INTERVIEW_')) {
    > 186 |       this.interviewQuestionService.generateForApplication(appId, nextStage).catch(err => 
          |                                     ^
      187 |         this.logger.error(`Deferred question generation failed for ${appId}: ${err.message}`)
      188 |       );
      189 |     }

      at ApplicantsService.advanceStage (modules/applicants/applicants.service.ts:186:37)
      at Object.<anonymous> (modules/applicants/applicants.service.spec.ts:200:7)

  ● ApplicantsService › advanceStage › case 37: Advancing to INTERVIEW_FINAL triggers generation with final

    TypeError: this.interviewQuestionService.generateForApplication is not a function

      184 |     // 2. INTERVIEW QUESTION TRIGGER (Fire and forget)
      185 |     if (nextStage.startsWith('INTERVIEW_')) {
    > 186 |       this.interviewQuestionService.generateForApplication(appId, nextStage).catch(err => 
          |                                     ^
      187 |         this.logger.error(`Deferred question generation failed for ${appId}: ${err.message}`)
      188 |       );
      189 |     }

      at ApplicantsService.advanceStage (modules/applicants/applicants.service.ts:186:37)
      at Object.<anonymous> (modules/applicants/applicants.service.spec.ts:212:7)

  ● ApplicantsService › advanceStage › case 39: interviewQuestions field is an array; second advancement appends, does not overwrite

    TypeError: this.interviewQuestionService.generateForApplication is not a function

      184 |     // 2. INTERVIEW QUESTION TRIGGER (Fire and forget)
      185 |     if (nextStage.startsWith('INTERVIEW_')) {
    > 186 |       this.interviewQuestionService.generateForApplication(appId, nextStage).catch(err => 
          |                                     ^
      187 |         this.logger.error(`Deferred question generation failed for ${appId}: ${err.message}`)
      188 |       );
      189 |     }

      at ApplicantsService.advanceStage (modules/applicants/applicants.service.ts:186:37)
      at Object.<anonymous> (modules/applicants/applicants.service.spec.ts:238:7)

PASS src/modules/auth-candidate/auth.candidate.controller.spec.ts
PASS src/modules/github-sync/github-sync.controller.spec.ts
PASS src/modules/auth-candidate/auth.candidate.service.spec.ts
  ● Console

    console.log
      refresh token:  mock_token

      at AuthCandidateService.issueTokens (modules/auth-candidate/auth.candidate.service.ts:242:13)

    console.log
      access token:  mock_token

      at AuthCandidateService.issueTokens (modules/auth-candidate/auth.candidate.service.ts:243:13)

PASS src/modules/auth-candidate/auth.candidate.logic.spec.ts
PASS src/modules/vouchers/__tests__/vouches.service.spec.ts
PASS src/modules/scoring/github-adapter/github-adapter.service.spec.ts
PASS src/modules/scoring/__tests__/scoring-pipeline.spec.ts
PASS src/modules/github-sync/github-sync.service.spec.ts
PASS src/modules/scoring/web3-adapter/__tests__/solana-adapter.service.spec.ts
PASS src/modules/scoring/scoring-service/scoring.service.spec.ts
PASS src/modules/scoring/cache/cache.service.spec.ts
PASS src/modules/scoring/signal-extractor/__tests__/ecosystem-clarifier.service.spec.ts
PASS src/modules/scoring/github-adapter/octokit.factory.spec.ts
PASS src/modules/scoring/web3-merge/__tests__/web3-merge.service.spec.ts
PASS src/modules/vouchers/__tests__/voucher-quality.service.spec.ts
PASS src/modules/scoring/decision-card/decision-card.service.spec.ts
PASS src/modules/scoring/signal-extractor/__tests__/stack-fingerprint.service.spec.ts
PASS src/modules/scoring/gap-analysis/gap-analysis.service.spec.ts
PASS src/modules/scoring/signal-extractor/signal-extractor.service.spec.ts
PASS src/modules/scoring/signal-extractor/__tests__/signal-extractor.service.spec.ts
PASS src/modules/scoring/types/result.types.spec.ts
[31m[Nest] 527589  - [39m05/06/2026, 6:51:23 AM [31m  ERROR[39m [38;5;3m[HeliusWebhookService] [39mObject(2) {
  txSignature: [32m'sig1'[39m,
  err: [32m'DB error'[39m
}
Unhandled error in confirmVouchFromWebhook
PASS src/modules/vouchers/helius-webhook.service.spec.ts
PASS src/modules/scoring/signal-extractor/__tests__/signal-extraction-integration.spec.ts
[95m[Nest] 527589  - [39m05/06/2026, 6:51:23 AM [95m  DEBUG[39m [38;5;3m[HeliusWebhookService] [39mObject(3) {
  txSignature: [32m'sig_abc123'[39m,
  candidate: [32m'alice'[39m,
  feePayer: [32m'VoucherWallet111'[39m
}
[95m[Nest] 527589  - [39m05/06/2026, 6:51:23 AM [95m  DEBUG[39m [38;5;3m[HeliusWebhookService] [39m[95mhelius_vouch_tx_received[39m
[95m[Nest] 527589  - [39m05/06/2026, 6:51:23 AM [95m  DEBUG[39m [38;5;3m[HeliusWebhookService] [39mObject(3) {
  txSignature: [32m'sig_abc123'[39m,
  candidate: [32m'alice'[39m,
  feePayer: [32m'VoucherWallet111'[39m
}
[95m[Nest] 527589  - [39m05/06/2026, 6:51:23 AM [95m  DEBUG[39m [38;5;3m[HeliusWebhookService] [39m[95mhelius_vouch_tx_received[39m
[95m[Nest] 527589  - [39m05/06/2026, 6:51:23 AM [95m  DEBUG[39m [38;5;3m[HeliusWebhookService] [39mObject(3) {
  txSignature: [32m'sig_abc123'[39m,
  candidate: [32m'alice'[39m,
  feePayer: [32m'VoucherWallet111'[39m
}
[95m[Nest] 527589  - [39m05/06/2026, 6:51:23 AM [95m  DEBUG[39m [38;5;3m[HeliusWebhookService] [39m[95mhelius_vouch_tx_received[39m
[95m[Nest] 527589  - [39m05/06/2026, 6:51:23 AM [95m  DEBUG[39m [38;5;3m[HeliusWebhookService] [39mObject(3) {
  txSignature: [32m'sig1'[39m,
  candidate: [32m'alice'[39m,
  feePayer: [32m'VoucherWallet111'[39m
}
[95m[Nest] 527589  - [39m05/06/2026, 6:51:23 AM [95m  DEBUG[39m [38;5;3m[HeliusWebhookService] [39m[95mhelius_vouch_tx_received[39m
[95m[Nest] 527589  - [39m05/06/2026, 6:51:23 AM [95m  DEBUG[39m [38;5;3m[HeliusWebhookService] [39mObject(3) {
  txSignature: [32m'sig2'[39m,
  candidate: [32m'bob'[39m,
  feePayer: [32m'VoucherWallet111'[39m
}
[95m[Nest] 527589  - [39m05/06/2026, 6:51:23 AM [95m  DEBUG[39m [38;5;3m[HeliusWebhookService] [39m[95mhelius_vouch_tx_received[39m
[06:51:23.495] INFO (527570): AnalyticsController {/analytics}: {"context":"RoutesResolver"}
[06:51:23.497] INFO (527570): Mapped {/analytics/dashboard, GET} route {"context":"RouterExplorer"}
[06:51:23.497] INFO (527570): ApplicantsController {/applications}: {"context":"RoutesResolver"}
[06:51:23.497] INFO (527570): Mapped {/applications/me/gap-preview, GET} route {"context":"RouterExplorer"}
[06:51:23.497] INFO (527570): Mapped {/applications/me/:jobId, POST} route {"context":"RouterExplorer"}
[06:51:23.498] INFO (527570): Mapped {/applications/me, GET} route {"context":"RouterExplorer"}
[06:51:23.498] INFO (527570): Mapped {/applications/hr/jobs/:jobId, GET} route {"context":"RouterExplorer"}
[06:51:23.498] INFO (527570): Mapped {/applications/hr/:appId, GET} route {"context":"RouterExplorer"}
[06:51:23.498] INFO (527570): Mapped {/applications/hr/:appId/decision, PATCH} route {"context":"RouterExplorer"}
[06:51:23.499] INFO (527570): Mapped {/applications/hr/:appId/scorecard, GET} route {"context":"RouterExplorer"}
[06:51:23.499] INFO (527570): Mapped {/applications/hr/:appId/stage, PATCH} route {"context":"RouterExplorer"}
[06:51:23.499] INFO (527570): Mapped {/applications/hr/:appId/interview-questions, GET} route {"context":"RouterExplorer"}
[06:51:23.499] INFO (527570): ScorecardController {/api/scorecard}: {"context":"RoutesResolver"}
[06:51:23.499] INFO (527570): Mapped {/api/scorecard/mock/preview, POST} route {"context":"RouterExplorer"}
[06:51:23.499] INFO (527570): Mapped {/api/scorecard/mock/preview/raw, POST} route {"context":"RouterExplorer"}
[06:51:23.500] INFO (527570): Mapped {/api/scorecard/me, GET} route {"context":"RouterExplorer"}
[06:51:23.500] INFO (527570): Mapped {/api/scorecard/:username, GET} route {"context":"RouterExplorer"}
[06:51:23.500] INFO (527570): Mapped {/api/scorecard/me/raw, GET} route {"context":"RouterExplorer"}
[06:51:23.500] INFO (527570): Mapped {/api/scorecard/:username/raw, GET} route {"context":"RouterExplorer"}
[06:51:23.500] INFO (527570): MockController {/api/mock}: {"context":"RoutesResolver"}
[06:51:23.500] INFO (527570): Mapped {/api/mock/analysis/wallet, GET} route {"context":"RouterExplorer"}
[06:51:23.500] INFO (527570): Mapped {/api/mock/analysis/github-only, GET} route {"context":"RouterExplorer"}
[06:51:23.500] INFO (527570): Mapped {/api/mock/analysis/wallet-only, GET} route {"context":"RouterExplorer"}
[06:51:23.500] INFO (527570): Mapped {/api/mock/analysis, GET} route {"context":"RouterExplorer"}
[06:51:23.501] INFO (527570): Mapped {/api/mock/viewer, GET} route {"context":"RouterExplorer"}
[06:51:23.501] INFO (527570): AnalysisController {/api/analysis}: {"context":"RoutesResolver"}
[06:51:23.501] INFO (527570): Mapped {/api/analysis, POST} route {"context":"RouterExplorer"}
[06:51:23.501] INFO (527570): Mapped {/api/analysis/recompute, POST} route {"context":"RouterExplorer"}
[06:51:23.501] INFO (527570): Mapped {/api/analysis/:jobId/status, GET} route {"context":"RouterExplorer"}
[06:51:23.501] INFO (527570): Mapped {/api/analysis/:jobId/result, GET} route {"context":"RouterExplorer"}
[06:51:23.501] INFO (527570): GithubSyncController {/sync/github}: {"context":"RoutesResolver"}
[06:51:23.501] INFO (527570): Mapped {/sync/github/connect, GET} route {"context":"RouterExplorer"}
[06:51:23.501] INFO (527570): Mapped {/sync/github/connect/callback, GET} route {"context":"RouterExplorer"}
[06:51:23.502] INFO (527570): Mapped {/sync/github, POST} route {"context":"RouterExplorer"}
[06:51:23.502] INFO (527570): Mapped {/sync/github/status, GET} route {"context":"RouterExplorer"}
[06:51:23.502] INFO (527570): JobsController {/jobs}: {"context":"RoutesResolver"}
[06:51:23.502] INFO (527570): Mapped {/jobs, GET} route {"context":"RouterExplorer"}
[06:51:23.502] INFO (527570): Mapped {/jobs/me, GET} route {"context":"RouterExplorer"}
[06:51:23.502] INFO (527570): Mapped {/jobs/:id, GET} route {"context":"RouterExplorer"}
[06:51:23.502] INFO (527570): Mapped {/jobs/draft, POST} route {"context":"RouterExplorer"}
[06:51:23.502] INFO (527570): Mapped {/jobs/:id/parse-jd, POST} route {"context":"RouterExplorer"}
[06:51:23.503] INFO (527570): Mapped {/jobs/:id/confirm-requirements, POST} route {"context":"RouterExplorer"}
[06:51:23.503] INFO (527570): Mapped {/jobs/:id/publish, POST} route {"context":"RouterExplorer"}
[06:51:23.503] INFO (527570): Mapped {/jobs/:id/close, POST} route {"context":"RouterExplorer"}
[06:51:23.503] INFO (527570): AuthEmployerController {/auth/employer}: {"context":"RoutesResolver"}
[06:51:23.503] INFO (527570): Mapped {/auth/employer/login, POST} route {"context":"RouterExplorer"}
[06:51:23.503] INFO (527570): Mapped {/auth/employer/logout, POST} route {"context":"RouterExplorer"}
[06:51:23.503] INFO (527570): AuthCandidateController {/auth/candidate}: {"context":"RoutesResolver"}
[06:51:23.503] INFO (527570): Mapped {/auth/candidate/register, POST} route {"context":"RouterExplorer"}
[06:51:23.503] INFO (527570): Mapped {/auth/candidate/verify-email, POST} route {"context":"RouterExplorer"}
[06:51:23.504] INFO (527570): Mapped {/auth/candidate/login, POST} route {"context":"RouterExplorer"}
[06:51:23.504] INFO (527570): Mapped {/auth/candidate/logout, POST} route {"context":"RouterExplorer"}
[06:51:23.504] INFO (527570): Mapped {/auth/candidate/github, GET} route {"context":"RouterExplorer"}
[06:51:23.504] INFO (527570): Mapped {/auth/candidate/github/callback, GET} route {"context":"RouterExplorer"}
[06:51:23.504] INFO (527570): Mapped {/auth/candidate/google, GET} route {"context":"RouterExplorer"}
[06:51:23.504] INFO (527570): Mapped {/auth/candidate/google/callback, GET} route {"context":"RouterExplorer"}
[06:51:23.504] INFO (527570): Mapped {/auth/candidate/onboarding, POST} route {"context":"RouterExplorer"}
[06:51:23.504] INFO (527570): Mapped {/auth/candidate/github/link, GET} route {"context":"RouterExplorer"}
[06:51:23.504] INFO (527570): Mapped {/auth/candidate/github/link/callback, GET} route {"context":"RouterExplorer"}
[06:51:23.504] INFO (527570): Mapped {/auth/candidate/google/link, GET} route {"context":"RouterExplorer"}
[06:51:23.504] INFO (527570): Mapped {/auth/candidate/google/link/callback, GET} route {"context":"RouterExplorer"}
[06:51:23.505] INFO (527570): Mapped {/auth/candidate/refresh, POST} route {"context":"RouterExplorer"}
[06:51:23.505] INFO (527570): Mapped {/auth/candidate/mfa/setup, GET} route {"context":"RouterExplorer"}
[06:51:23.505] INFO (527570): Mapped {/auth/candidate/mfa/activate, POST} route {"context":"RouterExplorer"}
[06:51:23.505] INFO (527570): Mapped {/auth/candidate/mfa/verify, POST} route {"context":"RouterExplorer"}
[06:51:23.505] INFO (527570): Mapped {/auth/candidate/mfa/verify-recovery, POST} route {"context":"RouterExplorer"}
[06:51:23.505] INFO (527570): CompaniesController {/me/company}: {"context":"RoutesResolver"}
[06:51:23.505] INFO (527570): Mapped {/me/company, GET} route {"context":"RouterExplorer"}
[06:51:23.505] INFO (527570): HealthController {/health}: {"context":"RoutesResolver"}
[06:51:23.505] INFO (527570): Mapped {/health, GET} route {"context":"RouterExplorer"}
[06:51:23.505] INFO (527570): ProfileController {/me/user}: {"context":"RoutesResolver"}
[06:51:23.505] INFO (527570): Mapped {/me/user, GET} route {"context":"RouterExplorer"}
[06:51:23.505] INFO (527570): Mapped {/me/user, PATCH} route {"context":"RouterExplorer"}
[06:51:23.506] INFO (527570): Mapped {/me/user, DELETE} route {"context":"RouterExplorer"}
[06:51:23.506] INFO (527570): Mapped {/me/user/candidate, GET} route {"context":"RouterExplorer"}
[06:51:23.506] INFO (527570): Mapped {/me/user/candidate, PATCH} route {"context":"RouterExplorer"}
[06:51:23.506] INFO (527570): Mapped {/me/user/github, GET} route {"context":"RouterExplorer"}
[06:51:23.506] INFO (527570): Mapped {/me/user/wallet, GET} route {"context":"RouterExplorer"}
[06:51:23.506] INFO (527570): VouchesController {/vouch}: {"context":"RoutesResolver"}
[06:51:23.506] INFO (527570): Mapped {/vouch/confirm, POST} route {"context":"RouterExplorer"}
[06:51:23.506] INFO (527570): Mapped {/vouch/:id, DELETE} route {"context":"RouterExplorer"}
[06:51:23.506] INFO (527570): Mapped {/vouch/webhooks/helius, POST} route {"context":"RouterExplorer"}
[06:51:23.506] INFO (527570): ActionsController {/api/actions}: {"context":"RoutesResolver"}
[06:51:23.506] INFO (527570): Mapped {/api/actions/vouch/:username, GET} route {"context":"RouterExplorer"}
[06:51:23.507] INFO (527570): Mapped {/api/actions/vouch/:username, POST} route {"context":"RouterExplorer"}
[06:51:23.507] INFO (527570): WalletSyncController {/sync/wallet}: {"context":"RoutesResolver"}
[06:51:23.507] INFO (527570): Mapped {/sync/wallet/challenge, GET} route {"context":"RouterExplorer"}
[06:51:23.507] INFO (527570): Mapped {/sync/wallet, POST} route {"context":"RouterExplorer"}
[06:51:23.507] INFO (527570): EscrowController {/escrow}: {"context":"RoutesResolver"}
[06:51:23.507] INFO (527570): Mapped {/escrow/init-params/:jobPostId, GET} route {"context":"RouterExplorer"}
[06:51:23.507] INFO (527570): Mapped {/escrow/confirm-funded, POST} route {"context":"RouterExplorer"}
[06:51:23.507] INFO (527570): Mapped {/escrow/set-candidate, POST} route {"context":"RouterExplorer"}
[06:51:23.507] INFO (527570): Mapped {/escrow/confirm-released, POST} route {"context":"RouterExplorer"}
[06:51:23.507] INFO (527570): Mapped {/escrow/confirm-refunded, POST} route {"context":"RouterExplorer"}
[06:51:23.507] INFO (527570): Mapped {/escrow/status/:jobPostId, GET} route {"context":"RouterExplorer"}
[06:51:23.593] INFO (527571): request completed {"req":{"id":1,"method":"POST","url":"/api/analysis/recompute","query":{},"params":{"path":["api","analysis","recompute"]},"headers":{"host":"127.0.0.1:39825","accept-encoding":"gzip, deflate","content-type":"application/json","content-length":"29","connection":"close"},"remoteAddress":"::ffff:127.0.0.1","remotePort":39038},"res":{"statusCode":403,"headers":{"x-powered-by":"Express","x-ratelimit-limit":"300","x-ratelimit-remaining":"299","x-ratelimit-reset":"60","content-type":"application/json; charset=utf-8","content-length":"84","etag":"W/\"54-GKW1lsP2p1jUQaL9WEUt/txS+24\""}},"responseTime":4}
[06:51:23.611] INFO (527570): Nest application successfully started {"context":"NestApplication"}
[31m[Nest] 527571  - [39m05/06/2026, 6:51:23 AM [31m  ERROR[39m [38;5;3m[ExceptionsHandler] [39mPrismaClientKnownRequestError: 
Invalid `this.prisma.analysisJob.findUnique()` invocation in
/home/arturo-clavero/16Signals/backend/src/modules/scoring/analysis/analysis.controller.ts:409:47

  406   }
  407 }
  408 
→ 409 const job = await this.prisma.analysisJob.findUnique(
The table `public.analysis_jobs` does not exist in the current database.
    at ei.handleRequestError [90m(/home/arturo-clavero/16Signals/backend/[39mnode_modules/[4m@prisma[24m/client/src/runtime/RequestHandler.ts:228:13[90m)[39m
    at ei.handleAndLogRequestError [90m(/home/arturo-clavero/16Signals/backend/[39mnode_modules/[4m@prisma[24m/client/src/runtime/RequestHandler.ts:174:12[90m)[39m
    at ei.request [90m(/home/arturo-clavero/16Signals/backend/[39mnode_modules/[4m@prisma[24m/client/src/runtime/RequestHandler.ts:143:12[90m)[39m
    at a [90m(/home/arturo-clavero/16Signals/backend/[39mnode_modules/[4m@prisma[24m/client/src/runtime/getPrismaClient.ts:833:24[90m)[39m
    at AnalysisController.getResult [90m(/home/arturo-clavero/16Signals/backend/[39msrc/modules/scoring/analysis/analysis.controller.ts:409:17[90m)[39m
    at [90m/home/arturo-clavero/16Signals/backend/[39mnode_modules/[4m@nestjs[24m/core/router/router-execution-context.js:46:28
    at [90m/home/arturo-clavero/16Signals/backend/[39mnode_modules/[4m@nestjs[24m/core/router/router-proxy.js:9:17 {
  code: [32m'P2021'[39m,
  meta: {
    modelName: [32m'AnalysisJob'[39m,
    table: [32m'public.analysis_jobs'[39m
  },
  clientVersion: [32m'6.19.0'[39m
}
FAIL src/__tests__/stage2-verification-plan.spec.ts
  ● Console

    console.log
      [Redis] Attempting to connect to 127.0.0.1:6379

      at InstanceWrapper.useFactory [as metatype] (redis/redis.provider.ts:9:13)
          at async Promise.all (index 3)
          at async Promise.all (index 7)

    console.log
      [Redis] Connected successfully

      at EventEmitter.<anonymous> (redis/redis.provider.ts:26:15)

  ● Stage 2 Verification Plan - Final Validation › VERIFICATION TEST V1 — Signal extraction › All 8 signals return valid values for 5 seed usernames

    PrismaClientKnownRequestError: 
    Invalid `prisma.cachedResult.deleteMany()` invocation in
    /home/arturo-clavero/16Signals/backend/src/__tests__/stage2-verification-plan.spec.ts:87:31

      84 prisma = app.get<PrismaService>(PrismaService);
      85 
      86 // Clean up
    → 87 await prisma.cachedResult.deleteMany(
    The table `public.CachedResult` does not exist in the current database.

      85 |
      86 |     // Clean up
    > 87 |     await prisma.cachedResult.deleteMany();
         |     ^
      88 |     await prisma.githubProfile.deleteMany();
      89 |     await prisma.developerCandidate.deleteMany();
      90 |     await prisma.candidate.deleteMany();

      at ei.handleRequestError (../node_modules/@prisma/client/src/runtime/RequestHandler.ts:228:13)
      at ei.handleAndLogRequestError (../node_modules/@prisma/client/src/runtime/RequestHandler.ts:174:12)
      at ei.request (../node_modules/@prisma/client/src/runtime/RequestHandler.ts:143:12)
      at a (../node_modules/@prisma/client/src/runtime/getPrismaClient.ts:833:24)
      at Object.<anonymous> (__tests__/stage2-verification-plan.spec.ts:87:5)

  ● Stage 2 Verification Plan - Final Validation › VERIFICATION TEST V2 — Capability scoring › Scores correlate with known profiles directionally

    PrismaClientKnownRequestError: 
    Invalid `prisma.cachedResult.deleteMany()` invocation in
    /home/arturo-clavero/16Signals/backend/src/__tests__/stage2-verification-plan.spec.ts:87:31

      84 prisma = app.get<PrismaService>(PrismaService);
      85 
      86 // Clean up
    → 87 await prisma.cachedResult.deleteMany(
    The table `public.CachedResult` does not exist in the current database.

      85 |
      86 |     // Clean up
    > 87 |     await prisma.cachedResult.deleteMany();
         |     ^
      88 |     await prisma.githubProfile.deleteMany();
      89 |     await prisma.developerCandidate.deleteMany();
      90 |     await prisma.candidate.deleteMany();

      at ei.handleRequestError (../node_modules/@prisma/client/src/runtime/RequestHandler.ts:228:13)
      at ei.handleAndLogRequestError (../node_modules/@prisma/client/src/runtime/RequestHandler.ts:174:12)
      at ei.request (../node_modules/@prisma/client/src/runtime/RequestHandler.ts:143:12)
      at a (../node_modules/@prisma/client/src/runtime/getPrismaClient.ts:833:24)
      at Object.<anonymous> (__tests__/stage2-verification-plan.spec.ts:87:5)

  ● Stage 2 Verification Plan - Final Validation › VERIFICATION TEST V3 — Confidence modifier › Developer with < 5 repos returns confidence: low across all dimensions

    PrismaClientKnownRequestError: 
    Invalid `prisma.cachedResult.deleteMany()` invocation in
    /home/arturo-clavero/16Signals/backend/src/__tests__/stage2-verification-plan.spec.ts:87:31

      84 prisma = app.get<PrismaService>(PrismaService);
      85 
      86 // Clean up
    → 87 await prisma.cachedResult.deleteMany(
    The table `public.CachedResult` does not exist in the current database.

      85 |
      86 |     // Clean up
    > 87 |     await prisma.cachedResult.deleteMany();
         |     ^
      88 |     await prisma.githubProfile.deleteMany();
      89 |     await prisma.developerCandidate.deleteMany();
      90 |     await prisma.candidate.deleteMany();

      at ei.handleRequestError (../node_modules/@prisma/client/src/runtime/RequestHandler.ts:228:13)
      at ei.handleAndLogRequestError (../node_modules/@prisma/client/src/runtime/RequestHandler.ts:174:12)
      at ei.request (../node_modules/@prisma/client/src/runtime/RequestHandler.ts:143:12)
      at a (../node_modules/@prisma/client/src/runtime/getPrismaClient.ts:833:24)
      at Object.<anonymous> (__tests__/stage2-verification-plan.spec.ts:87:5)

  ● Stage 2 Verification Plan - Final Validation › VERIFICATION TEST V5 — Cache miss › New username triggers full pipeline and sets cache on completion

    PrismaClientKnownRequestError: 
    Invalid `prisma.cachedResult.deleteMany()` invocation in
    /home/arturo-clavero/16Signals/backend/src/__tests__/stage2-verification-plan.spec.ts:87:31

      84 prisma = app.get<PrismaService>(PrismaService);
      85 
      86 // Clean up
    → 87 await prisma.cachedResult.deleteMany(
    The table `public.CachedResult` does not exist in the current database.

      85 |
      86 |     // Clean up
    > 87 |     await prisma.cachedResult.deleteMany();
         |     ^
      88 |     await prisma.githubProfile.deleteMany();
      89 |     await prisma.developerCandidate.deleteMany();
      90 |     await prisma.candidate.deleteMany();

      at ei.handleRequestError (../node_modules/@prisma/client/src/runtime/RequestHandler.ts:228:13)
      at ei.handleAndLogRequestError (../node_modules/@prisma/client/src/runtime/RequestHandler.ts:174:12)
      at ei.request (../node_modules/@prisma/client/src/runtime/RequestHandler.ts:143:12)
      at a (../node_modules/@prisma/client/src/runtime/getPrismaClient.ts:833:24)
      at Object.<anonymous> (__tests__/stage2-verification-plan.spec.ts:87:5)

  ● Stage 2 Verification Plan - Final Validation › VERIFICATION TEST V4 — Cache hit › Second request for same username returns immediately without re-queuing

    PrismaClientKnownRequestError: 
    Invalid `prisma.cachedResult.deleteMany()` invocation in
    /home/arturo-clavero/16Signals/backend/src/__tests__/stage2-verification-plan.spec.ts:87:31

      84 prisma = app.get<PrismaService>(PrismaService);
      85 
      86 // Clean up
    → 87 await prisma.cachedResult.deleteMany(
    The table `public.CachedResult` does not exist in the current database.

      85 |
      86 |     // Clean up
    > 87 |     await prisma.cachedResult.deleteMany();
         |     ^
      88 |     await prisma.githubProfile.deleteMany();
      89 |     await prisma.developerCandidate.deleteMany();
      90 |     await prisma.candidate.deleteMany();

      at ei.handleRequestError (../node_modules/@prisma/client/src/runtime/RequestHandler.ts:228:13)
      at ei.handleAndLogRequestError (../node_modules/@prisma/client/src/runtime/RequestHandler.ts:174:12)
      at ei.request (../node_modules/@prisma/client/src/runtime/RequestHandler.ts:143:12)
      at a (../node_modules/@prisma/client/src/runtime/getPrismaClient.ts:833:24)
      at Object.<anonymous> (__tests__/stage2-verification-plan.spec.ts:87:5)

  ● Stage 2 Verification Plan - Final Validation › VERIFICATION TEST V6 — Headless API › POST /analysis/recompute with seed username returns correct result schema

    PrismaClientKnownRequestError: 
    Invalid `prisma.cachedResult.deleteMany()` invocation in
    /home/arturo-clavero/16Signals/backend/src/__tests__/stage2-verification-plan.spec.ts:87:31

      84 prisma = app.get<PrismaService>(PrismaService);
      85 
      86 // Clean up
    → 87 await prisma.cachedResult.deleteMany(
    The table `public.CachedResult` does not exist in the current database.

      85 |
      86 |     // Clean up
    > 87 |     await prisma.cachedResult.deleteMany();
         |     ^
      88 |     await prisma.githubProfile.deleteMany();
      89 |     await prisma.developerCandidate.deleteMany();
      90 |     await prisma.candidate.deleteMany();

      at ei.handleRequestError (../node_modules/@prisma/client/src/runtime/RequestHandler.ts:228:13)
      at ei.handleAndLogRequestError (../node_modules/@prisma/client/src/runtime/RequestHandler.ts:174:12)
      at ei.request (../node_modules/@prisma/client/src/runtime/RequestHandler.ts:143:12)
      at a (../node_modules/@prisma/client/src/runtime/getPrismaClient.ts:833:24)
      at Object.<anonymous> (__tests__/stage2-verification-plan.spec.ts:87:5)

  ● Stage 2 Verification Plan - Final Validation › VERIFICATION TEST V7 — Private-heavy profile › Developer with high consistency + sparse repos gets confidence: low with private work note

    PrismaClientKnownRequestError: 
    Invalid `prisma.cachedResult.deleteMany()` invocation in
    /home/arturo-clavero/16Signals/backend/src/__tests__/stage2-verification-plan.spec.ts:87:31

      84 prisma = app.get<PrismaService>(PrismaService);
      85 
      86 // Clean up
    → 87 await prisma.cachedResult.deleteMany(
    The table `public.CachedResult` does not exist in the current database.

      85 |
      86 |     // Clean up
    > 87 |     await prisma.cachedResult.deleteMany();
         |     ^
      88 |     await prisma.githubProfile.deleteMany();
      89 |     await prisma.developerCandidate.deleteMany();
      90 |     await prisma.candidate.deleteMany();

      at ei.handleRequestError (../node_modules/@prisma/client/src/runtime/RequestHandler.ts:228:13)
      at ei.handleAndLogRequestError (../node_modules/@prisma/client/src/runtime/RequestHandler.ts:174:12)
      at ei.request (../node_modules/@prisma/client/src/runtime/RequestHandler.ts:143:12)
      at a (../node_modules/@prisma/client/src/runtime/getPrismaClient.ts:833:24)
      at Object.<anonymous> (__tests__/stage2-verification-plan.spec.ts:87:5)

  ● Stage 2 Verification Plan - Final Validation › VERIFICATION TEST V8 — Zero public data › Pipeline fails gracefully; job status: failed with clear reason

    PrismaClientKnownRequestError: 
    Invalid `prisma.cachedResult.deleteMany()` invocation in
    /home/arturo-clavero/16Signals/backend/src/__tests__/stage2-verification-plan.spec.ts:87:31

      84 prisma = app.get<PrismaService>(PrismaService);
      85 
      86 // Clean up
    → 87 await prisma.cachedResult.deleteMany(
    The table `public.CachedResult` does not exist in the current database.

      85 |
      86 |     // Clean up
    > 87 |     await prisma.cachedResult.deleteMany();
         |     ^
      88 |     await prisma.githubProfile.deleteMany();
      89 |     await prisma.developerCandidate.deleteMany();
      90 |     await prisma.candidate.deleteMany();

      at ei.handleRequestError (../node_modules/@prisma/client/src/runtime/RequestHandler.ts:228:13)
      at ei.handleAndLogRequestError (../node_modules/@prisma/client/src/runtime/RequestHandler.ts:174:12)
      at ei.request (../node_modules/@prisma/client/src/runtime/RequestHandler.ts:143:12)
      at a (../node_modules/@prisma/client/src/runtime/getPrismaClient.ts:833:24)
      at Object.<anonymous> (__tests__/stage2-verification-plan.spec.ts:87:5)

FAIL src/modules/scoring/__tests__/analysis-api.spec.ts
  ● Console

    console.log
      [Redis] Attempting to connect to 127.0.0.1:6379

      at InstanceWrapper.useFactory [as metatype] (redis/redis.provider.ts:9:13)
          at async Promise.all (index 3)
          at async Promise.all (index 6)

    console.log
      [Redis] Connected successfully

      at EventEmitter.<anonymous> (redis/redis.provider.ts:26:15)

  ● AnalysisController (integration) › POST /api/analysis/recompute › should fail without internal key

    PrismaClientKnownRequestError: 
    Invalid `prisma.user.deleteMany()` invocation in
    /home/arturo-clavero/16Signals/backend/src/modules/scoring/__tests__/analysis-api.spec.ts:41:23

      38 
      39 afterEach(async () => {
      40   // Cleanup users created in tests - cascading delete should handle profiles/candidates
    → 41   await prisma.user.deleteMany(
    The table `public.User` does not exist in the current database.

      39 |   afterEach(async () => {
      40 |     // Cleanup users created in tests - cascading delete should handle profiles/candidates
    > 41 |     await prisma.user.deleteMany({
         |     ^
      42 |       where: {
      43 |         OR: [
      44 |           { email: { contains: '_test@example.com' } },

      at ei.handleRequestError (../node_modules/@prisma/client/src/runtime/RequestHandler.ts:228:13)
      at ei.handleAndLogRequestError (../node_modules/@prisma/client/src/runtime/RequestHandler.ts:174:12)
      at ei.request (../node_modules/@prisma/client/src/runtime/RequestHandler.ts:143:12)
      at a (../node_modules/@prisma/client/src/runtime/getPrismaClient.ts:833:24)
      at Object.<anonymous> (modules/scoring/__tests__/analysis-api.spec.ts:41:5)

  ● AnalysisController (integration) › POST /api/analysis/recompute › should enqueue a job for a valid profile

    PrismaClientKnownRequestError: 
    Invalid `prisma.user.create()` invocation in
    /home/arturo-clavero/16Signals/backend/src/modules/scoring/__tests__/analysis-api.spec.ts:71:38

      68 const email = `torvalds_${ts}_test@example.com`;
      69 
      70 // 1. Create a dummy user/profile
    → 71 const user = await prisma.user.create(
    The table `public.User` does not exist in the current database.

      69 |
      70 |       // 1. Create a dummy user/profile
    > 71 |       const user = await prisma.user.create({
         |                    ^
      72 |         data: {
      73 |           username,
      74 |           email,

      at ei.handleRequestError (../node_modules/@prisma/client/src/runtime/RequestHandler.ts:228:13)
      at ei.handleAndLogRequestError (../node_modules/@prisma/client/src/runtime/RequestHandler.ts:174:12)
      at ei.request (../node_modules/@prisma/client/src/runtime/RequestHandler.ts:143:12)
      at a (../node_modules/@prisma/client/src/runtime/getPrismaClient.ts:833:24)
      at Object.<anonymous> (modules/scoring/__tests__/analysis-api.spec.ts:71:20)

  ● AnalysisController (integration) › POST /api/analysis/recompute › should enqueue a job for a valid profile

    PrismaClientKnownRequestError: 
    Invalid `prisma.user.deleteMany()` invocation in
    /home/arturo-clavero/16Signals/backend/src/modules/scoring/__tests__/analysis-api.spec.ts:41:23

      38 
      39 afterEach(async () => {
      40   // Cleanup users created in tests - cascading delete should handle profiles/candidates
    → 41   await prisma.user.deleteMany(
    The table `public.User` does not exist in the current database.

      39 |   afterEach(async () => {
      40 |     // Cleanup users created in tests - cascading delete should handle profiles/candidates
    > 41 |     await prisma.user.deleteMany({
         |     ^
      42 |       where: {
      43 |         OR: [
      44 |           { email: { contains: '_test@example.com' } },

      at ei.handleRequestError (../node_modules/@prisma/client/src/runtime/RequestHandler.ts:228:13)
      at ei.handleAndLogRequestError (../node_modules/@prisma/client/src/runtime/RequestHandler.ts:174:12)
      at ei.request (../node_modules/@prisma/client/src/runtime/RequestHandler.ts:143:12)
      at a (../node_modules/@prisma/client/src/runtime/getPrismaClient.ts:833:24)
      at Object.<anonymous> (modules/scoring/__tests__/analysis-api.spec.ts:41:5)

  ● AnalysisController (integration) › POST /api/analysis/recompute › should return 400 for empty body

    PrismaClientKnownRequestError: 
    Invalid `prisma.user.deleteMany()` invocation in
    /home/arturo-clavero/16Signals/backend/src/modules/scoring/__tests__/analysis-api.spec.ts:41:23

      38 
      39 afterEach(async () => {
      40   // Cleanup users created in tests - cascading delete should handle profiles/candidates
    → 41   await prisma.user.deleteMany(
    The table `public.User` does not exist in the current database.

      39 |   afterEach(async () => {
      40 |     // Cleanup users created in tests - cascading delete should handle profiles/candidates
    > 41 |     await prisma.user.deleteMany({
         |     ^
      42 |       where: {
      43 |         OR: [
      44 |           { email: { contains: '_test@example.com' } },

      at ei.handleRequestError (../node_modules/@prisma/client/src/runtime/RequestHandler.ts:228:13)
      at ei.handleAndLogRequestError (../node_modules/@prisma/client/src/runtime/RequestHandler.ts:174:12)
      at ei.request (../node_modules/@prisma/client/src/runtime/RequestHandler.ts:143:12)
      at a (../node_modules/@prisma/client/src/runtime/getPrismaClient.ts:833:24)
      at Object.<anonymous> (modules/scoring/__tests__/analysis-api.spec.ts:41:5)

  ● AnalysisController (integration) › GET /api/analysis/:jobId/result › should return 404 if job not found in queue

    expect(received).toBe(expected) // Object.is equality

    Expected: 404
    Received: 500

      129 |       );
      130 |
    > 131 |       expect(response.status).toBe(404);
          |                               ^
      132 |     });
      133 |
      134 |     it('should return pending status with progress object parsing', async () => {

      at Object.<anonymous> (modules/scoring/__tests__/analysis-api.spec.ts:131:31)

  ● AnalysisController (integration) › GET /api/analysis/:jobId/result › should return 404 if job not found in queue

    PrismaClientKnownRequestError: 
    Invalid `prisma.user.deleteMany()` invocation in
    /home/arturo-clavero/16Signals/backend/src/modules/scoring/__tests__/analysis-api.spec.ts:41:23

      38 
      39 afterEach(async () => {
      40   // Cleanup users created in tests - cascading delete should handle profiles/candidates
    → 41   await prisma.user.deleteMany(
    The table `public.User` does not exist in the current database.

      39 |   afterEach(async () => {
      40 |     // Cleanup users created in tests - cascading delete should handle profiles/candidates
    > 41 |     await prisma.user.deleteMany({
         |     ^
      42 |       where: {
      43 |         OR: [
      44 |           { email: { contains: '_test@example.com' } },

      at ei.handleRequestError (../node_modules/@prisma/client/src/runtime/RequestHandler.ts:228:13)
      at ei.handleAndLogRequestError (../node_modules/@prisma/client/src/runtime/RequestHandler.ts:174:12)
      at ei.request (../node_modules/@prisma/client/src/runtime/RequestHandler.ts:143:12)
      at a (../node_modules/@prisma/client/src/runtime/getPrismaClient.ts:833:24)
      at Object.<anonymous> (modules/scoring/__tests__/analysis-api.spec.ts:41:5)

  ● AnalysisController (integration) › GET /api/analysis/:jobId/result › should return pending status with progress object parsing

    PrismaClientKnownRequestError: 
    Invalid `prisma.analysisJob.create()` invocation in
    /home/arturo-clavero/16Signals/backend/src/modules/scoring/__tests__/analysis-api.spec.ts:135:44

      132 });
      133 
      134 it('should return pending status with progress object parsing', async () => {
    → 135   const job = await prisma.analysisJob.create(
    The table `public.analysis_jobs` does not exist in the current database.

      133 |
      134 |     it('should return pending status with progress object parsing', async () => {
    > 135 |       const job = await prisma.analysisJob.create({
          |                   ^
      136 |         data: { status: 'processing', input: {} },
      137 |       });
      138 |

      at ei.handleRequestError (../node_modules/@prisma/client/src/runtime/RequestHandler.ts:228:13)
      at ei.handleAndLogRequestError (../node_modules/@prisma/client/src/runtime/RequestHandler.ts:174:12)
      at ei.request (../node_modules/@prisma/client/src/runtime/RequestHandler.ts:143:12)
      at a (../node_modules/@prisma/client/src/runtime/getPrismaClient.ts:833:24)
      at Object.<anonymous> (modules/scoring/__tests__/analysis-api.spec.ts:135:19)

  ● AnalysisController (integration) › GET /api/analysis/:jobId/result › should return pending status with progress object parsing

    PrismaClientKnownRequestError: 
    Invalid `prisma.user.deleteMany()` invocation in
    /home/arturo-clavero/16Signals/backend/src/modules/scoring/__tests__/analysis-api.spec.ts:41:23

      38 
      39 afterEach(async () => {
      40   // Cleanup users created in tests - cascading delete should handle profiles/candidates
    → 41   await prisma.user.deleteMany(
    The table `public.User` does not exist in the current database.

      39 |   afterEach(async () => {
      40 |     // Cleanup users created in tests - cascading delete should handle profiles/candidates
    > 41 |     await prisma.user.deleteMany({
         |     ^
      42 |       where: {
      43 |         OR: [
      44 |           { email: { contains: '_test@example.com' } },

      at ei.handleRequestError (../node_modules/@prisma/client/src/runtime/RequestHandler.ts:228:13)
      at ei.handleAndLogRequestError (../node_modules/@prisma/client/src/runtime/RequestHandler.ts:174:12)
      at ei.request (../node_modules/@prisma/client/src/runtime/RequestHandler.ts:143:12)
      at a (../node_modules/@prisma/client/src/runtime/getPrismaClient.ts:833:24)
      at Object.<anonymous> (modules/scoring/__tests__/analysis-api.spec.ts:41:5)

  ● AnalysisController (integration) › GET /api/analysis/:jobId/result › should return completed status with returnvalue

    PrismaClientKnownRequestError: 
    Invalid `prisma.analysisJob.create()` invocation in
    /home/arturo-clavero/16Signals/backend/src/modules/scoring/__tests__/analysis-api.spec.ts:152:44

      149 
      150 it('should return completed status with returnvalue', async () => {
      151   const mockResult = { summary: 'Passes integration' };
    → 152   const job = await prisma.analysisJob.create(
    The table `public.analysis_jobs` does not exist in the current database.

      150 |     it('should return completed status with returnvalue', async () => {
      151 |       const mockResult = { summary: 'Passes integration' };
    > 152 |       const job = await prisma.analysisJob.create({
          |                   ^
      153 |         data: { status: 'completed', result: mockResult, input: {} },
      154 |       });
      155 |

      at ei.handleRequestError (../node_modules/@prisma/client/src/runtime/RequestHandler.ts:228:13)
      at ei.handleAndLogRequestError (../node_modules/@prisma/client/src/runtime/RequestHandler.ts:174:12)
      at ei.request (../node_modules/@prisma/client/src/runtime/RequestHandler.ts:143:12)
      at a (../node_modules/@prisma/client/src/runtime/getPrismaClient.ts:833:24)
      at Object.<anonymous> (modules/scoring/__tests__/analysis-api.spec.ts:152:19)

  ● AnalysisController (integration) › GET /api/analysis/:jobId/result › should return completed status with returnvalue

    PrismaClientKnownRequestError: 
    Invalid `prisma.user.deleteMany()` invocation in
    /home/arturo-clavero/16Signals/backend/src/modules/scoring/__tests__/analysis-api.spec.ts:41:23

      38 
      39 afterEach(async () => {
      40   // Cleanup users created in tests - cascading delete should handle profiles/candidates
    → 41   await prisma.user.deleteMany(
    The table `public.User` does not exist in the current database.

      39 |   afterEach(async () => {
      40 |     // Cleanup users created in tests - cascading delete should handle profiles/candidates
    > 41 |     await prisma.user.deleteMany({
         |     ^
      42 |       where: {
      43 |         OR: [
      44 |           { email: { contains: '_test@example.com' } },

      at ei.handleRequestError (../node_modules/@prisma/client/src/runtime/RequestHandler.ts:228:13)
      at ei.handleAndLogRequestError (../node_modules/@prisma/client/src/runtime/RequestHandler.ts:174:12)
      at ei.request (../node_modules/@prisma/client/src/runtime/RequestHandler.ts:143:12)
      at a (../node_modules/@prisma/client/src/runtime/getPrismaClient.ts:833:24)
      at Object.<anonymous> (modules/scoring/__tests__/analysis-api.spec.ts:41:5)

[06:51:23.672] INFO (527571): request completed {"req":{"id":2,"method":"POST","url":"/api/analysis/recompute","query":{},"params":{"path":["api","analysis","recompute"]},"headers":{"host":"127.0.0.1:40067","accept-encoding":"gzip, deflate","x-internal-key":"test-internal-key","content-type":"application/json","content-length":"2","connection":"close"},"remoteAddress":"::ffff:127.0.0.1","remotePort":55604},"res":{"statusCode":400,"headers":{"x-powered-by":"Express","x-ratelimit-limit":"300","x-ratelimit-remaining":"298","x-ratelimit-reset":"60","content-type":"application/json; charset=utf-8","content-length":"71","etag":"W/\"47-PzgZyB9t6JfDSuCTGDX36oVdQkU\""}},"responseTime":3}
[06:51:23.684] INFO (527571): request errored {"req":{"id":3,"method":"GET","url":"/api/analysis/job-999/result","query":{},"params":{"path":["api","analysis","job-999","result"]},"headers":{"host":"127.0.0.1:44587","accept-encoding":"gzip, deflate","connection":"close"},"remoteAddress":"::ffff:127.0.0.1","remotePort":40746},"res":{"statusCode":500,"headers":{"x-powered-by":"Express","x-ratelimit-limit":"300","x-ratelimit-remaining":"299","x-ratelimit-reset":"60","content-type":"application/json; charset=utf-8","content-length":"52","etag":"W/\"34-rlKccw1E+/fV8niQk4oFitDfPro\""}},"responseTime":8}
    err: {
      "type": "Error",
      "message": "failed with status code 500",
      "stack":
          Error: failed with status code 500
              at onResFinished (/home/arturo-clavero/16Signals/backend/node_modules/pino-http/logger.js:115:39)
              at ServerResponse.onResponseComplete (/home/arturo-clavero/16Signals/backend/node_modules/pino-http/logger.js:178:14)
              at ServerResponse.emit (node:events:531:35)
              at onFinish (node:_http_outgoing:1082:10)
              at callback (node:internal/streams/writable:766:21)
              at afterWrite (node:internal/streams/writable:710:5)
              at afterWriteTick (node:internal/streams/writable:696:10)
              at processTicksAndRejections (node:internal/process/task_queues:89:21)
    }
FAIL src/modules/auth-candidate/auth.candidate.service.integration.spec.ts
  ● Console

    console.log
      [Redis] Attempting to connect to 127.0.0.1:6379

      at InstanceWrapper.useFactory [as metatype] (redis/redis.provider.ts:9:13)
          at async Promise.all (index 3)
          at async Promise.all (index 6)

    console.log
      [Redis] Connected successfully

      at EventEmitter.<anonymous> (redis/redis.provider.ts:26:15)

    console.log
      [Redis] Attempting to connect to 127.0.0.1:6379

      at InstanceWrapper.useFactory [as metatype] (redis/redis.provider.ts:9:13)
          at async Promise.all (index 3)
          at async Promise.all (index 6)

    console.log
      [Redis] Connected successfully

      at EventEmitter.<anonymous> (redis/redis.provider.ts:26:15)

    console.log
      [Redis] Attempting to connect to 127.0.0.1:6379

      at InstanceWrapper.useFactory [as metatype] (redis/redis.provider.ts:9:13)
          at async Promise.all (index 3)
          at async Promise.all (index 6)

    console.log
      [Redis] Connected successfully

      at EventEmitter.<anonymous> (redis/redis.provider.ts:26:15)

    console.log
      [Redis] Attempting to connect to 127.0.0.1:6379

      at InstanceWrapper.useFactory [as metatype] (redis/redis.provider.ts:9:13)
          at async Promise.all (index 3)
          at async Promise.all (index 6)

    console.log
      [Redis] Connected successfully

      at EventEmitter.<anonymous> (redis/redis.provider.ts:26:15)

    console.log
      [Redis] Attempting to connect to 127.0.0.1:6379

      at InstanceWrapper.useFactory [as metatype] (redis/redis.provider.ts:9:13)
          at async Promise.all (index 3)
          at async Promise.all (index 6)

    console.log
      [Redis] Connected successfully

      at EventEmitter.<anonymous> (redis/redis.provider.ts:26:15)

  ● AuthCandidateService (Integration) › Registration & Constraints › should prevent duplicate email registration

    PrismaClientKnownRequestError: 
    Invalid `prisma.$executeRawUnsafe()` invocation:


    Raw query failed. Code: `42P01`. Message: `relation "User" does not exist`

      19 |
      20 |   const prisma: PrismaService = app.get(PrismaService);
    > 21 |   await prisma.$executeRawUnsafe(`TRUNCATE TABLE "User" CASCADE;`);
         |   ^
      22 |   await prisma.$connect();
      23 |   const id = crypto.randomBytes(16).toString('hex');
      24 |   const shortId = crypto.createHash('md5').update(id).digest('hex').slice(0, 8);

      at ei.handleRequestError (../node_modules/@prisma/client/src/runtime/RequestHandler.ts:228:13)
      at ei.handleAndLogRequestError (../node_modules/@prisma/client/src/runtime/RequestHandler.ts:174:12)
      at ei.request (../node_modules/@prisma/client/src/runtime/RequestHandler.ts:143:12)
      at a (../node_modules/@prisma/client/src/runtime/getPrismaClient.ts:833:24)
      at resetBefore (../test/shared.ts:21:3)
      at Object.<anonymous> (modules/auth-candidate/auth.candidate.service.integration.spec.ts:37:19)

  ● AuthCandidateService (Integration) › Registration & Constraints › should prevent duplicate email registration

    TypeError: Cannot read properties of undefined (reading 'get')

      33 |
      34 | export const resetAfter = async (app: INestApplication<App>) => {
    > 35 |   const prisma = app.get(PrismaService);
         |                      ^
      36 |   try {
      37 |     await prisma.$disconnect();
      38 |   } catch (err) {

      at resetAfter (../test/shared.ts:35:22)
      at Object.<anonymous> (modules/auth-candidate/auth.candidate.service.integration.spec.ts:45:21)

  ● AuthCandidateService (Integration) › Registration & Constraints › should prevent duplicate username registration

    PrismaClientKnownRequestError: 
    Invalid `prisma.$executeRawUnsafe()` invocation:


    Raw query failed. Code: `42P01`. Message: `relation "User" does not exist`

      19 |
      20 |   const prisma: PrismaService = app.get(PrismaService);
    > 21 |   await prisma.$executeRawUnsafe(`TRUNCATE TABLE "User" CASCADE;`);
         |   ^
      22 |   await prisma.$connect();
      23 |   const id = crypto.randomBytes(16).toString('hex');
      24 |   const shortId = crypto.createHash('md5').update(id).digest('hex').slice(0, 8);

      at ei.handleRequestError (../node_modules/@prisma/client/src/runtime/RequestHandler.ts:228:13)
      at ei.handleAndLogRequestError (../node_modules/@prisma/client/src/runtime/RequestHandler.ts:174:12)
      at ei.request (../node_modules/@prisma/client/src/runtime/RequestHandler.ts:143:12)
      at a (../node_modules/@prisma/client/src/runtime/getPrismaClient.ts:833:24)
      at resetBefore (../test/shared.ts:21:3)
      at Object.<anonymous> (modules/auth-candidate/auth.candidate.service.integration.spec.ts:37:19)

  ● AuthCandidateService (Integration) › Registration & Constraints › should prevent duplicate username registration

    TypeError: Cannot read properties of undefined (reading 'get')

      33 |
      34 | export const resetAfter = async (app: INestApplication<App>) => {
    > 35 |   const prisma = app.get(PrismaService);
         |                      ^
      36 |   try {
      37 |     await prisma.$disconnect();
      38 |   } catch (err) {

      at resetAfter (../test/shared.ts:35:22)
      at Object.<anonymous> (modules/auth-candidate/auth.candidate.service.integration.spec.ts:45:21)

  ● AuthCandidateService (Integration) › MFA Integration › should store encrypted MFA secret in DB and decrypt correctly

    PrismaClientKnownRequestError: 
    Invalid `prisma.$executeRawUnsafe()` invocation:


    Raw query failed. Code: `42P01`. Message: `relation "User" does not exist`

      19 |
      20 |   const prisma: PrismaService = app.get(PrismaService);
    > 21 |   await prisma.$executeRawUnsafe(`TRUNCATE TABLE "User" CASCADE;`);
         |   ^
      22 |   await prisma.$connect();
      23 |   const id = crypto.randomBytes(16).toString('hex');
      24 |   const shortId = crypto.createHash('md5').update(id).digest('hex').slice(0, 8);

      at ei.handleRequestError (../node_modules/@prisma/client/src/runtime/RequestHandler.ts:228:13)
      at ei.handleAndLogRequestError (../node_modules/@prisma/client/src/runtime/RequestHandler.ts:174:12)
      at ei.request (../node_modules/@prisma/client/src/runtime/RequestHandler.ts:143:12)
      at a (../node_modules/@prisma/client/src/runtime/getPrismaClient.ts:833:24)
      at resetBefore (../test/shared.ts:21:3)
      at Object.<anonymous> (modules/auth-candidate/auth.candidate.service.integration.spec.ts:37:19)

  ● AuthCandidateService (Integration) › MFA Integration › should store encrypted MFA secret in DB and decrypt correctly

    TypeError: Cannot read properties of undefined (reading 'get')

      33 |
      34 | export const resetAfter = async (app: INestApplication<App>) => {
    > 35 |   const prisma = app.get(PrismaService);
         |                      ^
      36 |   try {
      37 |     await prisma.$disconnect();
      38 |   } catch (err) {

      at resetAfter (../test/shared.ts:35:22)
      at Object.<anonymous> (modules/auth-candidate/auth.candidate.service.integration.spec.ts:45:21)

  ● AuthCandidateService (Integration) › Password Reset & Session Invalidation › should manage password reset tokens in Redis

    PrismaClientKnownRequestError: 
    Invalid `prisma.$executeRawUnsafe()` invocation:


    Raw query failed. Code: `42P01`. Message: `relation "User" does not exist`

      19 |
      20 |   const prisma: PrismaService = app.get(PrismaService);
    > 21 |   await prisma.$executeRawUnsafe(`TRUNCATE TABLE "User" CASCADE;`);
         |   ^
      22 |   await prisma.$connect();
      23 |   const id = crypto.randomBytes(16).toString('hex');
      24 |   const shortId = crypto.createHash('md5').update(id).digest('hex').slice(0, 8);

      at ei.handleRequestError (../node_modules/@prisma/client/src/runtime/RequestHandler.ts:228:13)
      at ei.handleAndLogRequestError (../node_modules/@prisma/client/src/runtime/RequestHandler.ts:174:12)
      at ei.request (../node_modules/@prisma/client/src/runtime/RequestHandler.ts:143:12)
      at a (../node_modules/@prisma/client/src/runtime/getPrismaClient.ts:833:24)
      at resetBefore (../test/shared.ts:21:3)
      at Object.<anonymous> (modules/auth-candidate/auth.candidate.service.integration.spec.ts:37:19)

  ● AuthCandidateService (Integration) › Password Reset & Session Invalidation › should manage password reset tokens in Redis

    TypeError: Cannot read properties of undefined (reading 'get')

      33 |
      34 | export const resetAfter = async (app: INestApplication<App>) => {
    > 35 |   const prisma = app.get(PrismaService);
         |                      ^
      36 |   try {
      37 |     await prisma.$disconnect();
      38 |   } catch (err) {

      at resetAfter (../test/shared.ts:35:22)
      at Object.<anonymous> (modules/auth-candidate/auth.candidate.service.integration.spec.ts:45:21)

  ● AuthCandidateService (Integration) › Password Reset & Session Invalidation › should invalidate all sessions on password reset

    PrismaClientKnownRequestError: 
    Invalid `prisma.$executeRawUnsafe()` invocation:


    Raw query failed. Code: `42P01`. Message: `relation "User" does not exist`

      19 |
      20 |   const prisma: PrismaService = app.get(PrismaService);
    > 21 |   await prisma.$executeRawUnsafe(`TRUNCATE TABLE "User" CASCADE;`);
         |   ^
      22 |   await prisma.$connect();
      23 |   const id = crypto.randomBytes(16).toString('hex');
      24 |   const shortId = crypto.createHash('md5').update(id).digest('hex').slice(0, 8);

      at ei.handleRequestError (../node_modules/@prisma/client/src/runtime/RequestHandler.ts:228:13)
      at ei.handleAndLogRequestError (../node_modules/@prisma/client/src/runtime/RequestHandler.ts:174:12)
      at ei.request (../node_modules/@prisma/client/src/runtime/RequestHandler.ts:143:12)
      at a (../node_modules/@prisma/client/src/runtime/getPrismaClient.ts:833:24)
      at resetBefore (../test/shared.ts:21:3)
      at Object.<anonymous> (modules/auth-candidate/auth.candidate.service.integration.spec.ts:37:19)

  ● AuthCandidateService (Integration) › Password Reset & Session Invalidation › should invalidate all sessions on password reset

    TypeError: Cannot read properties of undefined (reading 'get')

      33 |
      34 | export const resetAfter = async (app: INestApplication<App>) => {
    > 35 |   const prisma = app.get(PrismaService);
         |                      ^
      36 |   try {
      37 |     await prisma.$disconnect();
      38 |   } catch (err) {

      at resetAfter (../test/shared.ts:35:22)
      at Object.<anonymous> (modules/auth-candidate/auth.candidate.service.integration.spec.ts:45:21)

A worker process has failed to exit gracefully and has been force exited. This is likely caused by tests leaking due to improper teardown. Try running with --detectOpenHandles to find leaks. Active timers can also cause this, ensure that .unref() was called on them.
Summary of all failing tests
FAIL modules/jobs/jobs.service.spec.ts
  ● JobsService › getPublicJobById › should throw AppException if job not found

    expect(received).rejects.toThrow(expected)

    Expected constructor: AppException
    Received constructor: NotFoundException

    Received message: "Job not found or is no longer active"

          207 |
          208 |     if (!job) {
        > 209 |       throw new NotFoundException('Job not found or is no longer active');
              |             ^
          210 |     }
          211 |
          212 |     const { _count, ...rest } = job;

      at JobsService.getPublicJobById (modules/jobs/jobs.service.ts:209:13)
      at Object.<anonymous> (modules/jobs/jobs.service.spec.ts:132:7)
      at Object.toThrow (../node_modules/expect/build/index.js:2155:20)
      at Object.<anonymous> (modules/jobs/jobs.service.spec.ts:132:65)

FAIL modules/applicants/interview-question.service.spec.ts
  ● InterviewQuestionService › should be defined

    TypeError: Cannot read properties of undefined (reading 'messages')

      40 |     service = module.get<InterviewQuestionService>(InterviewQuestionService);
      41 |     // Grab instance to mock return values
    > 42 |     anthropicMock = (service as any).anthropic.messages;
         |                                                ^
      43 |   });
      44 |
      45 |   afterEach(() => {

      at Object.<anonymous> (modules/applicants/interview-question.service.spec.ts:42:48)

  ● InterviewQuestionService › case 40: Returns InterviewQuestionSet with correct audienceType for INTERVIEW_HR

    TypeError: Cannot read properties of undefined (reading 'messages')

      40 |     service = module.get<InterviewQuestionService>(InterviewQuestionService);
      41 |     // Grab instance to mock return values
    > 42 |     anthropicMock = (service as any).anthropic.messages;
         |                                                ^
      43 |   });
      44 |
      45 |   afterEach(() => {

      at Object.<anonymous> (modules/applicants/interview-question.service.spec.ts:42:48)

  ● InterviewQuestionService › case 41: Returns 5 questions for hr audience, 6 for technical audience (simulated by prompt config)

    TypeError: Cannot read properties of undefined (reading 'messages')

      40 |     service = module.get<InterviewQuestionService>(InterviewQuestionService);
      41 |     // Grab instance to mock return values
    > 42 |     anthropicMock = (service as any).anthropic.messages;
         |                                                ^
      43 |   });
      44 |
      45 |   afterEach(() => {

      at Object.<anonymous> (modules/applicants/interview-question.service.spec.ts:42:48)

  ● InterviewQuestionService › case 42: Each question has priority field: MUST_ASK | SHOULD_ASK | NICE_TO_HAVE

    TypeError: Cannot read properties of undefined (reading 'messages')

      40 |     service = module.get<InterviewQuestionService>(InterviewQuestionService);
      41 |     // Grab instance to mock return values
    > 42 |     anthropicMock = (service as any).anthropic.messages;
         |                                                ^
      43 |   });
      44 |
      45 |   afterEach(() => {

      at Object.<anonymous> (modules/applicants/interview-question.service.spec.ts:42:48)

  ● InterviewQuestionService › case 43: API error → throws InternalServerErrorException (no silent fallback)

    TypeError: Cannot read properties of undefined (reading 'messages')

      40 |     service = module.get<InterviewQuestionService>(InterviewQuestionService);
      41 |     // Grab instance to mock return values
    > 42 |     anthropicMock = (service as any).anthropic.messages;
         |                                                ^
      43 |   });
      44 |
      45 |   afterEach(() => {

      at Object.<anonymous> (modules/applicants/interview-question.service.spec.ts:42:48)

FAIL modules/applicants/scorecard-renderer.service.spec.ts
  ● ScorecardRendererService › case 45: render() output contains all probe questions from gaps

    expect(received).toContain(expected) // indexOf

    Expected substring: "How would you containerize Node?"
    Received string:    "<!DOCTYPE html>
    <html lang=\"en\">
    <head>
    <meta charset=\"UTF-8\">
    <title>Scorecard — Role — Candidate</title>
    <style>
      *, *::before, *::after { box-sizing: border-box; margin: 0; padding: 0; }
      body { font-family: -apple-system, BlinkMacSystemFont, 'Segoe UI', sans-serif; font-size: 14px; color: #111; background: #fff; padding: 40px; max-width: 900px; margin: 0 auto; }
      h1 { font-size: 22px; font-weight: 800; color: #111; }
      h2 { font-size: 11px; font-weight: 600; color: #6b7280; text-transform: uppercase; letter-spacing: .08em; margin-bottom: 24px; }
      h3 { font-size: 13px; font-weight: 700; text-transform: uppercase; letter-spacing: .07em; color: #374151; margin: 28px 0 12px; padding-bottom: 6px; border-bottom: 2px solid #f3f4f6; }
      .verdict-block { display: flex; align-items: center; gap: 20px; padding: 18px 22px; border-radius: 10px; border: 2px solid #d9770633; background: #d977060d; margin: 20px 0; }
      .verdict-badge { font-size: 20px; font-weight: 900; color: #d97706; white-space: nowrap; }
      .verdict-summary { font-size: 14px; color: #374151; line-height: 1.6; }
      .pill-row { display: flex; gap: 10px; flex-wrap: wrap; margin-bottom: 20px; }
      .pill { font-size: 11px; font-weight: 600; padding: 4px 12px; border-radius: 20px; }
      .two-col { display: grid; grid-template-columns: 1fr 1fr; gap: 16px; margin-bottom: 16px; }
      .box { background: #f9fafb; border: 1px solid #e5e7eb; border-radius: 8px; padding: 14px; }
      ul { list-style: none; padding: 0; }
      li { padding: 3px 0 3px 16px; font-size: 13px; color: #374151; position: relative; }
      li::before { content: '·'; position: absolute; left: 0; color: #9ca3af; font-weight: 900; }
      .stat-grid { display: grid; grid-template-columns: repeat(4, 1fr); gap: 12px; margin-bottom: 20px; }
      .stat-box { background: #f9fafb; border: 1px solid #e5e7eb; border-radius: 8px; padding: 12px; text-align: center; }
      .stat-n { font-size: 24px; font-weight: 800; font-family: monospace; color: #111; }
      .stat-l { font-size: 10px; color: #6b7280; text-transform: uppercase; letter-spacing: .06em; margin-top: 2px; }
      table { width: 100%; border-collapse: collapse; font-size: 12px; margin-bottom: 16px; }
      th { font-size: 10px; font-weight: 600; color: #6b7280; text-transform: uppercase; letter-spacing: .06em; padding: 8px 10px; border-bottom: 2px solid #e5e7eb; text-align: left; background: #f9fafb; }
      td { padding: 8px 10px; border-bottom: 1px solid #f3f4f6; vertical-align: top; }
      tr:last-child td { border-bottom: none; }
      .repo-card { background: #f9fafb; border: 1px solid #e5e7eb; border-radius: 6px; padding: 10px 14px; margin-bottom: 8px; }
      .divider { border: none; border-top: 3px solid #f3f4f6; margin: 32px 0; }
      .section-label { display: inline-block; font-size: 10px; font-weight: 700; text-transform: uppercase; letter-spacing: .08em; padding: 3px 10px; border-radius: 4px; margin-bottom: 18px; }
      .sl-hr  { background: #eff6ff; color: #1d4ed8; }
      .sl-cto { background: #fef3c7; color: #92400e; }
      .tech-chip { font-size: 11px; padding: 3px 10px; border-radius: 12px; display: inline-block; margin: 2px; }
      .tc-match { background: #dcfce7; color: #166534; }
      .tc-miss  { background: #fee2e2; color: #991b1b; }
      .not-obs { padding: 12px 16px; background: #f9fafb; border: 1px solid #e5e7eb; border-radius: 6px; font-size: 12px; color: #6b7280; }
      .footer { font-size: 11px; color: #9ca3af; text-align: center; padding-top: 24px; border-top: 1px solid #e5e7eb; margin-top: 40px; }
      @media print {
        body { padding: 20px; }
        .no-print { display: none; }
        @page { margin: 1.5cm; }
      }
    </style>
    </head>
    <body>·
    <div class=\"no-print\" style=\"background:#fef9c3;border:1px solid #fde68a;border-radius:6px;padding:10px 16px;margin-bottom:24px;font-size:12px;color:#92400e\">
      To export as PDF: use your browser's <strong>Print</strong> function and choose <strong>Save as PDF</strong>.
    </div>·
    <h1>Role — Candidate Scorecard</h1>
    <h2>Candidate · Generated 6 May 2026</h2>·
    <div class=\"verdict-block\">
      <div class=\"verdict-badge\">REVIEW</div>
      <div class=\"verdict-summary\">Candidate has good baseline skills.</div>
    </div>·
    <div class=\"pill-row\">
      <span class=\"pill\" style=\"background:#6b72801a;color:#6b7280\">Fit: —</span>
      <span class=\"pill\" style=\"background:#eff6ff;color:#1d4ed8\">Score: 0/100</span>
      <span class=\"pill\" style=\"background:#dc26261a;color:#dc2626\">Fraud: CLEAN</span>······
    </div>·
    <!-- ─── HR SECTION ───────────────────────────────────── -->
    <span class=\"section-label sl-hr\">HR Summary</span>·
    <div class=\"two-col\">
      <div class=\"box\">
        <h3 style=\"margin-top:0\">Strengths</h3>
        <ul><li>NestJS</li></ul>
      </div>
      <div class=\"box\">
        <h3 style=\"margin-top:0\">Risks</h3>
        <ul><li style=\"color:#9ca3af\">None recorded</li></ul>
      </div>
    </div>···
    <hr class=\"divider\">·
    <!-- ─── TECHNICAL SECTION ─────────────────────────────── -->
    <span class=\"section-label sl-cto\">Technical Deep-Dive</span>·
    <div class=\"box\" style=\"margin-bottom:20px\"><p style=\"font-size:13px;font-family:monospace;color:#374151\">Scored 80% on tech matching.</p></div>·
    <h3>Contribution Stats</h3>
    <div class=\"stat-grid\">
      <div class=\"stat-box\"><div class=\"stat-n\">—</div><div class=\"stat-l\">Commits</div></div>
      <div class=\"stat-box\"><div class=\"stat-n\">—</div><div class=\"stat-l\">Pull Requests</div></div>
      <div class=\"stat-box\"><div class=\"stat-n\">—</div><div class=\"stat-l\">Reviews</div></div>
      <div class=\"stat-box\"><div class=\"stat-n\">—</div><div class=\"stat-l\">Account Age</div></div>
    </div>·········
    <hr class=\"divider\">·
    <!-- ─── GAP ANALYSIS ────────────────────────────────────── -->
    <span class=\"section-label\" style=\"background:#f3f4f6;color:#374151\">Gap Analysis</span>·
    <h3>Technology Match</h3>
    <div class=\"two-col\">
      <div class=\"box\">
        <strong style=\"font-size:11px;color:#166534;text-transform:uppercase;letter-spacing:.06em\">Matched</strong>
        <div style=\"margin-top:8px\"><span style=\"font-size:12px;color:#9ca3af\">None</span></div>
      </div>
      <div class=\"box\">
        <strong style=\"font-size:11px;color:#991b1b;text-transform:uppercase;letter-spacing:.06em\">Missing</strong>
        <div style=\"margin-top:8px\"><span style=\"font-size:12px;color:#9ca3af\">None</span></div>
      </div>
    </div>···
    <h3>Not Observable via GitHub</h3>
    <div class=\"not-obs\">The following cannot be assessed from code signals alone and require interview assessment: Communication quality · System design thinking · Management capability · Cultural fit · Attitude under pressure · Interview performance.</div>·
    <div class=\"footer\">
      Generated by Colosseum — proof-of-talent hiring platform<br>
      Snapshot captured: Unknown · Exported: 2026-05-06T02:51:22.444Z
    </div>
    </body></html>"

      47 |   it('case 45: render() output contains all probe questions from gaps', () => {
      48 |     const html = service.render(generateMockApp());
    > 49 |     expect(html).toContain('How would you containerize Node?');
         |                  ^
      50 |   });
      51 |
      52 |   it('case 46: render() output contains both hrSummary and technicalSummary', () => {

      at Object.<anonymous> (modules/applicants/scorecard-renderer.service.spec.ts:49:18)

  ● ScorecardRendererService › case 47: render() contains @media print CSS rule

    expect(received).toContain(expected) // indexOf

    Expected substring: "window.print()"
    Received string:    "<!DOCTYPE html>
    <html lang=\"en\">
    <head>
    <meta charset=\"UTF-8\">
    <title>Scorecard — Role — Candidate</title>
    <style>
      *, *::before, *::after { box-sizing: border-box; margin: 0; padding: 0; }
      body { font-family: -apple-system, BlinkMacSystemFont, 'Segoe UI', sans-serif; font-size: 14px; color: #111; background: #fff; padding: 40px; max-width: 900px; margin: 0 auto; }
      h1 { font-size: 22px; font-weight: 800; color: #111; }
      h2 { font-size: 11px; font-weight: 600; color: #6b7280; text-transform: uppercase; letter-spacing: .08em; margin-bottom: 24px; }
      h3 { font-size: 13px; font-weight: 700; text-transform: uppercase; letter-spacing: .07em; color: #374151; margin: 28px 0 12px; padding-bottom: 6px; border-bottom: 2px solid #f3f4f6; }
      .verdict-block { display: flex; align-items: center; gap: 20px; padding: 18px 22px; border-radius: 10px; border: 2px solid #d9770633; background: #d977060d; margin: 20px 0; }
      .verdict-badge { font-size: 20px; font-weight: 900; color: #d97706; white-space: nowrap; }
      .verdict-summary { font-size: 14px; color: #374151; line-height: 1.6; }
      .pill-row { display: flex; gap: 10px; flex-wrap: wrap; margin-bottom: 20px; }
      .pill { font-size: 11px; font-weight: 600; padding: 4px 12px; border-radius: 20px; }
      .two-col { display: grid; grid-template-columns: 1fr 1fr; gap: 16px; margin-bottom: 16px; }
      .box { background: #f9fafb; border: 1px solid #e5e7eb; border-radius: 8px; padding: 14px; }
      ul { list-style: none; padding: 0; }
      li { padding: 3px 0 3px 16px; font-size: 13px; color: #374151; position: relative; }
      li::before { content: '·'; position: absolute; left: 0; color: #9ca3af; font-weight: 900; }
      .stat-grid { display: grid; grid-template-columns: repeat(4, 1fr); gap: 12px; margin-bottom: 20px; }
      .stat-box { background: #f9fafb; border: 1px solid #e5e7eb; border-radius: 8px; padding: 12px; text-align: center; }
      .stat-n { font-size: 24px; font-weight: 800; font-family: monospace; color: #111; }
      .stat-l { font-size: 10px; color: #6b7280; text-transform: uppercase; letter-spacing: .06em; margin-top: 2px; }
      table { width: 100%; border-collapse: collapse; font-size: 12px; margin-bottom: 16px; }
      th { font-size: 10px; font-weight: 600; color: #6b7280; text-transform: uppercase; letter-spacing: .06em; padding: 8px 10px; border-bottom: 2px solid #e5e7eb; text-align: left; background: #f9fafb; }
      td { padding: 8px 10px; border-bottom: 1px solid #f3f4f6; vertical-align: top; }
      tr:last-child td { border-bottom: none; }
      .repo-card { background: #f9fafb; border: 1px solid #e5e7eb; border-radius: 6px; padding: 10px 14px; margin-bottom: 8px; }
      .divider { border: none; border-top: 3px solid #f3f4f6; margin: 32px 0; }
      .section-label { display: inline-block; font-size: 10px; font-weight: 700; text-transform: uppercase; letter-spacing: .08em; padding: 3px 10px; border-radius: 4px; margin-bottom: 18px; }
      .sl-hr  { background: #eff6ff; color: #1d4ed8; }
      .sl-cto { background: #fef3c7; color: #92400e; }
      .tech-chip { font-size: 11px; padding: 3px 10px; border-radius: 12px; display: inline-block; margin: 2px; }
      .tc-match { background: #dcfce7; color: #166534; }
      .tc-miss  { background: #fee2e2; color: #991b1b; }
      .not-obs { padding: 12px 16px; background: #f9fafb; border: 1px solid #e5e7eb; border-radius: 6px; font-size: 12px; color: #6b7280; }
      .footer { font-size: 11px; color: #9ca3af; text-align: center; padding-top: 24px; border-top: 1px solid #e5e7eb; margin-top: 40px; }
      @media print {
        body { padding: 20px; }
        .no-print { display: none; }
        @page { margin: 1.5cm; }
      }
    </style>
    </head>
    <body>·
    <div class=\"no-print\" style=\"background:#fef9c3;border:1px solid #fde68a;border-radius:6px;padding:10px 16px;margin-bottom:24px;font-size:12px;color:#92400e\">
      To export as PDF: use your browser's <strong>Print</strong> function and choose <strong>Save as PDF</strong>.
    </div>·
    <h1>Role — Candidate Scorecard</h1>
    <h2>Candidate · Generated 6 May 2026</h2>·
    <div class=\"verdict-block\">
      <div class=\"verdict-badge\">REVIEW</div>
      <div class=\"verdict-summary\">Candidate has good baseline skills.</div>
    </div>·
    <div class=\"pill-row\">
      <span class=\"pill\" style=\"background:#6b72801a;color:#6b7280\">Fit: —</span>
      <span class=\"pill\" style=\"background:#eff6ff;color:#1d4ed8\">Score: 0/100</span>
      <span class=\"pill\" style=\"background:#dc26261a;color:#dc2626\">Fraud: CLEAN</span>······
    </div>·
    <!-- ─── HR SECTION ───────────────────────────────────── -->
    <span class=\"section-label sl-hr\">HR Summary</span>·
    <div class=\"two-col\">
      <div class=\"box\">
        <h3 style=\"margin-top:0\">Strengths</h3>
        <ul><li>NestJS</li></ul>
      </div>
      <div class=\"box\">
        <h3 style=\"margin-top:0\">Risks</h3>
        <ul><li style=\"color:#9ca3af\">None recorded</li></ul>
      </div>
    </div>···
    <hr class=\"divider\">·
    <!-- ─── TECHNICAL SECTION ─────────────────────────────── -->
    <span class=\"section-label sl-cto\">Technical Deep-Dive</span>·
    <div class=\"box\" style=\"margin-bottom:20px\"><p style=\"font-size:13px;font-family:monospace;color:#374151\">Scored 80% on tech matching.</p></div>·
    <h3>Contribution Stats</h3>
    <div class=\"stat-grid\">
      <div class=\"stat-box\"><div class=\"stat-n\">—</div><div class=\"stat-l\">Commits</div></div>
      <div class=\"stat-box\"><div class=\"stat-n\">—</div><div class=\"stat-l\">Pull Requests</div></div>
      <div class=\"stat-box\"><div class=\"stat-n\">—</div><div class=\"stat-l\">Reviews</div></div>
      <div class=\"stat-box\"><div class=\"stat-n\">—</div><div class=\"stat-l\">Account Age</div></div>
    </div>·········
    <hr class=\"divider\">·
    <!-- ─── GAP ANALYSIS ────────────────────────────────────── -->
    <span class=\"section-label\" style=\"background:#f3f4f6;color:#374151\">Gap Analysis</span>·
    <h3>Technology Match</h3>
    <div class=\"two-col\">
      <div class=\"box\">
        <strong style=\"font-size:11px;color:#166534;text-transform:uppercase;letter-spacing:.06em\">Matched</strong>
        <div style=\"margin-top:8px\"><span style=\"font-size:12px;color:#9ca3af\">None</span></div>
      </div>
      <div class=\"box\">
        <strong style=\"font-size:11px;color:#991b1b;text-transform:uppercase;letter-spacing:.06em\">Missing</strong>
        <div style=\"margin-top:8px\"><span style=\"font-size:12px;color:#9ca3af\">None</span></div>
      </div>
    </div>···
    <h3>Not Observable via GitHub</h3>
    <div class=\"not-obs\">The following cannot be assessed from code signals alone and require interview assessment: Communication quality · System design thinking · Management capability · Cultural fit · Attitude under pressure · Interview performance.</div>·
    <div class=\"footer\">
      Generated by Colosseum — proof-of-talent hiring platform<br>
      Snapshot captured: Unknown · Exported: 2026-05-06T02:51:22.451Z
    </div>
    </body></html>"

      59 |     const html = service.render(generateMockApp());
      60 |     expect(html).toContain('@media print');
    > 61 |     expect(html).toContain('window.print()');
         |                  ^
      62 |   });
      63 | });
      64 |

      at Object.<anonymous> (modules/applicants/scorecard-renderer.service.spec.ts:61:18)

FAIL modules/applicants/applicants.service.spec.ts
  ● ApplicantsService › advanceStage › case 32: APPLIED → INTERVIEW_HR (skip REVIEWED): throws 400

    expect(received).rejects.toThrow(expected)

    Expected constructor: BadRequestException
    Received constructor: TypeError

    Received message: "this.interviewQuestionService.generateForApplication is not a function"

          184 |     // 2. INTERVIEW QUESTION TRIGGER (Fire and forget)
          185 |     if (nextStage.startsWith('INTERVIEW_')) {
        > 186 |       this.interviewQuestionService.generateForApplication(appId, nextStage).catch(err => 
              |                                     ^
          187 |         this.logger.error(`Deferred question generation failed for ${appId}: ${err.message}`)
          188 |       );
          189 |     }

      at ApplicantsService.advanceStage (modules/applicants/applicants.service.ts:186:37)
      at Object.<anonymous> (modules/applicants/applicants.service.spec.ts:154:7)
      at Object.toThrow (../node_modules/expect/build/index.js:2155:20)
      at Object.<anonymous> (modules/applicants/applicants.service.spec.ts:155:18)

  ● ApplicantsService › advanceStage › case 35: Advancing to INTERVIEW_HR triggers generation with hr

    TypeError: this.interviewQuestionService.generateForApplication is not a function

      184 |     // 2. INTERVIEW QUESTION TRIGGER (Fire and forget)
      185 |     if (nextStage.startsWith('INTERVIEW_')) {
    > 186 |       this.interviewQuestionService.generateForApplication(appId, nextStage).catch(err => 
          |                                     ^
      187 |         this.logger.error(`Deferred question generation failed for ${appId}: ${err.message}`)
      188 |       );
      189 |     }

      at ApplicantsService.advanceStage (modules/applicants/applicants.service.ts:186:37)
      at Object.<anonymous> (modules/applicants/applicants.service.spec.ts:188:7)

  ● ApplicantsService › advanceStage › case 36: Advancing to INTERVIEW_TECHNICAL triggers generation with technical

    TypeError: this.interviewQuestionService.generateForApplication is not a function

      184 |     // 2. INTERVIEW QUESTION TRIGGER (Fire and forget)
      185 |     if (nextStage.startsWith('INTERVIEW_')) {
    > 186 |       this.interviewQuestionService.generateForApplication(appId, nextStage).catch(err => 
          |                                     ^
      187 |         this.logger.error(`Deferred question generation failed for ${appId}: ${err.message}`)
      188 |       );
      189 |     }

      at ApplicantsService.advanceStage (modules/applicants/applicants.service.ts:186:37)
      at Object.<anonymous> (modules/applicants/applicants.service.spec.ts:200:7)

  ● ApplicantsService › advanceStage › case 37: Advancing to INTERVIEW_FINAL triggers generation with final

    TypeError: this.interviewQuestionService.generateForApplication is not a function

      184 |     // 2. INTERVIEW QUESTION TRIGGER (Fire and forget)
      185 |     if (nextStage.startsWith('INTERVIEW_')) {
    > 186 |       this.interviewQuestionService.generateForApplication(appId, nextStage).catch(err => 
          |                                     ^
      187 |         this.logger.error(`Deferred question generation failed for ${appId}: ${err.message}`)
      188 |       );
      189 |     }

      at ApplicantsService.advanceStage (modules/applicants/applicants.service.ts:186:37)
      at Object.<anonymous> (modules/applicants/applicants.service.spec.ts:212:7)

  ● ApplicantsService › advanceStage › case 39: interviewQuestions field is an array; second advancement appends, does not overwrite

    TypeError: this.interviewQuestionService.generateForApplication is not a function

      184 |     // 2. INTERVIEW QUESTION TRIGGER (Fire and forget)
      185 |     if (nextStage.startsWith('INTERVIEW_')) {
    > 186 |       this.interviewQuestionService.generateForApplication(appId, nextStage).catch(err => 
          |                                     ^
      187 |         this.logger.error(`Deferred question generation failed for ${appId}: ${err.message}`)
      188 |       );
      189 |     }

      at ApplicantsService.advanceStage (modules/applicants/applicants.service.ts:186:37)
      at Object.<anonymous> (modules/applicants/applicants.service.spec.ts:238:7)

FAIL __tests__/stage2-verification-plan.spec.ts
  ● Stage 2 Verification Plan - Final Validation › VERIFICATION TEST V1 — Signal extraction › All 8 signals return valid values for 5 seed usernames

    PrismaClientKnownRequestError: 
    Invalid `prisma.cachedResult.deleteMany()` invocation in
    /home/arturo-clavero/16Signals/backend/src/__tests__/stage2-verification-plan.spec.ts:87:31

      84 prisma = app.get<PrismaService>(PrismaService);
      85 
      86 // Clean up
    → 87 await prisma.cachedResult.deleteMany(
    The table `public.CachedResult` does not exist in the current database.

      85 |
      86 |     // Clean up
    > 87 |     await prisma.cachedResult.deleteMany();
         |     ^
      88 |     await prisma.githubProfile.deleteMany();
      89 |     await prisma.developerCandidate.deleteMany();
      90 |     await prisma.candidate.deleteMany();

      at ei.handleRequestError (../node_modules/@prisma/client/src/runtime/RequestHandler.ts:228:13)
      at ei.handleAndLogRequestError (../node_modules/@prisma/client/src/runtime/RequestHandler.ts:174:12)
      at ei.request (../node_modules/@prisma/client/src/runtime/RequestHandler.ts:143:12)
      at a (../node_modules/@prisma/client/src/runtime/getPrismaClient.ts:833:24)
      at Object.<anonymous> (__tests__/stage2-verification-plan.spec.ts:87:5)

  ● Stage 2 Verification Plan - Final Validation › VERIFICATION TEST V2 — Capability scoring › Scores correlate with known profiles directionally

    PrismaClientKnownRequestError: 
    Invalid `prisma.cachedResult.deleteMany()` invocation in
    /home/arturo-clavero/16Signals/backend/src/__tests__/stage2-verification-plan.spec.ts:87:31

      84 prisma = app.get<PrismaService>(PrismaService);
      85 
      86 // Clean up
    → 87 await prisma.cachedResult.deleteMany(
    The table `public.CachedResult` does not exist in the current database.

      85 |
      86 |     // Clean up
    > 87 |     await prisma.cachedResult.deleteMany();
         |     ^
      88 |     await prisma.githubProfile.deleteMany();
      89 |     await prisma.developerCandidate.deleteMany();
      90 |     await prisma.candidate.deleteMany();

      at ei.handleRequestError (../node_modules/@prisma/client/src/runtime/RequestHandler.ts:228:13)
      at ei.handleAndLogRequestError (../node_modules/@prisma/client/src/runtime/RequestHandler.ts:174:12)
      at ei.request (../node_modules/@prisma/client/src/runtime/RequestHandler.ts:143:12)
      at a (../node_modules/@prisma/client/src/runtime/getPrismaClient.ts:833:24)
      at Object.<anonymous> (__tests__/stage2-verification-plan.spec.ts:87:5)

  ● Stage 2 Verification Plan - Final Validation › VERIFICATION TEST V3 — Confidence modifier › Developer with < 5 repos returns confidence: low across all dimensions

    PrismaClientKnownRequestError: 
    Invalid `prisma.cachedResult.deleteMany()` invocation in
    /home/arturo-clavero/16Signals/backend/src/__tests__/stage2-verification-plan.spec.ts:87:31

      84 prisma = app.get<PrismaService>(PrismaService);
      85 
      86 // Clean up
    → 87 await prisma.cachedResult.deleteMany(
    The table `public.CachedResult` does not exist in the current database.

      85 |
      86 |     // Clean up
    > 87 |     await prisma.cachedResult.deleteMany();
         |     ^
      88 |     await prisma.githubProfile.deleteMany();
      89 |     await prisma.developerCandidate.deleteMany();
      90 |     await prisma.candidate.deleteMany();

      at ei.handleRequestError (../node_modules/@prisma/client/src/runtime/RequestHandler.ts:228:13)
      at ei.handleAndLogRequestError (../node_modules/@prisma/client/src/runtime/RequestHandler.ts:174:12)
      at ei.request (../node_modules/@prisma/client/src/runtime/RequestHandler.ts:143:12)
      at a (../node_modules/@prisma/client/src/runtime/getPrismaClient.ts:833:24)
      at Object.<anonymous> (__tests__/stage2-verification-plan.spec.ts:87:5)

  ● Stage 2 Verification Plan - Final Validation › VERIFICATION TEST V5 — Cache miss › New username triggers full pipeline and sets cache on completion

    PrismaClientKnownRequestError: 
    Invalid `prisma.cachedResult.deleteMany()` invocation in
    /home/arturo-clavero/16Signals/backend/src/__tests__/stage2-verification-plan.spec.ts:87:31

      84 prisma = app.get<PrismaService>(PrismaService);
      85 
      86 // Clean up
    → 87 await prisma.cachedResult.deleteMany(
    The table `public.CachedResult` does not exist in the current database.

      85 |
      86 |     // Clean up
    > 87 |     await prisma.cachedResult.deleteMany();
         |     ^
      88 |     await prisma.githubProfile.deleteMany();
      89 |     await prisma.developerCandidate.deleteMany();
      90 |     await prisma.candidate.deleteMany();

      at ei.handleRequestError (../node_modules/@prisma/client/src/runtime/RequestHandler.ts:228:13)
      at ei.handleAndLogRequestError (../node_modules/@prisma/client/src/runtime/RequestHandler.ts:174:12)
      at ei.request (../node_modules/@prisma/client/src/runtime/RequestHandler.ts:143:12)
      at a (../node_modules/@prisma/client/src/runtime/getPrismaClient.ts:833:24)
      at Object.<anonymous> (__tests__/stage2-verification-plan.spec.ts:87:5)

  ● Stage 2 Verification Plan - Final Validation › VERIFICATION TEST V4 — Cache hit › Second request for same username returns immediately without re-queuing

    PrismaClientKnownRequestError: 
    Invalid `prisma.cachedResult.deleteMany()` invocation in
    /home/arturo-clavero/16Signals/backend/src/__tests__/stage2-verification-plan.spec.ts:87:31

      84 prisma = app.get<PrismaService>(PrismaService);
      85 
      86 // Clean up
    → 87 await prisma.cachedResult.deleteMany(
    The table `public.CachedResult` does not exist in the current database.

      85 |
      86 |     // Clean up
    > 87 |     await prisma.cachedResult.deleteMany();
         |     ^
      88 |     await prisma.githubProfile.deleteMany();
      89 |     await prisma.developerCandidate.deleteMany();
      90 |     await prisma.candidate.deleteMany();

      at ei.handleRequestError (../node_modules/@prisma/client/src/runtime/RequestHandler.ts:228:13)
      at ei.handleAndLogRequestError (../node_modules/@prisma/client/src/runtime/RequestHandler.ts:174:12)
      at ei.request (../node_modules/@prisma/client/src/runtime/RequestHandler.ts:143:12)
      at a (../node_modules/@prisma/client/src/runtime/getPrismaClient.ts:833:24)
      at Object.<anonymous> (__tests__/stage2-verification-plan.spec.ts:87:5)

  ● Stage 2 Verification Plan - Final Validation › VERIFICATION TEST V6 — Headless API › POST /analysis/recompute with seed username returns correct result schema

    PrismaClientKnownRequestError: 
    Invalid `prisma.cachedResult.deleteMany()` invocation in
    /home/arturo-clavero/16Signals/backend/src/__tests__/stage2-verification-plan.spec.ts:87:31

      84 prisma = app.get<PrismaService>(PrismaService);
      85 
      86 // Clean up
    → 87 await prisma.cachedResult.deleteMany(
    The table `public.CachedResult` does not exist in the current database.

      85 |
      86 |     // Clean up
    > 87 |     await prisma.cachedResult.deleteMany();
         |     ^
      88 |     await prisma.githubProfile.deleteMany();
      89 |     await prisma.developerCandidate.deleteMany();
      90 |     await prisma.candidate.deleteMany();

      at ei.handleRequestError (../node_modules/@prisma/client/src/runtime/RequestHandler.ts:228:13)
      at ei.handleAndLogRequestError (../node_modules/@prisma/client/src/runtime/RequestHandler.ts:174:12)
      at ei.request (../node_modules/@prisma/client/src/runtime/RequestHandler.ts:143:12)
      at a (../node_modules/@prisma/client/src/runtime/getPrismaClient.ts:833:24)
      at Object.<anonymous> (__tests__/stage2-verification-plan.spec.ts:87:5)

  ● Stage 2 Verification Plan - Final Validation › VERIFICATION TEST V7 — Private-heavy profile › Developer with high consistency + sparse repos gets confidence: low with private work note

    PrismaClientKnownRequestError: 
    Invalid `prisma.cachedResult.deleteMany()` invocation in
    /home/arturo-clavero/16Signals/backend/src/__tests__/stage2-verification-plan.spec.ts:87:31

      84 prisma = app.get<PrismaService>(PrismaService);
      85 
      86 // Clean up
    → 87 await prisma.cachedResult.deleteMany(
    The table `public.CachedResult` does not exist in the current database.

      85 |
      86 |     // Clean up
    > 87 |     await prisma.cachedResult.deleteMany();
         |     ^
      88 |     await prisma.githubProfile.deleteMany();
      89 |     await prisma.developerCandidate.deleteMany();
      90 |     await prisma.candidate.deleteMany();

      at ei.handleRequestError (../node_modules/@prisma/client/src/runtime/RequestHandler.ts:228:13)
      at ei.handleAndLogRequestError (../node_modules/@prisma/client/src/runtime/RequestHandler.ts:174:12)
      at ei.request (../node_modules/@prisma/client/src/runtime/RequestHandler.ts:143:12)
      at a (../node_modules/@prisma/client/src/runtime/getPrismaClient.ts:833:24)
      at Object.<anonymous> (__tests__/stage2-verification-plan.spec.ts:87:5)

  ● Stage 2 Verification Plan - Final Validation › VERIFICATION TEST V8 — Zero public data › Pipeline fails gracefully; job status: failed with clear reason

    PrismaClientKnownRequestError: 
    Invalid `prisma.cachedResult.deleteMany()` invocation in
    /home/arturo-clavero/16Signals/backend/src/__tests__/stage2-verification-plan.spec.ts:87:31

      84 prisma = app.get<PrismaService>(PrismaService);
      85 
      86 // Clean up
    → 87 await prisma.cachedResult.deleteMany(
    The table `public.CachedResult` does not exist in the current database.

      85 |
      86 |     // Clean up
    > 87 |     await prisma.cachedResult.deleteMany();
         |     ^
      88 |     await prisma.githubProfile.deleteMany();
      89 |     await prisma.developerCandidate.deleteMany();
      90 |     await prisma.candidate.deleteMany();

      at ei.handleRequestError (../node_modules/@prisma/client/src/runtime/RequestHandler.ts:228:13)
      at ei.handleAndLogRequestError (../node_modules/@prisma/client/src/runtime/RequestHandler.ts:174:12)
      at ei.request (../node_modules/@prisma/client/src/runtime/RequestHandler.ts:143:12)
      at a (../node_modules/@prisma/client/src/runtime/getPrismaClient.ts:833:24)
      at Object.<anonymous> (__tests__/stage2-verification-plan.spec.ts:87:5)

FAIL modules/scoring/__tests__/analysis-api.spec.ts
  ● AnalysisController (integration) › POST /api/analysis/recompute › should fail without internal key

    PrismaClientKnownRequestError: 
    Invalid `prisma.user.deleteMany()` invocation in
    /home/arturo-clavero/16Signals/backend/src/modules/scoring/__tests__/analysis-api.spec.ts:41:23

      38 
      39 afterEach(async () => {
      40   // Cleanup users created in tests - cascading delete should handle profiles/candidates
    → 41   await prisma.user.deleteMany(
    The table `public.User` does not exist in the current database.

      39 |   afterEach(async () => {
      40 |     // Cleanup users created in tests - cascading delete should handle profiles/candidates
    > 41 |     await prisma.user.deleteMany({
         |     ^
      42 |       where: {
      43 |         OR: [
      44 |           { email: { contains: '_test@example.com' } },

      at ei.handleRequestError (../node_modules/@prisma/client/src/runtime/RequestHandler.ts:228:13)
      at ei.handleAndLogRequestError (../node_modules/@prisma/client/src/runtime/RequestHandler.ts:174:12)
      at ei.request (../node_modules/@prisma/client/src/runtime/RequestHandler.ts:143:12)
      at a (../node_modules/@prisma/client/src/runtime/getPrismaClient.ts:833:24)
      at Object.<anonymous> (modules/scoring/__tests__/analysis-api.spec.ts:41:5)

  ● AnalysisController (integration) › POST /api/analysis/recompute › should enqueue a job for a valid profile

    PrismaClientKnownRequestError: 
    Invalid `prisma.user.create()` invocation in
    /home/arturo-clavero/16Signals/backend/src/modules/scoring/__tests__/analysis-api.spec.ts:71:38

      68 const email = `torvalds_${ts}_test@example.com`;
      69 
      70 // 1. Create a dummy user/profile
    → 71 const user = await prisma.user.create(
    The table `public.User` does not exist in the current database.

      69 |
      70 |       // 1. Create a dummy user/profile
    > 71 |       const user = await prisma.user.create({
         |                    ^
      72 |         data: {
      73 |           username,
      74 |           email,

      at ei.handleRequestError (../node_modules/@prisma/client/src/runtime/RequestHandler.ts:228:13)
      at ei.handleAndLogRequestError (../node_modules/@prisma/client/src/runtime/RequestHandler.ts:174:12)
      at ei.request (../node_modules/@prisma/client/src/runtime/RequestHandler.ts:143:12)
      at a (../node_modules/@prisma/client/src/runtime/getPrismaClient.ts:833:24)
      at Object.<anonymous> (modules/scoring/__tests__/analysis-api.spec.ts:71:20)

  ● AnalysisController (integration) › POST /api/analysis/recompute › should enqueue a job for a valid profile

    PrismaClientKnownRequestError: 
    Invalid `prisma.user.deleteMany()` invocation in
    /home/arturo-clavero/16Signals/backend/src/modules/scoring/__tests__/analysis-api.spec.ts:41:23

      38 
      39 afterEach(async () => {
      40   // Cleanup users created in tests - cascading delete should handle profiles/candidates
    → 41   await prisma.user.deleteMany(
    The table `public.User` does not exist in the current database.

      39 |   afterEach(async () => {
      40 |     // Cleanup users created in tests - cascading delete should handle profiles/candidates
    > 41 |     await prisma.user.deleteMany({
         |     ^
      42 |       where: {
      43 |         OR: [
      44 |           { email: { contains: '_test@example.com' } },

      at ei.handleRequestError (../node_modules/@prisma/client/src/runtime/RequestHandler.ts:228:13)
      at ei.handleAndLogRequestError (../node_modules/@prisma/client/src/runtime/RequestHandler.ts:174:12)
      at ei.request (../node_modules/@prisma/client/src/runtime/RequestHandler.ts:143:12)
      at a (../node_modules/@prisma/client/src/runtime/getPrismaClient.ts:833:24)
      at Object.<anonymous> (modules/scoring/__tests__/analysis-api.spec.ts:41:5)

  ● AnalysisController (integration) › POST /api/analysis/recompute › should return 400 for empty body

    PrismaClientKnownRequestError: 
    Invalid `prisma.user.deleteMany()` invocation in
    /home/arturo-clavero/16Signals/backend/src/modules/scoring/__tests__/analysis-api.spec.ts:41:23

      38 
      39 afterEach(async () => {
      40   // Cleanup users created in tests - cascading delete should handle profiles/candidates
    → 41   await prisma.user.deleteMany(
    The table `public.User` does not exist in the current database.

      39 |   afterEach(async () => {
      40 |     // Cleanup users created in tests - cascading delete should handle profiles/candidates
    > 41 |     await prisma.user.deleteMany({
         |     ^
      42 |       where: {
      43 |         OR: [
      44 |           { email: { contains: '_test@example.com' } },

      at ei.handleRequestError (../node_modules/@prisma/client/src/runtime/RequestHandler.ts:228:13)
      at ei.handleAndLogRequestError (../node_modules/@prisma/client/src/runtime/RequestHandler.ts:174:12)
      at ei.request (../node_modules/@prisma/client/src/runtime/RequestHandler.ts:143:12)
      at a (../node_modules/@prisma/client/src/runtime/getPrismaClient.ts:833:24)
      at Object.<anonymous> (modules/scoring/__tests__/analysis-api.spec.ts:41:5)

  ● AnalysisController (integration) › GET /api/analysis/:jobId/result › should return 404 if job not found in queue

    expect(received).toBe(expected) // Object.is equality

    Expected: 404
    Received: 500

      129 |       );
      130 |
    > 131 |       expect(response.status).toBe(404);
          |                               ^
      132 |     });
      133 |
      134 |     it('should return pending status with progress object parsing', async () => {

      at Object.<anonymous> (modules/scoring/__tests__/analysis-api.spec.ts:131:31)

  ● AnalysisController (integration) › GET /api/analysis/:jobId/result › should return 404 if job not found in queue

    PrismaClientKnownRequestError: 
    Invalid `prisma.user.deleteMany()` invocation in
    /home/arturo-clavero/16Signals/backend/src/modules/scoring/__tests__/analysis-api.spec.ts:41:23

      38 
      39 afterEach(async () => {
      40   // Cleanup users created in tests - cascading delete should handle profiles/candidates
    → 41   await prisma.user.deleteMany(
    The table `public.User` does not exist in the current database.

      39 |   afterEach(async () => {
      40 |     // Cleanup users created in tests - cascading delete should handle profiles/candidates
    > 41 |     await prisma.user.deleteMany({
         |     ^
      42 |       where: {
      43 |         OR: [
      44 |           { email: { contains: '_test@example.com' } },

      at ei.handleRequestError (../node_modules/@prisma/client/src/runtime/RequestHandler.ts:228:13)
      at ei.handleAndLogRequestError (../node_modules/@prisma/client/src/runtime/RequestHandler.ts:174:12)
      at ei.request (../node_modules/@prisma/client/src/runtime/RequestHandler.ts:143:12)
      at a (../node_modules/@prisma/client/src/runtime/getPrismaClient.ts:833:24)
      at Object.<anonymous> (modules/scoring/__tests__/analysis-api.spec.ts:41:5)

  ● AnalysisController (integration) › GET /api/analysis/:jobId/result › should return pending status with progress object parsing

    PrismaClientKnownRequestError: 
    Invalid `prisma.analysisJob.create()` invocation in
    /home/arturo-clavero/16Signals/backend/src/modules/scoring/__tests__/analysis-api.spec.ts:135:44

      132 });
      133 
      134 it('should return pending status with progress object parsing', async () => {
    → 135   const job = await prisma.analysisJob.create(
    The table `public.analysis_jobs` does not exist in the current database.

      133 |
      134 |     it('should return pending status with progress object parsing', async () => {
    > 135 |       const job = await prisma.analysisJob.create({
          |                   ^
      136 |         data: { status: 'processing', input: {} },
      137 |       });
      138 |

      at ei.handleRequestError (../node_modules/@prisma/client/src/runtime/RequestHandler.ts:228:13)
      at ei.handleAndLogRequestError (../node_modules/@prisma/client/src/runtime/RequestHandler.ts:174:12)
      at ei.request (../node_modules/@prisma/client/src/runtime/RequestHandler.ts:143:12)
      at a (../node_modules/@prisma/client/src/runtime/getPrismaClient.ts:833:24)
      at Object.<anonymous> (modules/scoring/__tests__/analysis-api.spec.ts:135:19)

  ● AnalysisController (integration) › GET /api/analysis/:jobId/result › should return pending status with progress object parsing

    PrismaClientKnownRequestError: 
    Invalid `prisma.user.deleteMany()` invocation in
    /home/arturo-clavero/16Signals/backend/src/modules/scoring/__tests__/analysis-api.spec.ts:41:23

      38 
      39 afterEach(async () => {
      40   // Cleanup users created in tests - cascading delete should handle profiles/candidates
    → 41   await prisma.user.deleteMany(
    The table `public.User` does not exist in the current database.

      39 |   afterEach(async () => {
      40 |     // Cleanup users created in tests - cascading delete should handle profiles/candidates
    > 41 |     await prisma.user.deleteMany({
         |     ^
      42 |       where: {
      43 |         OR: [
      44 |           { email: { contains: '_test@example.com' } },

      at ei.handleRequestError (../node_modules/@prisma/client/src/runtime/RequestHandler.ts:228:13)
      at ei.handleAndLogRequestError (../node_modules/@prisma/client/src/runtime/RequestHandler.ts:174:12)
      at ei.request (../node_modules/@prisma/client/src/runtime/RequestHandler.ts:143:12)
      at a (../node_modules/@prisma/client/src/runtime/getPrismaClient.ts:833:24)
      at Object.<anonymous> (modules/scoring/__tests__/analysis-api.spec.ts:41:5)

  ● AnalysisController (integration) › GET /api/analysis/:jobId/result › should return completed status with returnvalue

    PrismaClientKnownRequestError: 
    Invalid `prisma.analysisJob.create()` invocation in
    /home/arturo-clavero/16Signals/backend/src/modules/scoring/__tests__/analysis-api.spec.ts:152:44

      149 
      150 it('should return completed status with returnvalue', async () => {
      151   const mockResult = { summary: 'Passes integration' };
    → 152   const job = await prisma.analysisJob.create(
    The table `public.analysis_jobs` does not exist in the current database.

      150 |     it('should return completed status with returnvalue', async () => {
      151 |       const mockResult = { summary: 'Passes integration' };
    > 152 |       const job = await prisma.analysisJob.create({
          |                   ^
      153 |         data: { status: 'completed', result: mockResult, input: {} },
      154 |       });
      155 |

      at ei.handleRequestError (../node_modules/@prisma/client/src/runtime/RequestHandler.ts:228:13)
      at ei.handleAndLogRequestError (../node_modules/@prisma/client/src/runtime/RequestHandler.ts:174:12)
      at ei.request (../node_modules/@prisma/client/src/runtime/RequestHandler.ts:143:12)
      at a (../node_modules/@prisma/client/src/runtime/getPrismaClient.ts:833:24)
      at Object.<anonymous> (modules/scoring/__tests__/analysis-api.spec.ts:152:19)

  ● AnalysisController (integration) › GET /api/analysis/:jobId/result › should return completed status with returnvalue

    PrismaClientKnownRequestError: 
    Invalid `prisma.user.deleteMany()` invocation in
    /home/arturo-clavero/16Signals/backend/src/modules/scoring/__tests__/analysis-api.spec.ts:41:23

      38 
      39 afterEach(async () => {
      40   // Cleanup users created in tests - cascading delete should handle profiles/candidates
    → 41   await prisma.user.deleteMany(
    The table `public.User` does not exist in the current database.

      39 |   afterEach(async () => {
      40 |     // Cleanup users created in tests - cascading delete should handle profiles/candidates
    > 41 |     await prisma.user.deleteMany({
         |     ^
      42 |       where: {
      43 |         OR: [
      44 |           { email: { contains: '_test@example.com' } },

      at ei.handleRequestError (../node_modules/@prisma/client/src/runtime/RequestHandler.ts:228:13)
      at ei.handleAndLogRequestError (../node_modules/@prisma/client/src/runtime/RequestHandler.ts:174:12)
      at ei.request (../node_modules/@prisma/client/src/runtime/RequestHandler.ts:143:12)
      at a (../node_modules/@prisma/client/src/runtime/getPrismaClient.ts:833:24)
      at Object.<anonymous> (modules/scoring/__tests__/analysis-api.spec.ts:41:5)

FAIL modules/auth-candidate/auth.candidate.service.integration.spec.ts
  ● AuthCandidateService (Integration) › Registration & Constraints › should prevent duplicate email registration

    PrismaClientKnownRequestError: 
    Invalid `prisma.$executeRawUnsafe()` invocation:


    Raw query failed. Code: `42P01`. Message: `relation "User" does not exist`

      19 |
      20 |   const prisma: PrismaService = app.get(PrismaService);
    > 21 |   await prisma.$executeRawUnsafe(`TRUNCATE TABLE "User" CASCADE;`);
         |   ^
      22 |   await prisma.$connect();
      23 |   const id = crypto.randomBytes(16).toString('hex');
      24 |   const shortId = crypto.createHash('md5').update(id).digest('hex').slice(0, 8);

      at ei.handleRequestError (../node_modules/@prisma/client/src/runtime/RequestHandler.ts:228:13)
      at ei.handleAndLogRequestError (../node_modules/@prisma/client/src/runtime/RequestHandler.ts:174:12)
      at ei.request (../node_modules/@prisma/client/src/runtime/RequestHandler.ts:143:12)
      at a (../node_modules/@prisma/client/src/runtime/getPrismaClient.ts:833:24)
      at resetBefore (../test/shared.ts:21:3)
      at Object.<anonymous> (modules/auth-candidate/auth.candidate.service.integration.spec.ts:37:19)

  ● AuthCandidateService (Integration) › Registration & Constraints › should prevent duplicate email registration

    TypeError: Cannot read properties of undefined (reading 'get')

      33 |
      34 | export const resetAfter = async (app: INestApplication<App>) => {
    > 35 |   const prisma = app.get(PrismaService);
         |                      ^
      36 |   try {
      37 |     await prisma.$disconnect();
      38 |   } catch (err) {

      at resetAfter (../test/shared.ts:35:22)
      at Object.<anonymous> (modules/auth-candidate/auth.candidate.service.integration.spec.ts:45:21)

  ● AuthCandidateService (Integration) › Registration & Constraints › should prevent duplicate username registration

    PrismaClientKnownRequestError: 
    Invalid `prisma.$executeRawUnsafe()` invocation:


    Raw query failed. Code: `42P01`. Message: `relation "User" does not exist`

      19 |
      20 |   const prisma: PrismaService = app.get(PrismaService);
    > 21 |   await prisma.$executeRawUnsafe(`TRUNCATE TABLE "User" CASCADE;`);
         |   ^
      22 |   await prisma.$connect();
      23 |   const id = crypto.randomBytes(16).toString('hex');
      24 |   const shortId = crypto.createHash('md5').update(id).digest('hex').slice(0, 8);

      at ei.handleRequestError (../node_modules/@prisma/client/src/runtime/RequestHandler.ts:228:13)
      at ei.handleAndLogRequestError (../node_modules/@prisma/client/src/runtime/RequestHandler.ts:174:12)
      at ei.request (../node_modules/@prisma/client/src/runtime/RequestHandler.ts:143:12)
      at a (../node_modules/@prisma/client/src/runtime/getPrismaClient.ts:833:24)
      at resetBefore (../test/shared.ts:21:3)
      at Object.<anonymous> (modules/auth-candidate/auth.candidate.service.integration.spec.ts:37:19)

  ● AuthCandidateService (Integration) › Registration & Constraints › should prevent duplicate username registration

    TypeError: Cannot read properties of undefined (reading 'get')

      33 |
      34 | export const resetAfter = async (app: INestApplication<App>) => {
    > 35 |   const prisma = app.get(PrismaService);
         |                      ^
      36 |   try {
      37 |     await prisma.$disconnect();
      38 |   } catch (err) {

      at resetAfter (../test/shared.ts:35:22)
      at Object.<anonymous> (modules/auth-candidate/auth.candidate.service.integration.spec.ts:45:21)

  ● AuthCandidateService (Integration) › MFA Integration › should store encrypted MFA secret in DB and decrypt correctly

    PrismaClientKnownRequestError: 
    Invalid `prisma.$executeRawUnsafe()` invocation:


    Raw query failed. Code: `42P01`. Message: `relation "User" does not exist`

      19 |
      20 |   const prisma: PrismaService = app.get(PrismaService);
    > 21 |   await prisma.$executeRawUnsafe(`TRUNCATE TABLE "User" CASCADE;`);
         |   ^
      22 |   await prisma.$connect();
      23 |   const id = crypto.randomBytes(16).toString('hex');
      24 |   const shortId = crypto.createHash('md5').update(id).digest('hex').slice(0, 8);

      at ei.handleRequestError (../node_modules/@prisma/client/src/runtime/RequestHandler.ts:228:13)
      at ei.handleAndLogRequestError (../node_modules/@prisma/client/src/runtime/RequestHandler.ts:174:12)
      at ei.request (../node_modules/@prisma/client/src/runtime/RequestHandler.ts:143:12)
      at a (../node_modules/@prisma/client/src/runtime/getPrismaClient.ts:833:24)
      at resetBefore (../test/shared.ts:21:3)
      at Object.<anonymous> (modules/auth-candidate/auth.candidate.service.integration.spec.ts:37:19)

  ● AuthCandidateService (Integration) › MFA Integration › should store encrypted MFA secret in DB and decrypt correctly

    TypeError: Cannot read properties of undefined (reading 'get')

      33 |
      34 | export const resetAfter = async (app: INestApplication<App>) => {
    > 35 |   const prisma = app.get(PrismaService);
         |                      ^
      36 |   try {
      37 |     await prisma.$disconnect();
      38 |   } catch (err) {

      at resetAfter (../test/shared.ts:35:22)
      at Object.<anonymous> (modules/auth-candidate/auth.candidate.service.integration.spec.ts:45:21)

  ● AuthCandidateService (Integration) › Password Reset & Session Invalidation › should manage password reset tokens in Redis

    PrismaClientKnownRequestError: 
    Invalid `prisma.$executeRawUnsafe()` invocation:


    Raw query failed. Code: `42P01`. Message: `relation "User" does not exist`

      19 |
      20 |   const prisma: PrismaService = app.get(PrismaService);
    > 21 |   await prisma.$executeRawUnsafe(`TRUNCATE TABLE "User" CASCADE;`);
         |   ^
      22 |   await prisma.$connect();
      23 |   const id = crypto.randomBytes(16).toString('hex');
      24 |   const shortId = crypto.createHash('md5').update(id).digest('hex').slice(0, 8);

      at ei.handleRequestError (../node_modules/@prisma/client/src/runtime/RequestHandler.ts:228:13)
      at ei.handleAndLogRequestError (../node_modules/@prisma/client/src/runtime/RequestHandler.ts:174:12)
      at ei.request (../node_modules/@prisma/client/src/runtime/RequestHandler.ts:143:12)
      at a (../node_modules/@prisma/client/src/runtime/getPrismaClient.ts:833:24)
      at resetBefore (../test/shared.ts:21:3)
      at Object.<anonymous> (modules/auth-candidate/auth.candidate.service.integration.spec.ts:37:19)

  ● AuthCandidateService (Integration) › Password Reset & Session Invalidation › should manage password reset tokens in Redis

    TypeError: Cannot read properties of undefined (reading 'get')

      33 |
      34 | export const resetAfter = async (app: INestApplication<App>) => {
    > 35 |   const prisma = app.get(PrismaService);
         |                      ^
      36 |   try {
      37 |     await prisma.$disconnect();
      38 |   } catch (err) {

      at resetAfter (../test/shared.ts:35:22)
      at Object.<anonymous> (modules/auth-candidate/auth.candidate.service.integration.spec.ts:45:21)

  ● AuthCandidateService (Integration) › Password Reset & Session Invalidation › should invalidate all sessions on password reset

    PrismaClientKnownRequestError: 
    Invalid `prisma.$executeRawUnsafe()` invocation:


    Raw query failed. Code: `42P01`. Message: `relation "User" does not exist`

      19 |
      20 |   const prisma: PrismaService = app.get(PrismaService);
    > 21 |   await prisma.$executeRawUnsafe(`TRUNCATE TABLE "User" CASCADE;`);
         |   ^
      22 |   await prisma.$connect();
      23 |   const id = crypto.randomBytes(16).toString('hex');
      24 |   const shortId = crypto.createHash('md5').update(id).digest('hex').slice(0, 8);

      at ei.handleRequestError (../node_modules/@prisma/client/src/runtime/RequestHandler.ts:228:13)
      at ei.handleAndLogRequestError (../node_modules/@prisma/client/src/runtime/RequestHandler.ts:174:12)
      at ei.request (../node_modules/@prisma/client/src/runtime/RequestHandler.ts:143:12)
      at a (../node_modules/@prisma/client/src/runtime/getPrismaClient.ts:833:24)
      at resetBefore (../test/shared.ts:21:3)
      at Object.<anonymous> (modules/auth-candidate/auth.candidate.service.integration.spec.ts:37:19)

  ● AuthCandidateService (Integration) › Password Reset & Session Invalidation › should invalidate all sessions on password reset

    TypeError: Cannot read properties of undefined (reading 'get')

      33 |
      34 | export const resetAfter = async (app: INestApplication<App>) => {
    > 35 |   const prisma = app.get(PrismaService);
         |                      ^
      36 |   try {
      37 |     await prisma.$disconnect();
      38 |   } catch (err) {

      at resetAfter (../test/shared.ts:35:22)
      at Object.<anonymous> (modules/auth-candidate/auth.candidate.service.integration.spec.ts:45:21)


Test Suites: 7 failed, 23 passed, 30 total
Tests:       32 failed, 217 passed, 249 total
Snapshots:   0 total
Time:        3.813 s
Ran all test suites.
Force exiting Jest: Have you considered using `--detectOpenHandles` to detect async operations that kept running after all tests finished?
