
> colossseum@0.0.1 test
> jest

FAIL src/modules/applicants/scorecard-renderer.service.spec.ts
  ● ScorecardRendererService › should be defined

    A circular dependency has been detected inside RootTestModule. Please, make sure that each side of a bidirectional relationships are decorated with "forwardRef()". Note that circular relationships between custom providers (e.g., factories) are not supported since functions cannot be called more than once.

       6 |
       7 |   beforeEach(async () => {
    >  8 |     const module: TestingModule = await Test.createTestingModule({
         |                                   ^
       9 |       providers: [ScorecardRenderer],
      10 |     }).compile();
      11 |

      at NestContainer.addProvider (../node_modules/@nestjs/core/injector/container.js:160:19)
      at DependenciesScanner.insertProvider (../node_modules/@nestjs/core/scanner.js:234:35)
      at ../node_modules/@nestjs/core/scanner.js:123:18
          at Array.forEach (<anonymous>)
      at DependenciesScanner.reflectProviders (../node_modules/@nestjs/core/scanner.js:122:19)
      at DependenciesScanner.scanModulesForDependencies (../node_modules/@nestjs/core/scanner.js:103:18)
      at DependenciesScanner.scan (../node_modules/@nestjs/core/scanner.js:32:9)
      at TestingModuleBuilder.compile (../node_modules/@nestjs/testing/testing-module.builder.js:70:9)
      at Object.<anonymous> (modules/applicants/scorecard-renderer.service.spec.ts:8:35)

  ● ScorecardRendererService › case 44: render() returns a string containing text/html doctype markers

    A circular dependency has been detected inside RootTestModule. Please, make sure that each side of a bidirectional relationships are decorated with "forwardRef()". Note that circular relationships between custom providers (e.g., factories) are not supported since functions cannot be called more than once.

       6 |
       7 |   beforeEach(async () => {
    >  8 |     const module: TestingModule = await Test.createTestingModule({
         |                                   ^
       9 |       providers: [ScorecardRenderer],
      10 |     }).compile();
      11 |

      at NestContainer.addProvider (../node_modules/@nestjs/core/injector/container.js:160:19)
      at DependenciesScanner.insertProvider (../node_modules/@nestjs/core/scanner.js:234:35)
      at ../node_modules/@nestjs/core/scanner.js:123:18
          at Array.forEach (<anonymous>)
      at DependenciesScanner.reflectProviders (../node_modules/@nestjs/core/scanner.js:122:19)
      at DependenciesScanner.scanModulesForDependencies (../node_modules/@nestjs/core/scanner.js:103:18)
      at DependenciesScanner.scan (../node_modules/@nestjs/core/scanner.js:32:9)
      at TestingModuleBuilder.compile (../node_modules/@nestjs/testing/testing-module.builder.js:70:9)
      at Object.<anonymous> (modules/applicants/scorecard-renderer.service.spec.ts:8:35)

  ● ScorecardRendererService › case 45: render() output contains all probe questions from gaps

    A circular dependency has been detected inside RootTestModule. Please, make sure that each side of a bidirectional relationships are decorated with "forwardRef()". Note that circular relationships between custom providers (e.g., factories) are not supported since functions cannot be called more than once.

       6 |
       7 |   beforeEach(async () => {
    >  8 |     const module: TestingModule = await Test.createTestingModule({
         |                                   ^
       9 |       providers: [ScorecardRenderer],
      10 |     }).compile();
      11 |

      at NestContainer.addProvider (../node_modules/@nestjs/core/injector/container.js:160:19)
      at DependenciesScanner.insertProvider (../node_modules/@nestjs/core/scanner.js:234:35)
      at ../node_modules/@nestjs/core/scanner.js:123:18
          at Array.forEach (<anonymous>)
      at DependenciesScanner.reflectProviders (../node_modules/@nestjs/core/scanner.js:122:19)
      at DependenciesScanner.scanModulesForDependencies (../node_modules/@nestjs/core/scanner.js:103:18)
      at DependenciesScanner.scan (../node_modules/@nestjs/core/scanner.js:32:9)
      at TestingModuleBuilder.compile (../node_modules/@nestjs/testing/testing-module.builder.js:70:9)
      at Object.<anonymous> (modules/applicants/scorecard-renderer.service.spec.ts:8:35)

  ● ScorecardRendererService › case 46: render() output contains both hrSummary and technicalSummary

    A circular dependency has been detected inside RootTestModule. Please, make sure that each side of a bidirectional relationships are decorated with "forwardRef()". Note that circular relationships between custom providers (e.g., factories) are not supported since functions cannot be called more than once.

       6 |
       7 |   beforeEach(async () => {
    >  8 |     const module: TestingModule = await Test.createTestingModule({
         |                                   ^
       9 |       providers: [ScorecardRenderer],
      10 |     }).compile();
      11 |

      at NestContainer.addProvider (../node_modules/@nestjs/core/injector/container.js:160:19)
      at DependenciesScanner.insertProvider (../node_modules/@nestjs/core/scanner.js:234:35)
      at ../node_modules/@nestjs/core/scanner.js:123:18
          at Array.forEach (<anonymous>)
      at DependenciesScanner.reflectProviders (../node_modules/@nestjs/core/scanner.js:122:19)
      at DependenciesScanner.scanModulesForDependencies (../node_modules/@nestjs/core/scanner.js:103:18)
      at DependenciesScanner.scan (../node_modules/@nestjs/core/scanner.js:32:9)
      at TestingModuleBuilder.compile (../node_modules/@nestjs/testing/testing-module.builder.js:70:9)
      at Object.<anonymous> (modules/applicants/scorecard-renderer.service.spec.ts:8:35)

  ● ScorecardRendererService › case 47: render() contains @media print CSS rule

    A circular dependency has been detected inside RootTestModule. Please, make sure that each side of a bidirectional relationships are decorated with "forwardRef()". Note that circular relationships between custom providers (e.g., factories) are not supported since functions cannot be called more than once.

       6 |
       7 |   beforeEach(async () => {
    >  8 |     const module: TestingModule = await Test.createTestingModule({
         |                                   ^
       9 |       providers: [ScorecardRenderer],
      10 |     }).compile();
      11 |

      at NestContainer.addProvider (../node_modules/@nestjs/core/injector/container.js:160:19)
      at DependenciesScanner.insertProvider (../node_modules/@nestjs/core/scanner.js:234:35)
      at ../node_modules/@nestjs/core/scanner.js:123:18
          at Array.forEach (<anonymous>)
      at DependenciesScanner.reflectProviders (../node_modules/@nestjs/core/scanner.js:122:19)
      at DependenciesScanner.scanModulesForDependencies (../node_modules/@nestjs/core/scanner.js:103:18)
      at DependenciesScanner.scan (../node_modules/@nestjs/core/scanner.js:32:9)
      at TestingModuleBuilder.compile (../node_modules/@nestjs/testing/testing-module.builder.js:70:9)
      at Object.<anonymous> (modules/applicants/scorecard-renderer.service.spec.ts:8:35)

FAIL src/modules/jobs/jobs.service.spec.ts
  ● JobsService › create › should create a job draft

    expect(jest.fn()).toHaveBeenCalledWith(...expected)

    - Expected
    + Received

      Object {
        "data": Object {
          "bonusAmount": 1000,
          "companyId": "company-1",
          "description": "Job description",
    -     "roleType": "BACKEND",
          "status": "DRAFT",
          "title": "Backend Engineer",
        },
      },

    Number of calls: 1

      56 |       const result = await service.create(companyId, dto as any);
      57 |
    > 58 |       expect(prisma.jobPost.create).toHaveBeenCalledWith({
         |                                     ^
      59 |         data: {
      60 |           ...dto,
      61 |           companyId,

      at Object.<anonymous> (modules/jobs/jobs.service.spec.ts:58:37)

  ● JobsService › getPublicJobById › should throw AppException if job not found

    expect(received).rejects.toThrow(expected)

    Expected constructor: AppException
    Received constructor: NotFoundException

    Received message: "Job not found or is no longer active"

          207 |
          208 |     if (!job) {
        > 209 |       throw new NotFoundException('Job not found or is no longer active');
              |             ^
          210 |     }
          211 |
          212 |     const { _count, ...rest } = job;

      at JobsService.getPublicJobById (modules/jobs/jobs.service.ts:209:13)
      at Object.<anonymous> (modules/jobs/jobs.service.spec.ts:133:7)
      at Object.toThrow (../node_modules/expect/build/index.js:2155:20)
      at Object.<anonymous> (modules/jobs/jobs.service.spec.ts:133:65)

FAIL src/modules/applicants/interview-question.service.spec.ts
  ● InterviewQuestionService › should be defined

    Nest can't resolve dependencies of the InterviewQuestionService (ConfigService, ?). Please make sure that the argument PrismaService at index [1] is available in the RootTestModule module.

    Potential solutions:
    - Is RootTestModule a valid NestJS module?
    - If PrismaService is a provider, is it part of the current RootTestModule?
    - If PrismaService is exported from a separate @Module, is that module imported within RootTestModule?
      @Module({
        imports: [ /* the Module containing PrismaService */ ]
      })

    For more common dependency resolution issues, see: https://docs.nestjs.com/faq/common-errors

      25 |     };
      26 |
    > 27 |     const module: TestingModule = await Test.createTestingModule({
         |                                   ^
      28 |       providers: [
      29 |         InterviewQuestionService,
      30 |         { provide: ConfigService, useValue: mockConfigService }

      at TestingInjector.lookupComponentInParentModules (../node_modules/@nestjs/core/injector/injector.js:290:19)
      at TestingInjector.resolveComponentWrapper (../node_modules/@nestjs/testing/testing-injector.js:19:45)
      at resolveParam (../node_modules/@nestjs/core/injector/injector.js:140:38)
          at async Promise.all (index 1)
      at TestingInjector.resolveConstructorParams (../node_modules/@nestjs/core/injector/injector.js:169:27)
      at TestingInjector.loadInstance (../node_modules/@nestjs/core/injector/injector.js:75:13)
      at TestingInjector.loadProvider (../node_modules/@nestjs/core/injector/injector.js:103:9)
      at ../node_modules/@nestjs/core/injector/instance-loader.js:56:13
          at async Promise.all (index 3)
      at TestingInstanceLoader.createInstancesOfProviders (../node_modules/@nestjs/core/injector/instance-loader.js:55:9)
      at ../node_modules/@nestjs/core/injector/instance-loader.js:40:13
          at async Promise.all (index 1)
      at TestingInstanceLoader.createInstances (../node_modules/@nestjs/core/injector/instance-loader.js:39:9)
      at TestingInstanceLoader.createInstancesOfDependencies (../node_modules/@nestjs/core/injector/instance-loader.js:22:13)
      at TestingInstanceLoader.createInstancesOfDependencies (../node_modules/@nestjs/testing/testing-instance-loader.js:9:9)
      at TestingModuleBuilder.createInstancesOfDependencies (../node_modules/@nestjs/testing/testing-module.builder.js:118:9)
      at TestingModuleBuilder.compile (../node_modules/@nestjs/testing/testing-module.builder.js:74:9)
      at Object.<anonymous> (modules/applicants/interview-question.service.spec.ts:27:35)

  ● InterviewQuestionService › case 40: Returns InterviewQuestionSet with correct audienceType for INTERVIEW_HR

    Nest can't resolve dependencies of the InterviewQuestionService (ConfigService, ?). Please make sure that the argument PrismaService at index [1] is available in the RootTestModule module.

    Potential solutions:
    - Is RootTestModule a valid NestJS module?
    - If PrismaService is a provider, is it part of the current RootTestModule?
    - If PrismaService is exported from a separate @Module, is that module imported within RootTestModule?
      @Module({
        imports: [ /* the Module containing PrismaService */ ]
      })

    For more common dependency resolution issues, see: https://docs.nestjs.com/faq/common-errors

      25 |     };
      26 |
    > 27 |     const module: TestingModule = await Test.createTestingModule({
         |                                   ^
      28 |       providers: [
      29 |         InterviewQuestionService,
      30 |         { provide: ConfigService, useValue: mockConfigService }

      at TestingInjector.lookupComponentInParentModules (../node_modules/@nestjs/core/injector/injector.js:290:19)
      at TestingInjector.resolveComponentWrapper (../node_modules/@nestjs/testing/testing-injector.js:19:45)
      at resolveParam (../node_modules/@nestjs/core/injector/injector.js:140:38)
          at async Promise.all (index 1)
      at TestingInjector.resolveConstructorParams (../node_modules/@nestjs/core/injector/injector.js:169:27)
      at TestingInjector.loadInstance (../node_modules/@nestjs/core/injector/injector.js:75:13)
      at TestingInjector.loadProvider (../node_modules/@nestjs/core/injector/injector.js:103:9)
      at ../node_modules/@nestjs/core/injector/instance-loader.js:56:13
          at async Promise.all (index 3)
      at TestingInstanceLoader.createInstancesOfProviders (../node_modules/@nestjs/core/injector/instance-loader.js:55:9)
      at ../node_modules/@nestjs/core/injector/instance-loader.js:40:13
          at async Promise.all (index 1)
      at TestingInstanceLoader.createInstances (../node_modules/@nestjs/core/injector/instance-loader.js:39:9)
      at TestingInstanceLoader.createInstancesOfDependencies (../node_modules/@nestjs/core/injector/instance-loader.js:22:13)
      at TestingInstanceLoader.createInstancesOfDependencies (../node_modules/@nestjs/testing/testing-instance-loader.js:9:9)
      at TestingModuleBuilder.createInstancesOfDependencies (../node_modules/@nestjs/testing/testing-module.builder.js:118:9)
      at TestingModuleBuilder.compile (../node_modules/@nestjs/testing/testing-module.builder.js:74:9)
      at Object.<anonymous> (modules/applicants/interview-question.service.spec.ts:27:35)

  ● InterviewQuestionService › case 41: Returns 5 questions for hr audience, 6 for technical audience (simulated by prompt config)

    Nest can't resolve dependencies of the InterviewQuestionService (ConfigService, ?). Please make sure that the argument PrismaService at index [1] is available in the RootTestModule module.

    Potential solutions:
    - Is RootTestModule a valid NestJS module?
    - If PrismaService is a provider, is it part of the current RootTestModule?
    - If PrismaService is exported from a separate @Module, is that module imported within RootTestModule?
      @Module({
        imports: [ /* the Module containing PrismaService */ ]
      })

    For more common dependency resolution issues, see: https://docs.nestjs.com/faq/common-errors

      25 |     };
      26 |
    > 27 |     const module: TestingModule = await Test.createTestingModule({
         |                                   ^
      28 |       providers: [
      29 |         InterviewQuestionService,
      30 |         { provide: ConfigService, useValue: mockConfigService }

      at TestingInjector.lookupComponentInParentModules (../node_modules/@nestjs/core/injector/injector.js:290:19)
      at TestingInjector.resolveComponentWrapper (../node_modules/@nestjs/testing/testing-injector.js:19:45)
      at resolveParam (../node_modules/@nestjs/core/injector/injector.js:140:38)
          at async Promise.all (index 1)
      at TestingInjector.resolveConstructorParams (../node_modules/@nestjs/core/injector/injector.js:169:27)
      at TestingInjector.loadInstance (../node_modules/@nestjs/core/injector/injector.js:75:13)
      at TestingInjector.loadProvider (../node_modules/@nestjs/core/injector/injector.js:103:9)
      at ../node_modules/@nestjs/core/injector/instance-loader.js:56:13
          at async Promise.all (index 3)
      at TestingInstanceLoader.createInstancesOfProviders (../node_modules/@nestjs/core/injector/instance-loader.js:55:9)
      at ../node_modules/@nestjs/core/injector/instance-loader.js:40:13
          at async Promise.all (index 1)
      at TestingInstanceLoader.createInstances (../node_modules/@nestjs/core/injector/instance-loader.js:39:9)
      at TestingInstanceLoader.createInstancesOfDependencies (../node_modules/@nestjs/core/injector/instance-loader.js:22:13)
      at TestingInstanceLoader.createInstancesOfDependencies (../node_modules/@nestjs/testing/testing-instance-loader.js:9:9)
      at TestingModuleBuilder.createInstancesOfDependencies (../node_modules/@nestjs/testing/testing-module.builder.js:118:9)
      at TestingModuleBuilder.compile (../node_modules/@nestjs/testing/testing-module.builder.js:74:9)
      at Object.<anonymous> (modules/applicants/interview-question.service.spec.ts:27:35)

  ● InterviewQuestionService › case 42: Each question has priority field: MUST_ASK | SHOULD_ASK | NICE_TO_HAVE

    Nest can't resolve dependencies of the InterviewQuestionService (ConfigService, ?). Please make sure that the argument PrismaService at index [1] is available in the RootTestModule module.

    Potential solutions:
    - Is RootTestModule a valid NestJS module?
    - If PrismaService is a provider, is it part of the current RootTestModule?
    - If PrismaService is exported from a separate @Module, is that module imported within RootTestModule?
      @Module({
        imports: [ /* the Module containing PrismaService */ ]
      })

    For more common dependency resolution issues, see: https://docs.nestjs.com/faq/common-errors

      25 |     };
      26 |
    > 27 |     const module: TestingModule = await Test.createTestingModule({
         |                                   ^
      28 |       providers: [
      29 |         InterviewQuestionService,
      30 |         { provide: ConfigService, useValue: mockConfigService }

      at TestingInjector.lookupComponentInParentModules (../node_modules/@nestjs/core/injector/injector.js:290:19)
      at TestingInjector.resolveComponentWrapper (../node_modules/@nestjs/testing/testing-injector.js:19:45)
      at resolveParam (../node_modules/@nestjs/core/injector/injector.js:140:38)
          at async Promise.all (index 1)
      at TestingInjector.resolveConstructorParams (../node_modules/@nestjs/core/injector/injector.js:169:27)
      at TestingInjector.loadInstance (../node_modules/@nestjs/core/injector/injector.js:75:13)
      at TestingInjector.loadProvider (../node_modules/@nestjs/core/injector/injector.js:103:9)
      at ../node_modules/@nestjs/core/injector/instance-loader.js:56:13
          at async Promise.all (index 3)
      at TestingInstanceLoader.createInstancesOfProviders (../node_modules/@nestjs/core/injector/instance-loader.js:55:9)
      at ../node_modules/@nestjs/core/injector/instance-loader.js:40:13
          at async Promise.all (index 1)
      at TestingInstanceLoader.createInstances (../node_modules/@nestjs/core/injector/instance-loader.js:39:9)
      at TestingInstanceLoader.createInstancesOfDependencies (../node_modules/@nestjs/core/injector/instance-loader.js:22:13)
      at TestingInstanceLoader.createInstancesOfDependencies (../node_modules/@nestjs/testing/testing-instance-loader.js:9:9)
      at TestingModuleBuilder.createInstancesOfDependencies (../node_modules/@nestjs/testing/testing-module.builder.js:118:9)
      at TestingModuleBuilder.compile (../node_modules/@nestjs/testing/testing-module.builder.js:74:9)
      at Object.<anonymous> (modules/applicants/interview-question.service.spec.ts:27:35)

  ● InterviewQuestionService › case 43: API error → throws InternalServerErrorException (no silent fallback)

    Nest can't resolve dependencies of the InterviewQuestionService (ConfigService, ?). Please make sure that the argument PrismaService at index [1] is available in the RootTestModule module.

    Potential solutions:
    - Is RootTestModule a valid NestJS module?
    - If PrismaService is a provider, is it part of the current RootTestModule?
    - If PrismaService is exported from a separate @Module, is that module imported within RootTestModule?
      @Module({
        imports: [ /* the Module containing PrismaService */ ]
      })

    For more common dependency resolution issues, see: https://docs.nestjs.com/faq/common-errors

      25 |     };
      26 |
    > 27 |     const module: TestingModule = await Test.createTestingModule({
         |                                   ^
      28 |       providers: [
      29 |         InterviewQuestionService,
      30 |         { provide: ConfigService, useValue: mockConfigService }

      at TestingInjector.lookupComponentInParentModules (../node_modules/@nestjs/core/injector/injector.js:290:19)
      at TestingInjector.resolveComponentWrapper (../node_modules/@nestjs/testing/testing-injector.js:19:45)
      at resolveParam (../node_modules/@nestjs/core/injector/injector.js:140:38)
          at async Promise.all (index 1)
      at TestingInjector.resolveConstructorParams (../node_modules/@nestjs/core/injector/injector.js:169:27)
      at TestingInjector.loadInstance (../node_modules/@nestjs/core/injector/injector.js:75:13)
      at TestingInjector.loadProvider (../node_modules/@nestjs/core/injector/injector.js:103:9)
      at ../node_modules/@nestjs/core/injector/instance-loader.js:56:13
          at async Promise.all (index 3)
      at TestingInstanceLoader.createInstancesOfProviders (../node_modules/@nestjs/core/injector/instance-loader.js:55:9)
      at ../node_modules/@nestjs/core/injector/instance-loader.js:40:13
          at async Promise.all (index 1)
      at TestingInstanceLoader.createInstances (../node_modules/@nestjs/core/injector/instance-loader.js:39:9)
      at TestingInstanceLoader.createInstancesOfDependencies (../node_modules/@nestjs/core/injector/instance-loader.js:22:13)
      at TestingInstanceLoader.createInstancesOfDependencies (../node_modules/@nestjs/testing/testing-instance-loader.js:9:9)
      at TestingModuleBuilder.createInstancesOfDependencies (../node_modules/@nestjs/testing/testing-module.builder.js:118:9)
      at TestingModuleBuilder.compile (../node_modules/@nestjs/testing/testing-module.builder.js:74:9)
      at Object.<anonymous> (modules/applicants/interview-question.service.spec.ts:27:35)

FAIL src/modules/applicants/applicants.service.spec.ts
  ● ApplicantsService › should be defined

    Nest can't resolve dependencies of the ApplicantsService (PrismaService, GapAnalysisService, DecisionCardService, InterviewQuestionService, ?). Please make sure that the argument ScorecardService at index [4] is available in the RootTestModule module.

    Potential solutions:
    - Is RootTestModule a valid NestJS module?
    - If ScorecardService is a provider, is it part of the current RootTestModule?
    - If ScorecardService is exported from a separate @Module, is that module imported within RootTestModule?
      @Module({
        imports: [ /* the Module containing ScorecardService */ ]
      })

    For more common dependency resolution issues, see: https://docs.nestjs.com/faq/common-errors

      45 |
      46 |   beforeEach(async () => {
    > 47 |     const module: TestingModule = await Test.createTestingModule({
         |                                   ^
      48 |       providers: [
      49 |         ApplicantsService,
      50 |         { provide: PrismaService, useValue: mockPrisma },

      at TestingInjector.lookupComponentInParentModules (../node_modules/@nestjs/core/injector/injector.js:290:19)
      at TestingInjector.resolveComponentWrapper (../node_modules/@nestjs/testing/testing-injector.js:19:45)
      at resolveParam (../node_modules/@nestjs/core/injector/injector.js:140:38)
          at async Promise.all (index 4)
      at TestingInjector.resolveConstructorParams (../node_modules/@nestjs/core/injector/injector.js:169:27)
      at TestingInjector.loadInstance (../node_modules/@nestjs/core/injector/injector.js:75:13)
      at TestingInjector.loadProvider (../node_modules/@nestjs/core/injector/injector.js:103:9)
      at ../node_modules/@nestjs/core/injector/instance-loader.js:56:13
          at async Promise.all (index 3)
      at TestingInstanceLoader.createInstancesOfProviders (../node_modules/@nestjs/core/injector/instance-loader.js:55:9)
      at ../node_modules/@nestjs/core/injector/instance-loader.js:40:13
          at async Promise.all (index 1)
      at TestingInstanceLoader.createInstances (../node_modules/@nestjs/core/injector/instance-loader.js:39:9)
      at TestingInstanceLoader.createInstancesOfDependencies (../node_modules/@nestjs/core/injector/instance-loader.js:22:13)
      at TestingInstanceLoader.createInstancesOfDependencies (../node_modules/@nestjs/testing/testing-instance-loader.js:9:9)
      at TestingModuleBuilder.createInstancesOfDependencies (../node_modules/@nestjs/testing/testing-module.builder.js:118:9)
      at TestingModuleBuilder.compile (../node_modules/@nestjs/testing/testing-module.builder.js:74:9)
      at Object.<anonymous> (modules/applicants/applicants.service.spec.ts:47:35)

  ● ApplicantsService › apply › cases 21-28: retains original apply logic checking duplicates, analyzing gaps, etc

    Nest can't resolve dependencies of the ApplicantsService (PrismaService, GapAnalysisService, DecisionCardService, InterviewQuestionService, ?). Please make sure that the argument ScorecardService at index [4] is available in the RootTestModule module.

    Potential solutions:
    - Is RootTestModule a valid NestJS module?
    - If ScorecardService is a provider, is it part of the current RootTestModule?
    - If ScorecardService is exported from a separate @Module, is that module imported within RootTestModule?
      @Module({
        imports: [ /* the Module containing ScorecardService */ ]
      })

    For more common dependency resolution issues, see: https://docs.nestjs.com/faq/common-errors

      45 |
      46 |   beforeEach(async () => {
    > 47 |     const module: TestingModule = await Test.createTestingModule({
         |                                   ^
      48 |       providers: [
      49 |         ApplicantsService,
      50 |         { provide: PrismaService, useValue: mockPrisma },

      at TestingInjector.lookupComponentInParentModules (../node_modules/@nestjs/core/injector/injector.js:290:19)
      at TestingInjector.resolveComponentWrapper (../node_modules/@nestjs/testing/testing-injector.js:19:45)
      at resolveParam (../node_modules/@nestjs/core/injector/injector.js:140:38)
          at async Promise.all (index 4)
      at TestingInjector.resolveConstructorParams (../node_modules/@nestjs/core/injector/injector.js:169:27)
      at TestingInjector.loadInstance (../node_modules/@nestjs/core/injector/injector.js:75:13)
      at TestingInjector.loadProvider (../node_modules/@nestjs/core/injector/injector.js:103:9)
      at ../node_modules/@nestjs/core/injector/instance-loader.js:56:13
          at async Promise.all (index 3)
      at TestingInstanceLoader.createInstancesOfProviders (../node_modules/@nestjs/core/injector/instance-loader.js:55:9)
      at ../node_modules/@nestjs/core/injector/instance-loader.js:40:13
          at async Promise.all (index 1)
      at TestingInstanceLoader.createInstances (../node_modules/@nestjs/core/injector/instance-loader.js:39:9)
      at TestingInstanceLoader.createInstancesOfDependencies (../node_modules/@nestjs/core/injector/instance-loader.js:22:13)
      at TestingInstanceLoader.createInstancesOfDependencies (../node_modules/@nestjs/testing/testing-instance-loader.js:9:9)
      at TestingModuleBuilder.createInstancesOfDependencies (../node_modules/@nestjs/testing/testing-module.builder.js:118:9)
      at TestingModuleBuilder.compile (../node_modules/@nestjs/testing/testing-module.builder.js:74:9)
      at Object.<anonymous> (modules/applicants/applicants.service.spec.ts:47:35)

  ● ApplicantsService › apply › case 29: Application created with pipelineStage: APPLIED

    Nest can't resolve dependencies of the ApplicantsService (PrismaService, GapAnalysisService, DecisionCardService, InterviewQuestionService, ?). Please make sure that the argument ScorecardService at index [4] is available in the RootTestModule module.

    Potential solutions:
    - Is RootTestModule a valid NestJS module?
    - If ScorecardService is a provider, is it part of the current RootTestModule?
    - If ScorecardService is exported from a separate @Module, is that module imported within RootTestModule?
      @Module({
        imports: [ /* the Module containing ScorecardService */ ]
      })

    For more common dependency resolution issues, see: https://docs.nestjs.com/faq/common-errors

      45 |
      46 |   beforeEach(async () => {
    > 47 |     const module: TestingModule = await Test.createTestingModule({
         |                                   ^
      48 |       providers: [
      49 |         ApplicantsService,
      50 |         { provide: PrismaService, useValue: mockPrisma },

      at TestingInjector.lookupComponentInParentModules (../node_modules/@nestjs/core/injector/injector.js:290:19)
      at TestingInjector.resolveComponentWrapper (../node_modules/@nestjs/testing/testing-injector.js:19:45)
      at resolveParam (../node_modules/@nestjs/core/injector/injector.js:140:38)
          at async Promise.all (index 4)
      at TestingInjector.resolveConstructorParams (../node_modules/@nestjs/core/injector/injector.js:169:27)
      at TestingInjector.loadInstance (../node_modules/@nestjs/core/injector/injector.js:75:13)
      at TestingInjector.loadProvider (../node_modules/@nestjs/core/injector/injector.js:103:9)
      at ../node_modules/@nestjs/core/injector/instance-loader.js:56:13
          at async Promise.all (index 3)
      at TestingInstanceLoader.createInstancesOfProviders (../node_modules/@nestjs/core/injector/instance-loader.js:55:9)
      at ../node_modules/@nestjs/core/injector/instance-loader.js:40:13
          at async Promise.all (index 1)
      at TestingInstanceLoader.createInstances (../node_modules/@nestjs/core/injector/instance-loader.js:39:9)
      at TestingInstanceLoader.createInstancesOfDependencies (../node_modules/@nestjs/core/injector/instance-loader.js:22:13)
      at TestingInstanceLoader.createInstancesOfDependencies (../node_modules/@nestjs/testing/testing-instance-loader.js:9:9)
      at TestingModuleBuilder.createInstancesOfDependencies (../node_modules/@nestjs/testing/testing-module.builder.js:118:9)
      at TestingModuleBuilder.compile (../node_modules/@nestjs/testing/testing-module.builder.js:74:9)
      at Object.<anonymous> (modules/applicants/applicants.service.spec.ts:47:35)

  ● ApplicantsService › apply › case 30: pipelineStageHistory contains one entry { stage: APPLIED, changedBy: "system" }

    Nest can't resolve dependencies of the ApplicantsService (PrismaService, GapAnalysisService, DecisionCardService, InterviewQuestionService, ?). Please make sure that the argument ScorecardService at index [4] is available in the RootTestModule module.

    Potential solutions:
    - Is RootTestModule a valid NestJS module?
    - If ScorecardService is a provider, is it part of the current RootTestModule?
    - If ScorecardService is exported from a separate @Module, is that module imported within RootTestModule?
      @Module({
        imports: [ /* the Module containing ScorecardService */ ]
      })

    For more common dependency resolution issues, see: https://docs.nestjs.com/faq/common-errors

      45 |
      46 |   beforeEach(async () => {
    > 47 |     const module: TestingModule = await Test.createTestingModule({
         |                                   ^
      48 |       providers: [
      49 |         ApplicantsService,
      50 |         { provide: PrismaService, useValue: mockPrisma },

      at TestingInjector.lookupComponentInParentModules (../node_modules/@nestjs/core/injector/injector.js:290:19)
      at TestingInjector.resolveComponentWrapper (../node_modules/@nestjs/testing/testing-injector.js:19:45)
      at resolveParam (../node_modules/@nestjs/core/injector/injector.js:140:38)
          at async Promise.all (index 4)
      at TestingInjector.resolveConstructorParams (../node_modules/@nestjs/core/injector/injector.js:169:27)
      at TestingInjector.loadInstance (../node_modules/@nestjs/core/injector/injector.js:75:13)
      at TestingInjector.loadProvider (../node_modules/@nestjs/core/injector/injector.js:103:9)
      at ../node_modules/@nestjs/core/injector/instance-loader.js:56:13
          at async Promise.all (index 3)
      at TestingInstanceLoader.createInstancesOfProviders (../node_modules/@nestjs/core/injector/instance-loader.js:55:9)
      at ../node_modules/@nestjs/core/injector/instance-loader.js:40:13
          at async Promise.all (index 1)
      at TestingInstanceLoader.createInstances (../node_modules/@nestjs/core/injector/instance-loader.js:39:9)
      at TestingInstanceLoader.createInstancesOfDependencies (../node_modules/@nestjs/core/injector/instance-loader.js:22:13)
      at TestingInstanceLoader.createInstancesOfDependencies (../node_modules/@nestjs/testing/testing-instance-loader.js:9:9)
      at TestingModuleBuilder.createInstancesOfDependencies (../node_modules/@nestjs/testing/testing-module.builder.js:118:9)
      at TestingModuleBuilder.compile (../node_modules/@nestjs/testing/testing-module.builder.js:74:9)
      at Object.<anonymous> (modules/applicants/applicants.service.spec.ts:47:35)

  ● ApplicantsService › advanceStage › case 31: APPLIED → REVIEWED: succeeds, history has 2 entries

    Nest can't resolve dependencies of the ApplicantsService (PrismaService, GapAnalysisService, DecisionCardService, InterviewQuestionService, ?). Please make sure that the argument ScorecardService at index [4] is available in the RootTestModule module.

    Potential solutions:
    - Is RootTestModule a valid NestJS module?
    - If ScorecardService is a provider, is it part of the current RootTestModule?
    - If ScorecardService is exported from a separate @Module, is that module imported within RootTestModule?
      @Module({
        imports: [ /* the Module containing ScorecardService */ ]
      })

    For more common dependency resolution issues, see: https://docs.nestjs.com/faq/common-errors

      45 |
      46 |   beforeEach(async () => {
    > 47 |     const module: TestingModule = await Test.createTestingModule({
         |                                   ^
      48 |       providers: [
      49 |         ApplicantsService,
      50 |         { provide: PrismaService, useValue: mockPrisma },

      at TestingInjector.lookupComponentInParentModules (../node_modules/@nestjs/core/injector/injector.js:290:19)
      at TestingInjector.resolveComponentWrapper (../node_modules/@nestjs/testing/testing-injector.js:19:45)
      at resolveParam (../node_modules/@nestjs/core/injector/injector.js:140:38)
          at async Promise.all (index 4)
      at TestingInjector.resolveConstructorParams (../node_modules/@nestjs/core/injector/injector.js:169:27)
      at TestingInjector.loadInstance (../node_modules/@nestjs/core/injector/injector.js:75:13)
      at TestingInjector.loadProvider (../node_modules/@nestjs/core/injector/injector.js:103:9)
      at ../node_modules/@nestjs/core/injector/instance-loader.js:56:13
          at async Promise.all (index 3)
      at TestingInstanceLoader.createInstancesOfProviders (../node_modules/@nestjs/core/injector/instance-loader.js:55:9)
      at ../node_modules/@nestjs/core/injector/instance-loader.js:40:13
          at async Promise.all (index 1)
      at TestingInstanceLoader.createInstances (../node_modules/@nestjs/core/injector/instance-loader.js:39:9)
      at TestingInstanceLoader.createInstancesOfDependencies (../node_modules/@nestjs/core/injector/instance-loader.js:22:13)
      at TestingInstanceLoader.createInstancesOfDependencies (../node_modules/@nestjs/testing/testing-instance-loader.js:9:9)
      at TestingModuleBuilder.createInstancesOfDependencies (../node_modules/@nestjs/testing/testing-module.builder.js:118:9)
      at TestingModuleBuilder.compile (../node_modules/@nestjs/testing/testing-module.builder.js:74:9)
      at Object.<anonymous> (modules/applicants/applicants.service.spec.ts:47:35)

  ● ApplicantsService › advanceStage › case 32: APPLIED → INTERVIEW_HR (skip REVIEWED): throws 400

    Nest can't resolve dependencies of the ApplicantsService (PrismaService, GapAnalysisService, DecisionCardService, InterviewQuestionService, ?). Please make sure that the argument ScorecardService at index [4] is available in the RootTestModule module.

    Potential solutions:
    - Is RootTestModule a valid NestJS module?
    - If ScorecardService is a provider, is it part of the current RootTestModule?
    - If ScorecardService is exported from a separate @Module, is that module imported within RootTestModule?
      @Module({
        imports: [ /* the Module containing ScorecardService */ ]
      })

    For more common dependency resolution issues, see: https://docs.nestjs.com/faq/common-errors

      45 |
      46 |   beforeEach(async () => {
    > 47 |     const module: TestingModule = await Test.createTestingModule({
         |                                   ^
      48 |       providers: [
      49 |         ApplicantsService,
      50 |         { provide: PrismaService, useValue: mockPrisma },

      at TestingInjector.lookupComponentInParentModules (../node_modules/@nestjs/core/injector/injector.js:290:19)
      at TestingInjector.resolveComponentWrapper (../node_modules/@nestjs/testing/testing-injector.js:19:45)
      at resolveParam (../node_modules/@nestjs/core/injector/injector.js:140:38)
          at async Promise.all (index 4)
      at TestingInjector.resolveConstructorParams (../node_modules/@nestjs/core/injector/injector.js:169:27)
      at TestingInjector.loadInstance (../node_modules/@nestjs/core/injector/injector.js:75:13)
      at TestingInjector.loadProvider (../node_modules/@nestjs/core/injector/injector.js:103:9)
      at ../node_modules/@nestjs/core/injector/instance-loader.js:56:13
          at async Promise.all (index 3)
      at TestingInstanceLoader.createInstancesOfProviders (../node_modules/@nestjs/core/injector/instance-loader.js:55:9)
      at ../node_modules/@nestjs/core/injector/instance-loader.js:40:13
          at async Promise.all (index 1)
      at TestingInstanceLoader.createInstances (../node_modules/@nestjs/core/injector/instance-loader.js:39:9)
      at TestingInstanceLoader.createInstancesOfDependencies (../node_modules/@nestjs/core/injector/instance-loader.js:22:13)
      at TestingInstanceLoader.createInstancesOfDependencies (../node_modules/@nestjs/testing/testing-instance-loader.js:9:9)
      at TestingModuleBuilder.createInstancesOfDependencies (../node_modules/@nestjs/testing/testing-module.builder.js:118:9)
      at TestingModuleBuilder.compile (../node_modules/@nestjs/testing/testing-module.builder.js:74:9)
      at Object.<anonymous> (modules/applicants/applicants.service.spec.ts:47:35)

  ● ApplicantsService › advanceStage › case 33: INTERVIEW_HR → APPLIED (backwards): throws 400

    Nest can't resolve dependencies of the ApplicantsService (PrismaService, GapAnalysisService, DecisionCardService, InterviewQuestionService, ?). Please make sure that the argument ScorecardService at index [4] is available in the RootTestModule module.

    Potential solutions:
    - Is RootTestModule a valid NestJS module?
    - If ScorecardService is a provider, is it part of the current RootTestModule?
    - If ScorecardService is exported from a separate @Module, is that module imported within RootTestModule?
      @Module({
        imports: [ /* the Module containing ScorecardService */ ]
      })

    For more common dependency resolution issues, see: https://docs.nestjs.com/faq/common-errors

      45 |
      46 |   beforeEach(async () => {
    > 47 |     const module: TestingModule = await Test.createTestingModule({
         |                                   ^
      48 |       providers: [
      49 |         ApplicantsService,
      50 |         { provide: PrismaService, useValue: mockPrisma },

      at TestingInjector.lookupComponentInParentModules (../node_modules/@nestjs/core/injector/injector.js:290:19)
      at TestingInjector.resolveComponentWrapper (../node_modules/@nestjs/testing/testing-injector.js:19:45)
      at resolveParam (../node_modules/@nestjs/core/injector/injector.js:140:38)
          at async Promise.all (index 4)
      at TestingInjector.resolveConstructorParams (../node_modules/@nestjs/core/injector/injector.js:169:27)
      at TestingInjector.loadInstance (../node_modules/@nestjs/core/injector/injector.js:75:13)
      at TestingInjector.loadProvider (../node_modules/@nestjs/core/injector/injector.js:103:9)
      at ../node_modules/@nestjs/core/injector/instance-loader.js:56:13
          at async Promise.all (index 3)
      at TestingInstanceLoader.createInstancesOfProviders (../node_modules/@nestjs/core/injector/instance-loader.js:55:9)
      at ../node_modules/@nestjs/core/injector/instance-loader.js:40:13
          at async Promise.all (index 1)
      at TestingInstanceLoader.createInstances (../node_modules/@nestjs/core/injector/instance-loader.js:39:9)
      at TestingInstanceLoader.createInstancesOfDependencies (../node_modules/@nestjs/core/injector/instance-loader.js:22:13)
      at TestingInstanceLoader.createInstancesOfDependencies (../node_modules/@nestjs/testing/testing-instance-loader.js:9:9)
      at TestingModuleBuilder.createInstancesOfDependencies (../node_modules/@nestjs/testing/testing-module.builder.js:118:9)
      at TestingModuleBuilder.compile (../node_modules/@nestjs/testing/testing-module.builder.js:74:9)
      at Object.<anonymous> (modules/applicants/applicants.service.spec.ts:47:35)

  ● ApplicantsService › advanceStage › case 34: Valid stage REJECTED from REVIEWED: succeeds

    Nest can't resolve dependencies of the ApplicantsService (PrismaService, GapAnalysisService, DecisionCardService, InterviewQuestionService, ?). Please make sure that the argument ScorecardService at index [4] is available in the RootTestModule module.

    Potential solutions:
    - Is RootTestModule a valid NestJS module?
    - If ScorecardService is a provider, is it part of the current RootTestModule?
    - If ScorecardService is exported from a separate @Module, is that module imported within RootTestModule?
      @Module({
        imports: [ /* the Module containing ScorecardService */ ]
      })

    For more common dependency resolution issues, see: https://docs.nestjs.com/faq/common-errors

      45 |
      46 |   beforeEach(async () => {
    > 47 |     const module: TestingModule = await Test.createTestingModule({
         |                                   ^
      48 |       providers: [
      49 |         ApplicantsService,
      50 |         { provide: PrismaService, useValue: mockPrisma },

      at TestingInjector.lookupComponentInParentModules (../node_modules/@nestjs/core/injector/injector.js:290:19)
      at TestingInjector.resolveComponentWrapper (../node_modules/@nestjs/testing/testing-injector.js:19:45)
      at resolveParam (../node_modules/@nestjs/core/injector/injector.js:140:38)
          at async Promise.all (index 4)
      at TestingInjector.resolveConstructorParams (../node_modules/@nestjs/core/injector/injector.js:169:27)
      at TestingInjector.loadInstance (../node_modules/@nestjs/core/injector/injector.js:75:13)
      at TestingInjector.loadProvider (../node_modules/@nestjs/core/injector/injector.js:103:9)
      at ../node_modules/@nestjs/core/injector/instance-loader.js:56:13
          at async Promise.all (index 3)
      at TestingInstanceLoader.createInstancesOfProviders (../node_modules/@nestjs/core/injector/instance-loader.js:55:9)
      at ../node_modules/@nestjs/core/injector/instance-loader.js:40:13
          at async Promise.all (index 1)
      at TestingInstanceLoader.createInstances (../node_modules/@nestjs/core/injector/instance-loader.js:39:9)
      at TestingInstanceLoader.createInstancesOfDependencies (../node_modules/@nestjs/core/injector/instance-loader.js:22:13)
      at TestingInstanceLoader.createInstancesOfDependencies (../node_modules/@nestjs/testing/testing-instance-loader.js:9:9)
      at TestingModuleBuilder.createInstancesOfDependencies (../node_modules/@nestjs/testing/testing-module.builder.js:118:9)
      at TestingModuleBuilder.compile (../node_modules/@nestjs/testing/testing-module.builder.js:74:9)
      at Object.<anonymous> (modules/applicants/applicants.service.spec.ts:47:35)

  ● ApplicantsService › advanceStage › case 35: Advancing to INTERVIEW_HR triggers generation with hr

    Nest can't resolve dependencies of the ApplicantsService (PrismaService, GapAnalysisService, DecisionCardService, InterviewQuestionService, ?). Please make sure that the argument ScorecardService at index [4] is available in the RootTestModule module.

    Potential solutions:
    - Is RootTestModule a valid NestJS module?
    - If ScorecardService is a provider, is it part of the current RootTestModule?
    - If ScorecardService is exported from a separate @Module, is that module imported within RootTestModule?
      @Module({
        imports: [ /* the Module containing ScorecardService */ ]
      })

    For more common dependency resolution issues, see: https://docs.nestjs.com/faq/common-errors

      45 |
      46 |   beforeEach(async () => {
    > 47 |     const module: TestingModule = await Test.createTestingModule({
         |                                   ^
      48 |       providers: [
      49 |         ApplicantsService,
      50 |         { provide: PrismaService, useValue: mockPrisma },

      at TestingInjector.lookupComponentInParentModules (../node_modules/@nestjs/core/injector/injector.js:290:19)
      at TestingInjector.resolveComponentWrapper (../node_modules/@nestjs/testing/testing-injector.js:19:45)
      at resolveParam (../node_modules/@nestjs/core/injector/injector.js:140:38)
          at async Promise.all (index 4)
      at TestingInjector.resolveConstructorParams (../node_modules/@nestjs/core/injector/injector.js:169:27)
      at TestingInjector.loadInstance (../node_modules/@nestjs/core/injector/injector.js:75:13)
      at TestingInjector.loadProvider (../node_modules/@nestjs/core/injector/injector.js:103:9)
      at ../node_modules/@nestjs/core/injector/instance-loader.js:56:13
          at async Promise.all (index 3)
      at TestingInstanceLoader.createInstancesOfProviders (../node_modules/@nestjs/core/injector/instance-loader.js:55:9)
      at ../node_modules/@nestjs/core/injector/instance-loader.js:40:13
          at async Promise.all (index 1)
      at TestingInstanceLoader.createInstances (../node_modules/@nestjs/core/injector/instance-loader.js:39:9)
      at TestingInstanceLoader.createInstancesOfDependencies (../node_modules/@nestjs/core/injector/instance-loader.js:22:13)
      at TestingInstanceLoader.createInstancesOfDependencies (../node_modules/@nestjs/testing/testing-instance-loader.js:9:9)
      at TestingModuleBuilder.createInstancesOfDependencies (../node_modules/@nestjs/testing/testing-module.builder.js:118:9)
      at TestingModuleBuilder.compile (../node_modules/@nestjs/testing/testing-module.builder.js:74:9)
      at Object.<anonymous> (modules/applicants/applicants.service.spec.ts:47:35)

  ● ApplicantsService › advanceStage › case 36: Advancing to INTERVIEW_TECHNICAL triggers generation with technical

    Nest can't resolve dependencies of the ApplicantsService (PrismaService, GapAnalysisService, DecisionCardService, InterviewQuestionService, ?). Please make sure that the argument ScorecardService at index [4] is available in the RootTestModule module.

    Potential solutions:
    - Is RootTestModule a valid NestJS module?
    - If ScorecardService is a provider, is it part of the current RootTestModule?
    - If ScorecardService is exported from a separate @Module, is that module imported within RootTestModule?
      @Module({
        imports: [ /* the Module containing ScorecardService */ ]
      })

    For more common dependency resolution issues, see: https://docs.nestjs.com/faq/common-errors

      45 |
      46 |   beforeEach(async () => {
    > 47 |     const module: TestingModule = await Test.createTestingModule({
         |                                   ^
      48 |       providers: [
      49 |         ApplicantsService,
      50 |         { provide: PrismaService, useValue: mockPrisma },

      at TestingInjector.lookupComponentInParentModules (../node_modules/@nestjs/core/injector/injector.js:290:19)
      at TestingInjector.resolveComponentWrapper (../node_modules/@nestjs/testing/testing-injector.js:19:45)
      at resolveParam (../node_modules/@nestjs/core/injector/injector.js:140:38)
          at async Promise.all (index 4)
      at TestingInjector.resolveConstructorParams (../node_modules/@nestjs/core/injector/injector.js:169:27)
      at TestingInjector.loadInstance (../node_modules/@nestjs/core/injector/injector.js:75:13)
      at TestingInjector.loadProvider (../node_modules/@nestjs/core/injector/injector.js:103:9)
      at ../node_modules/@nestjs/core/injector/instance-loader.js:56:13
          at async Promise.all (index 3)
      at TestingInstanceLoader.createInstancesOfProviders (../node_modules/@nestjs/core/injector/instance-loader.js:55:9)
      at ../node_modules/@nestjs/core/injector/instance-loader.js:40:13
          at async Promise.all (index 1)
      at TestingInstanceLoader.createInstances (../node_modules/@nestjs/core/injector/instance-loader.js:39:9)
      at TestingInstanceLoader.createInstancesOfDependencies (../node_modules/@nestjs/core/injector/instance-loader.js:22:13)
      at TestingInstanceLoader.createInstancesOfDependencies (../node_modules/@nestjs/testing/testing-instance-loader.js:9:9)
      at TestingModuleBuilder.createInstancesOfDependencies (../node_modules/@nestjs/testing/testing-module.builder.js:118:9)
      at TestingModuleBuilder.compile (../node_modules/@nestjs/testing/testing-module.builder.js:74:9)
      at Object.<anonymous> (modules/applicants/applicants.service.spec.ts:47:35)

  ● ApplicantsService › advanceStage › case 37: Advancing to INTERVIEW_FINAL triggers generation with final

    Nest can't resolve dependencies of the ApplicantsService (PrismaService, GapAnalysisService, DecisionCardService, InterviewQuestionService, ?). Please make sure that the argument ScorecardService at index [4] is available in the RootTestModule module.

    Potential solutions:
    - Is RootTestModule a valid NestJS module?
    - If ScorecardService is a provider, is it part of the current RootTestModule?
    - If ScorecardService is exported from a separate @Module, is that module imported within RootTestModule?
      @Module({
        imports: [ /* the Module containing ScorecardService */ ]
      })

    For more common dependency resolution issues, see: https://docs.nestjs.com/faq/common-errors

      45 |
      46 |   beforeEach(async () => {
    > 47 |     const module: TestingModule = await Test.createTestingModule({
         |                                   ^
      48 |       providers: [
      49 |         ApplicantsService,
      50 |         { provide: PrismaService, useValue: mockPrisma },

      at TestingInjector.lookupComponentInParentModules (../node_modules/@nestjs/core/injector/injector.js:290:19)
      at TestingInjector.resolveComponentWrapper (../node_modules/@nestjs/testing/testing-injector.js:19:45)
      at resolveParam (../node_modules/@nestjs/core/injector/injector.js:140:38)
          at async Promise.all (index 4)
      at TestingInjector.resolveConstructorParams (../node_modules/@nestjs/core/injector/injector.js:169:27)
      at TestingInjector.loadInstance (../node_modules/@nestjs/core/injector/injector.js:75:13)
      at TestingInjector.loadProvider (../node_modules/@nestjs/core/injector/injector.js:103:9)
      at ../node_modules/@nestjs/core/injector/instance-loader.js:56:13
          at async Promise.all (index 3)
      at TestingInstanceLoader.createInstancesOfProviders (../node_modules/@nestjs/core/injector/instance-loader.js:55:9)
      at ../node_modules/@nestjs/core/injector/instance-loader.js:40:13
          at async Promise.all (index 1)
      at TestingInstanceLoader.createInstances (../node_modules/@nestjs/core/injector/instance-loader.js:39:9)
      at TestingInstanceLoader.createInstancesOfDependencies (../node_modules/@nestjs/core/injector/instance-loader.js:22:13)
      at TestingInstanceLoader.createInstancesOfDependencies (../node_modules/@nestjs/testing/testing-instance-loader.js:9:9)
      at TestingModuleBuilder.createInstancesOfDependencies (../node_modules/@nestjs/testing/testing-module.builder.js:118:9)
      at TestingModuleBuilder.compile (../node_modules/@nestjs/testing/testing-module.builder.js:74:9)
      at Object.<anonymous> (modules/applicants/applicants.service.spec.ts:47:35)

  ● ApplicantsService › advanceStage › case 38: Advancing to REVIEWED does NOT trigger interview question generation

    Nest can't resolve dependencies of the ApplicantsService (PrismaService, GapAnalysisService, DecisionCardService, InterviewQuestionService, ?). Please make sure that the argument ScorecardService at index [4] is available in the RootTestModule module.

    Potential solutions:
    - Is RootTestModule a valid NestJS module?
    - If ScorecardService is a provider, is it part of the current RootTestModule?
    - If ScorecardService is exported from a separate @Module, is that module imported within RootTestModule?
      @Module({
        imports: [ /* the Module containing ScorecardService */ ]
      })

    For more common dependency resolution issues, see: https://docs.nestjs.com/faq/common-errors

      45 |
      46 |   beforeEach(async () => {
    > 47 |     const module: TestingModule = await Test.createTestingModule({
         |                                   ^
      48 |       providers: [
      49 |         ApplicantsService,
      50 |         { provide: PrismaService, useValue: mockPrisma },

      at TestingInjector.lookupComponentInParentModules (../node_modules/@nestjs/core/injector/injector.js:290:19)
      at TestingInjector.resolveComponentWrapper (../node_modules/@nestjs/testing/testing-injector.js:19:45)
      at resolveParam (../node_modules/@nestjs/core/injector/injector.js:140:38)
          at async Promise.all (index 4)
      at TestingInjector.resolveConstructorParams (../node_modules/@nestjs/core/injector/injector.js:169:27)
      at TestingInjector.loadInstance (../node_modules/@nestjs/core/injector/injector.js:75:13)
      at TestingInjector.loadProvider (../node_modules/@nestjs/core/injector/injector.js:103:9)
      at ../node_modules/@nestjs/core/injector/instance-loader.js:56:13
          at async Promise.all (index 3)
      at TestingInstanceLoader.createInstancesOfProviders (../node_modules/@nestjs/core/injector/instance-loader.js:55:9)
      at ../node_modules/@nestjs/core/injector/instance-loader.js:40:13
          at async Promise.all (index 1)
      at TestingInstanceLoader.createInstances (../node_modules/@nestjs/core/injector/instance-loader.js:39:9)
      at TestingInstanceLoader.createInstancesOfDependencies (../node_modules/@nestjs/core/injector/instance-loader.js:22:13)
      at TestingInstanceLoader.createInstancesOfDependencies (../node_modules/@nestjs/testing/testing-instance-loader.js:9:9)
      at TestingModuleBuilder.createInstancesOfDependencies (../node_modules/@nestjs/testing/testing-module.builder.js:118:9)
      at TestingModuleBuilder.compile (../node_modules/@nestjs/testing/testing-module.builder.js:74:9)
      at Object.<anonymous> (modules/applicants/applicants.service.spec.ts:47:35)

  ● ApplicantsService › advanceStage › case 39: interviewQuestions field is an array; second advancement appends, does not overwrite

    Nest can't resolve dependencies of the ApplicantsService (PrismaService, GapAnalysisService, DecisionCardService, InterviewQuestionService, ?). Please make sure that the argument ScorecardService at index [4] is available in the RootTestModule module.

    Potential solutions:
    - Is RootTestModule a valid NestJS module?
    - If ScorecardService is a provider, is it part of the current RootTestModule?
    - If ScorecardService is exported from a separate @Module, is that module imported within RootTestModule?
      @Module({
        imports: [ /* the Module containing ScorecardService */ ]
      })

    For more common dependency resolution issues, see: https://docs.nestjs.com/faq/common-errors

      45 |
      46 |   beforeEach(async () => {
    > 47 |     const module: TestingModule = await Test.createTestingModule({
         |                                   ^
      48 |       providers: [
      49 |         ApplicantsService,
      50 |         { provide: PrismaService, useValue: mockPrisma },

      at TestingInjector.lookupComponentInParentModules (../node_modules/@nestjs/core/injector/injector.js:290:19)
      at TestingInjector.resolveComponentWrapper (../node_modules/@nestjs/testing/testing-injector.js:19:45)
      at resolveParam (../node_modules/@nestjs/core/injector/injector.js:140:38)
          at async Promise.all (index 4)
      at TestingInjector.resolveConstructorParams (../node_modules/@nestjs/core/injector/injector.js:169:27)
      at TestingInjector.loadInstance (../node_modules/@nestjs/core/injector/injector.js:75:13)
      at TestingInjector.loadProvider (../node_modules/@nestjs/core/injector/injector.js:103:9)
      at ../node_modules/@nestjs/core/injector/instance-loader.js:56:13
          at async Promise.all (index 3)
      at TestingInstanceLoader.createInstancesOfProviders (../node_modules/@nestjs/core/injector/instance-loader.js:55:9)
      at ../node_modules/@nestjs/core/injector/instance-loader.js:40:13
          at async Promise.all (index 1)
      at TestingInstanceLoader.createInstances (../node_modules/@nestjs/core/injector/instance-loader.js:39:9)
      at TestingInstanceLoader.createInstancesOfDependencies (../node_modules/@nestjs/core/injector/instance-loader.js:22:13)
      at TestingInstanceLoader.createInstancesOfDependencies (../node_modules/@nestjs/testing/testing-instance-loader.js:9:9)
      at TestingModuleBuilder.createInstancesOfDependencies (../node_modules/@nestjs/testing/testing-module.builder.js:118:9)
      at TestingModuleBuilder.compile (../node_modules/@nestjs/testing/testing-module.builder.js:74:9)
      at Object.<anonymous> (modules/applicants/applicants.service.spec.ts:47:35)

PASS src/modules/auth-candidate/auth.candidate.service.spec.ts
  ● Console

    console.log
      refresh token:  mock_token

      at AuthCandidateService.issueTokens (modules/auth-candidate/auth.candidate.service.ts:242:13)

    console.log
      access token:  mock_token

      at AuthCandidateService.issueTokens (modules/auth-candidate/auth.candidate.service.ts:243:13)

PASS src/modules/scoring/github-adapter/github-adapter.service.spec.ts
PASS src/modules/auth-candidate/auth.candidate.controller.spec.ts
PASS src/modules/auth-candidate/auth.candidate.logic.spec.ts
PASS src/modules/vouchers/__tests__/vouches.service.spec.ts
PASS src/modules/github-sync/github-sync.controller.spec.ts
PASS src/modules/scoring/cache/cache.service.spec.ts
PASS src/modules/github-sync/github-sync.service.spec.ts
PASS src/modules/scoring/__tests__/scoring-pipeline.spec.ts
PASS src/modules/scoring/web3-adapter/__tests__/solana-adapter.service.spec.ts
PASS src/modules/scoring/scoring-service/scoring.service.spec.ts
PASS src/modules/vouchers/__tests__/voucher-quality.service.spec.ts
PASS src/modules/scoring/github-adapter/octokit.factory.spec.ts
PASS src/modules/scoring/web3-merge/__tests__/web3-merge.service.spec.ts
PASS src/modules/scoring/signal-extractor/__tests__/ecosystem-clarifier.service.spec.ts
[31m[Nest] 478064  - [39m05/06/2026, 6:48:40 AM [31m  ERROR[39m [38;5;3m[HeliusWebhookService] [39mObject(2) {
  txSignature: [32m'sig1'[39m,
  err: [32m'DB error'[39m
}
Unhandled error in confirmVouchFromWebhook
PASS src/modules/scoring/signal-extractor/__tests__/stack-fingerprint.service.spec.ts
PASS src/modules/vouchers/helius-webhook.service.spec.ts
PASS src/modules/scoring/gap-analysis/gap-analysis.service.spec.ts
PASS src/modules/scoring/signal-extractor/__tests__/signal-extractor.service.spec.ts
PASS src/modules/scoring/signal-extractor/signal-extractor.service.spec.ts
[95m[Nest] 478064  - [39m05/06/2026, 6:48:40 AM [95m  DEBUG[39m [38;5;3m[HeliusWebhookService] [39mObject(3) {
  txSignature: [32m'sig_abc123'[39m,
  candidate: [32m'alice'[39m,
  feePayer: [32m'VoucherWallet111'[39m
}
[95m[Nest] 478064  - [39m05/06/2026, 6:48:40 AM [95m  DEBUG[39m [38;5;3m[HeliusWebhookService] [39m[95mhelius_vouch_tx_received[39m
[95m[Nest] 478064  - [39m05/06/2026, 6:48:40 AM [95m  DEBUG[39m [38;5;3m[HeliusWebhookService] [39mObject(3) {
  txSignature: [32m'sig_abc123'[39m,
  candidate: [32m'alice'[39m,
  feePayer: [32m'VoucherWallet111'[39m
}
[95m[Nest] 478064  - [39m05/06/2026, 6:48:40 AM [95m  DEBUG[39m [38;5;3m[HeliusWebhookService] [39m[95mhelius_vouch_tx_received[39m
[95m[Nest] 478064  - [39m05/06/2026, 6:48:40 AM [95m  DEBUG[39m [38;5;3m[HeliusWebhookService] [39mObject(3) {
  txSignature: [32m'sig_abc123'[39m,
  candidate: [32m'alice'[39m,
  feePayer: [32m'VoucherWallet111'[39m
}
[95m[Nest] 478064  - [39m05/06/2026, 6:48:40 AM [95m  DEBUG[39m [38;5;3m[HeliusWebhookService] [39m[95mhelius_vouch_tx_received[39m
[95m[Nest] 478064  - [39m05/06/2026, 6:48:40 AM [95m  DEBUG[39m [38;5;3m[HeliusWebhookService] [39mObject(3) {
  txSignature: [32m'sig1'[39m,
  candidate: [32m'alice'[39m,
  feePayer: [32m'VoucherWallet111'[39m
}
[95m[Nest] 478064  - [39m05/06/2026, 6:48:40 AM [95m  DEBUG[39m [38;5;3m[HeliusWebhookService] [39m[95mhelius_vouch_tx_received[39m
[95m[Nest] 478064  - [39m05/06/2026, 6:48:40 AM [95m  DEBUG[39m [38;5;3m[HeliusWebhookService] [39mObject(3) {
  txSignature: [32m'sig2'[39m,
  candidate: [32m'bob'[39m,
  feePayer: [32m'VoucherWallet111'[39m
}
[95m[Nest] 478064  - [39m05/06/2026, 6:48:40 AM [95m  DEBUG[39m [38;5;3m[HeliusWebhookService] [39m[95mhelius_vouch_tx_received[39m
PASS src/modules/scoring/types/result.types.spec.ts
PASS src/modules/scoring/signal-extractor/__tests__/signal-extraction-integration.spec.ts
PASS src/modules/scoring/decision-card/decision-card.service.spec.ts
[06:48:40.968] INFO (478028): AnalyticsController {/analytics}: {"context":"RoutesResolver"}
[06:48:40.969] INFO (478028): Mapped {/analytics/dashboard, GET} route {"context":"RouterExplorer"}
[06:48:40.969] INFO (478028): ApplicantsController {/applications}: {"context":"RoutesResolver"}
[06:48:40.970] INFO (478028): Mapped {/applications/me/gap-preview, GET} route {"context":"RouterExplorer"}
[06:48:40.970] INFO (478028): Mapped {/applications/me/:jobId, POST} route {"context":"RouterExplorer"}
[06:48:40.970] INFO (478028): Mapped {/applications/me, GET} route {"context":"RouterExplorer"}
[06:48:40.971] INFO (478028): Mapped {/applications/hr/jobs/:jobId, GET} route {"context":"RouterExplorer"}
[06:48:40.971] INFO (478028): Mapped {/applications/hr/:appId, GET} route {"context":"RouterExplorer"}
[06:48:40.971] INFO (478028): Mapped {/applications/hr/:appId/decision, PATCH} route {"context":"RouterExplorer"}
[06:48:40.971] INFO (478028): Mapped {/applications/hr/:appId/scorecard, GET} route {"context":"RouterExplorer"}
[06:48:40.972] INFO (478028): Mapped {/applications/hr/:appId/stage, PATCH} route {"context":"RouterExplorer"}
[06:48:40.972] INFO (478028): Mapped {/applications/hr/:appId/interview-questions, GET} route {"context":"RouterExplorer"}
[06:48:40.972] INFO (478028): ScorecardController {/api/scorecard}: {"context":"RoutesResolver"}
[06:48:40.972] INFO (478028): Mapped {/api/scorecard/mock/preview, POST} route {"context":"RouterExplorer"}
[06:48:40.972] INFO (478028): Mapped {/api/scorecard/mock/preview/raw, POST} route {"context":"RouterExplorer"}
[06:48:40.973] INFO (478028): Mapped {/api/scorecard/me, GET} route {"context":"RouterExplorer"}
[06:48:40.973] INFO (478028): Mapped {/api/scorecard/:username, GET} route {"context":"RouterExplorer"}
[06:48:40.973] INFO (478028): Mapped {/api/scorecard/me/raw, GET} route {"context":"RouterExplorer"}
[06:48:40.973] INFO (478028): Mapped {/api/scorecard/:username/raw, GET} route {"context":"RouterExplorer"}
[06:48:40.973] INFO (478028): MockController {/api/mock}: {"context":"RoutesResolver"}
[06:48:40.973] INFO (478028): Mapped {/api/mock/analysis/wallet, GET} route {"context":"RouterExplorer"}
[06:48:40.973] INFO (478028): Mapped {/api/mock/analysis/github-only, GET} route {"context":"RouterExplorer"}
[06:48:40.973] INFO (478028): Mapped {/api/mock/analysis/wallet-only, GET} route {"context":"RouterExplorer"}
[06:48:40.973] INFO (478028): Mapped {/api/mock/analysis, GET} route {"context":"RouterExplorer"}
[06:48:40.973] INFO (478028): Mapped {/api/mock/viewer, GET} route {"context":"RouterExplorer"}
[06:48:40.973] INFO (478028): AnalysisController {/api/analysis}: {"context":"RoutesResolver"}
[06:48:40.974] INFO (478028): Mapped {/api/analysis, POST} route {"context":"RouterExplorer"}
[06:48:40.974] INFO (478028): Mapped {/api/analysis/recompute, POST} route {"context":"RouterExplorer"}
[06:48:40.974] INFO (478028): Mapped {/api/analysis/:jobId/status, GET} route {"context":"RouterExplorer"}
[06:48:40.974] INFO (478028): Mapped {/api/analysis/:jobId/result, GET} route {"context":"RouterExplorer"}
[06:48:40.974] INFO (478028): GithubSyncController {/sync/github}: {"context":"RoutesResolver"}
[06:48:40.974] INFO (478028): Mapped {/sync/github/connect, GET} route {"context":"RouterExplorer"}
[06:48:40.975] INFO (478028): Mapped {/sync/github/connect/callback, GET} route {"context":"RouterExplorer"}
[06:48:40.975] INFO (478028): Mapped {/sync/github, POST} route {"context":"RouterExplorer"}
[06:48:40.975] INFO (478028): Mapped {/sync/github/status, GET} route {"context":"RouterExplorer"}
[06:48:40.975] INFO (478028): JobsController {/jobs}: {"context":"RoutesResolver"}
[06:48:40.975] INFO (478028): Mapped {/jobs, GET} route {"context":"RouterExplorer"}
[06:48:40.975] INFO (478028): Mapped {/jobs/me, GET} route {"context":"RouterExplorer"}
[06:48:40.975] INFO (478028): Mapped {/jobs/:id, GET} route {"context":"RouterExplorer"}
[06:48:40.976] INFO (478028): Mapped {/jobs/draft, POST} route {"context":"RouterExplorer"}
[06:48:40.976] INFO (478028): Mapped {/jobs/:id/parse-jd, POST} route {"context":"RouterExplorer"}
[06:48:40.976] INFO (478028): Mapped {/jobs/:id/confirm-requirements, POST} route {"context":"RouterExplorer"}
[06:48:40.976] INFO (478028): Mapped {/jobs/:id/publish, POST} route {"context":"RouterExplorer"}
[06:48:40.976] INFO (478028): Mapped {/jobs/:id/close, POST} route {"context":"RouterExplorer"}
[06:48:40.976] INFO (478028): AuthEmployerController {/auth/employer}: {"context":"RoutesResolver"}
[06:48:40.976] INFO (478028): Mapped {/auth/employer/login, POST} route {"context":"RouterExplorer"}
[06:48:40.976] INFO (478028): Mapped {/auth/employer/logout, POST} route {"context":"RouterExplorer"}
[06:48:40.976] INFO (478028): AuthCandidateController {/auth/candidate}: {"context":"RoutesResolver"}
[06:48:40.977] INFO (478028): Mapped {/auth/candidate/register, POST} route {"context":"RouterExplorer"}
[06:48:40.977] INFO (478028): Mapped {/auth/candidate/verify-email, POST} route {"context":"RouterExplorer"}
[06:48:40.977] INFO (478028): Mapped {/auth/candidate/login, POST} route {"context":"RouterExplorer"}
[06:48:40.977] INFO (478028): Mapped {/auth/candidate/logout, POST} route {"context":"RouterExplorer"}
[06:48:40.977] INFO (478028): Mapped {/auth/candidate/github, GET} route {"context":"RouterExplorer"}
[06:48:40.978] INFO (478028): Mapped {/auth/candidate/github/callback, GET} route {"context":"RouterExplorer"}
[06:48:40.978] INFO (478028): Mapped {/auth/candidate/google, GET} route {"context":"RouterExplorer"}
[06:48:40.978] INFO (478028): Mapped {/auth/candidate/google/callback, GET} route {"context":"RouterExplorer"}
[06:48:40.978] INFO (478028): Mapped {/auth/candidate/onboarding, POST} route {"context":"RouterExplorer"}
[06:48:40.978] INFO (478028): Mapped {/auth/candidate/github/link, GET} route {"context":"RouterExplorer"}
[06:48:40.978] INFO (478028): Mapped {/auth/candidate/github/link/callback, GET} route {"context":"RouterExplorer"}
[06:48:40.978] INFO (478028): Mapped {/auth/candidate/google/link, GET} route {"context":"RouterExplorer"}
[06:48:40.978] INFO (478028): Mapped {/auth/candidate/google/link/callback, GET} route {"context":"RouterExplorer"}
[06:48:40.978] INFO (478028): Mapped {/auth/candidate/refresh, POST} route {"context":"RouterExplorer"}
[06:48:40.979] INFO (478028): Mapped {/auth/candidate/mfa/setup, GET} route {"context":"RouterExplorer"}
[06:48:40.979] INFO (478028): Mapped {/auth/candidate/mfa/activate, POST} route {"context":"RouterExplorer"}
[06:48:40.979] INFO (478028): Mapped {/auth/candidate/mfa/verify, POST} route {"context":"RouterExplorer"}
[06:48:40.979] INFO (478028): Mapped {/auth/candidate/mfa/verify-recovery, POST} route {"context":"RouterExplorer"}
[06:48:40.979] INFO (478028): CompaniesController {/me/company}: {"context":"RoutesResolver"}
[06:48:40.979] INFO (478028): Mapped {/me/company, GET} route {"context":"RouterExplorer"}
[06:48:40.979] INFO (478028): HealthController {/health}: {"context":"RoutesResolver"}
[06:48:40.979] INFO (478028): Mapped {/health, GET} route {"context":"RouterExplorer"}
[06:48:40.979] INFO (478028): ProfileController {/me/user}: {"context":"RoutesResolver"}
[06:48:40.979] INFO (478028): Mapped {/me/user, GET} route {"context":"RouterExplorer"}
[06:48:40.980] INFO (478028): Mapped {/me/user, PATCH} route {"context":"RouterExplorer"}
[06:48:40.980] INFO (478028): Mapped {/me/user, DELETE} route {"context":"RouterExplorer"}
[06:48:40.980] INFO (478028): Mapped {/me/user/candidate, GET} route {"context":"RouterExplorer"}
[06:48:40.980] INFO (478028): Mapped {/me/user/candidate, PATCH} route {"context":"RouterExplorer"}
[06:48:40.980] INFO (478028): Mapped {/me/user/github, GET} route {"context":"RouterExplorer"}
[06:48:40.980] INFO (478028): Mapped {/me/user/wallet, GET} route {"context":"RouterExplorer"}
[06:48:40.980] INFO (478028): VouchesController {/vouch}: {"context":"RoutesResolver"}
[06:48:40.980] INFO (478028): Mapped {/vouch/confirm, POST} route {"context":"RouterExplorer"}
[06:48:40.981] INFO (478028): Mapped {/vouch/:id, DELETE} route {"context":"RouterExplorer"}
[06:48:40.981] INFO (478028): Mapped {/vouch/webhooks/helius, POST} route {"context":"RouterExplorer"}
[06:48:40.981] INFO (478028): ActionsController {/api/actions}: {"context":"RoutesResolver"}
[06:48:40.981] INFO (478028): Mapped {/api/actions/vouch/:username, GET} route {"context":"RouterExplorer"}
[06:48:40.981] INFO (478028): Mapped {/api/actions/vouch/:username, POST} route {"context":"RouterExplorer"}
[06:48:40.981] INFO (478028): WalletSyncController {/sync/wallet}: {"context":"RoutesResolver"}
[06:48:40.981] INFO (478028): Mapped {/sync/wallet/challenge, GET} route {"context":"RouterExplorer"}
[06:48:40.981] INFO (478028): Mapped {/sync/wallet, POST} route {"context":"RouterExplorer"}
[06:48:40.981] INFO (478028): EscrowController {/escrow}: {"context":"RoutesResolver"}
[06:48:40.981] INFO (478028): Mapped {/escrow/init-params/:jobPostId, GET} route {"context":"RouterExplorer"}
[06:48:40.981] INFO (478028): Mapped {/escrow/confirm-funded, POST} route {"context":"RouterExplorer"}
[06:48:40.981] INFO (478028): Mapped {/escrow/set-candidate, POST} route {"context":"RouterExplorer"}
[06:48:40.981] INFO (478028): Mapped {/escrow/confirm-released, POST} route {"context":"RouterExplorer"}
[06:48:40.982] INFO (478028): Mapped {/escrow/confirm-refunded, POST} route {"context":"RouterExplorer"}
[06:48:40.982] INFO (478028): Mapped {/escrow/status/:jobPostId, GET} route {"context":"RouterExplorer"}
[06:48:41.097] INFO (478028): Nest application successfully started {"context":"NestApplication"}
[06:48:41.137] INFO (478036): request completed {"req":{"id":1,"method":"POST","url":"/api/analysis/recompute","query":{},"params":{"path":["api","analysis","recompute"]},"headers":{"host":"127.0.0.1:34603","accept-encoding":"gzip, deflate","content-type":"application/json","content-length":"29","connection":"close"},"remoteAddress":"::ffff:127.0.0.1","remotePort":39868},"res":{"statusCode":403,"headers":{"x-powered-by":"Express","x-ratelimit-limit":"300","x-ratelimit-remaining":"299","x-ratelimit-reset":"60","content-type":"application/json; charset=utf-8","content-length":"84","etag":"W/\"54-GKW1lsP2p1jUQaL9WEUt/txS+24\""}},"responseTime":3}
[06:48:41.146] INFO (478028): request completed {"req":{"id":1,"method":"POST","url":"/api/analysis","query":{},"params":{"path":["api","analysis"]},"headers":{"host":"127.0.0.1:40687","accept-encoding":"gzip, deflate","content-type":"application/json","content-length":"33","connection":"close"},"remoteAddress":"::ffff:127.0.0.1","remotePort":49396},"res":{"statusCode":201,"headers":{"x-powered-by":"Express","content-type":"application/json; charset=utf-8","content-length":"48","etag":"W/\"30-lXO/e3PoO4KRQbS7G9tax1U/PbQ\""}},"responseTime":11}
[06:48:41.147] INFO (478028): Starting signal pipeline for profile alex-backend in mode github-only {"context":"SignalComputeProcessor"}
[06:48:41.161] INFO (478036): request completed {"req":{"id":2,"method":"POST","url":"/api/analysis/recompute","query":{},"params":{"path":["api","analysis","recompute"]},"headers":{"host":"127.0.0.1:33927","accept-encoding":"gzip, deflate","x-internal-key":"test-internal-key","content-type":"application/json","content-length":"48","connection":"close"},"remoteAddress":"::ffff:127.0.0.1","remotePort":42210},"res":{"statusCode":400,"headers":{"x-powered-by":"Express","x-ratelimit-limit":"300","x-ratelimit-remaining":"298","x-ratelimit-reset":"60","content-type":"application/json; charset=utf-8","content-length":"71","etag":"W/\"47-PzgZyB9t6JfDSuCTGDX36oVdQkU\""}},"responseTime":4}
[06:48:41.156] ERROR (478028): Failed to fetch data for alex-backend: this.githubAdapter.getRateLimitRemaining is not a function {"context":"SignalComputeProcessor"}
[06:48:41.169] INFO (478028): request completed {"req":{"id":2,"method":"GET","url":"/api/analysis/337449f9-eb5a-48cd-955c-a1fb93a203fe/status","query":{},"params":{"path":["api","analysis","337449f9-eb5a-48cd-955c-a1fb93a203fe","status"]},"headers":{"host":"127.0.0.1:33597","accept-encoding":"gzip, deflate","connection":"close"},"remoteAddress":"::ffff:127.0.0.1","remotePort":45196},"res":{"statusCode":200,"headers":{"x-powered-by":"Express","content-type":"application/json; charset=utf-8","content-length":"63","etag":"W/\"3f-H4HKFP2FuPBdsxQ0kolpCK2uNjs\""}},"responseTime":15}
[06:48:41.167] ERROR (478028): Pipeline failed for alex-backend: Insufficient public data for alex-backend {"context":"SignalComputeProcessor"}
    err: {
      "type": "Error",
      "message": "Pipeline failed for alex-backend: Insufficient public data for alex-backend",
      "stack":
          Error: Insufficient public data for alex-backend
              at SignalComputeProcessor.process (/home/arturo-clavero/16Signals/backend/src/queues/signal-compute.processor.ts:204:17)
              at /home/arturo-clavero/16Signals/backend/node_modules/bullmq/src/classes/worker.ts:1020:26
    }
[06:48:41.173] INFO (478036): request completed {"req":{"id":3,"method":"POST","url":"/api/analysis/recompute","query":{},"params":{"path":["api","analysis","recompute"]},"headers":{"host":"127.0.0.1:38219","accept-encoding":"gzip, deflate","x-internal-key":"test-internal-key","content-type":"application/json","content-length":"2","connection":"close"},"remoteAddress":"::ffff:127.0.0.1","remotePort":57034},"res":{"statusCode":400,"headers":{"x-powered-by":"Express","x-ratelimit-limit":"300","x-ratelimit-remaining":"297","x-ratelimit-reset":"60","content-type":"application/json; charset=utf-8","content-length":"71","etag":"W/\"47-PzgZyB9t6JfDSuCTGDX36oVdQkU\""}},"responseTime":1}
[06:48:41.179] INFO (478036): request completed {"req":{"id":4,"method":"GET","url":"/api/analysis/job-999/result","query":{},"params":{"path":["api","analysis","job-999","result"]},"headers":{"host":"127.0.0.1:34423","accept-encoding":"gzip, deflate","connection":"close"},"remoteAddress":"::ffff:127.0.0.1","remotePort":44324},"res":{"statusCode":404,"headers":{"x-powered-by":"Express","x-ratelimit-limit":"300","x-ratelimit-remaining":"299","x-ratelimit-reset":"60","content-type":"application/json; charset=utf-8","content-length":"72","etag":"W/\"48-HugBdx4zT5QGRoTD1U08k7Dzs7o\""}},"responseTime":3}
[06:48:41.187] INFO (478036): request completed {"req":{"id":5,"method":"GET","url":"/api/analysis/2a303b9f-b5de-495d-9141-75d7ce776375/result","query":{},"params":{"path":["api","analysis","2a303b9f-b5de-495d-9141-75d7ce776375","result"]},"headers":{"host":"127.0.0.1:45771","accept-encoding":"gzip, deflate","connection":"close"},"remoteAddress":"::ffff:127.0.0.1","remotePort":41710},"res":{"statusCode":200,"headers":{"x-powered-by":"Express","x-ratelimit-limit":"300","x-ratelimit-remaining":"298","x-ratelimit-reset":"60","content-type":"application/json; charset=utf-8","content-length":"33","etag":"W/\"21-9GDpL+QTMcSUyLIEGPe0lNuI/YQ\""}},"responseTime":2}
[06:48:41.193] INFO (478036): request completed {"req":{"id":6,"method":"GET","url":"/api/analysis/e008f536-1cf7-426b-a64f-cc11c0aefc29/result","query":{},"params":{"path":["api","analysis","e008f536-1cf7-426b-a64f-cc11c0aefc29","result"]},"headers":{"host":"127.0.0.1:43135","accept-encoding":"gzip, deflate","connection":"close"},"remoteAddress":"::ffff:127.0.0.1","remotePort":41416},"res":{"statusCode":200,"headers":{"x-powered-by":"Express","x-ratelimit-limit":"300","x-ratelimit-remaining":"297","x-ratelimit-reset":"60","content-type":"application/json; charset=utf-8","content-length":"79","etag":"W/\"4f-q9iK5AFA4TbffCiZrr9Z+ry7pk8\""}},"responseTime":1}
FAIL src/modules/scoring/__tests__/analysis-api.spec.ts
  ● Console

    console.log
      [Redis] Attempting to connect to 127.0.0.1:6379

      at InstanceWrapper.useFactory [as metatype] (redis/redis.provider.ts:9:13)
          at async Promise.all (index 3)
          at async Promise.all (index 6)

    console.log
      [Redis] Connected successfully

      at EventEmitter.<anonymous> (redis/redis.provider.ts:26:15)

  ● AnalysisController (integration) › POST /api/analysis/recompute › should enqueue a job for a valid profile

    expect(received).toBe(expected) // Object.is equality

    Expected: 201
    Received: 400

       99 |         .send({ githubUsername: username }); // Use dynamic username
      100 |
    > 101 |       expect(response.status).toBe(201);
          |                               ^
      102 |       expect(response.body).toHaveProperty('jobId', expect.any(String));
      103 |       expect(signalQueueMock.add).toHaveBeenCalledWith(
      104 |         'analyze',

      at Object.<anonymous> (modules/scoring/__tests__/analysis-api.spec.ts:101:31)

[06:48:41.232] INFO (478028): Processing email job 1 for dup-eaad5a95894be071bcb304e504cc3a2b@example.com {"context":"EmailProcessor"}
[06:48:41.232] INFO (478028): [MAIL STUB] To: dup-eaad5a95894be071bcb304e504cc3a2b@example.com, Subject: Verify your Colosseum account, Content: <p>Your verification code is: <b>331929</b></p> {"context":"EmailService"}
[06:48:41.432] INFO (478028): request completed {"req":{"id":3,"method":"GET","url":"/api/analysis/337449f9-eb5a-48cd-955c-a1fb93a203fe/status","query":{},"params":{"path":["api","analysis","337449f9-eb5a-48cd-955c-a1fb93a203fe","status"]},"headers":{"host":"127.0.0.1:44721","accept-encoding":"gzip, deflate","connection":"close"},"remoteAddress":"::ffff:127.0.0.1","remotePort":43978},"res":{"statusCode":404,"headers":{"x-powered-by":"Express","content-type":"application/json; charset=utf-8","content-length":"101","etag":"W/\"65-Myo7KCG3ppoROGsZ0ZaHENH5Ed4\""}},"responseTime":2}
[06:48:41.493] INFO (478028): Processing email job 2 for user1-e36fab197df4f9766ce193dd16bedbe0@example.com {"context":"EmailProcessor"}
[06:48:41.493] INFO (478028): [MAIL STUB] To: user1-e36fab197df4f9766ce193dd16bedbe0@example.com, Subject: Verify your Colosseum account, Content: <p>Your verification code is: <b>676466</b></p> {"context":"EmailService"}
[06:48:41.636] INFO (478028): request completed {"req":{"id":4,"method":"GET","url":"/api/analysis/337449f9-eb5a-48cd-955c-a1fb93a203fe/status","query":{},"params":{"path":["api","analysis","337449f9-eb5a-48cd-955c-a1fb93a203fe","status"]},"headers":{"host":"127.0.0.1:44577","accept-encoding":"gzip, deflate","connection":"close"},"remoteAddress":"::ffff:127.0.0.1","remotePort":42262},"res":{"statusCode":404,"headers":{"x-powered-by":"Express","content-type":"application/json; charset=utf-8","content-length":"101","etag":"W/\"65-Myo7KCG3ppoROGsZ0ZaHENH5Ed4\""}},"responseTime":2}
[06:48:41.707] INFO (478028): Processing email job 3 for mfa-96364dbb59cbf42dec4cceed0f37a350@example.com {"context":"EmailProcessor"}
[06:48:41.708] INFO (478028): [MAIL STUB] To: mfa-96364dbb59cbf42dec4cceed0f37a350@example.com, Subject: Verify your Colosseum account, Content: <p>Your verification code is: <b>220568</b></p> {"context":"EmailService"}
[06:48:41.840] INFO (478028): request completed {"req":{"id":5,"method":"GET","url":"/api/analysis/337449f9-eb5a-48cd-955c-a1fb93a203fe/status","query":{},"params":{"path":["api","analysis","337449f9-eb5a-48cd-955c-a1fb93a203fe","status"]},"headers":{"host":"127.0.0.1:33859","accept-encoding":"gzip, deflate","connection":"close"},"remoteAddress":"::ffff:127.0.0.1","remotePort":34604},"res":{"statusCode":404,"headers":{"x-powered-by":"Express","content-type":"application/json; charset=utf-8","content-length":"101","etag":"W/\"65-Myo7KCG3ppoROGsZ0ZaHENH5Ed4\""}},"responseTime":2}
[06:48:41.965] INFO (478028): Processing email job 4 for reset-af0e93422949f0498f07beb83c1cb5f7@example.com {"context":"EmailProcessor"}
[06:48:41.965] INFO (478028): [MAIL STUB] To: reset-af0e93422949f0498f07beb83c1cb5f7@example.com, Subject: Verify your Colosseum account, Content: <p>Your verification code is: <b>147935</b></p> {"context":"EmailService"}
[06:48:41.967] INFO (478028): Processing email job 5 for reset-af0e93422949f0498f07beb83c1cb5f7@example.com {"context":"EmailProcessor"}
[06:48:41.967] INFO (478028): [MAIL STUB] To: reset-af0e93422949f0498f07beb83c1cb5f7@example.com, Subject: Reset your Colosseum password, Content: <p>Click <a href="undefined/reset-password?token=ab16a8138d04785e48e68b35767226ae895cf778d98339d7eaa72e671950dc0e">here</a> to reset your password.</p> {"context":"EmailService"}
[06:48:42.045] INFO (478028): request completed {"req":{"id":6,"method":"GET","url":"/api/analysis/337449f9-eb5a-48cd-955c-a1fb93a203fe/status","query":{},"params":{"path":["api","analysis","337449f9-eb5a-48cd-955c-a1fb93a203fe","status"]},"headers":{"host":"127.0.0.1:33375","accept-encoding":"gzip, deflate","connection":"close"},"remoteAddress":"::ffff:127.0.0.1","remotePort":41574},"res":{"statusCode":404,"headers":{"x-powered-by":"Express","content-type":"application/json; charset=utf-8","content-length":"101","etag":"W/\"65-Myo7KCG3ppoROGsZ0ZaHENH5Ed4\""}},"responseTime":2}
[06:48:42.184] INFO (478028): Processing email job 6 for inv-da752d49330ed260a85f530b39acee1a@example.com {"context":"EmailProcessor"}
[06:48:42.184] INFO (478028): [MAIL STUB] To: inv-da752d49330ed260a85f530b39acee1a@example.com, Subject: Verify your Colosseum account, Content: <p>Your verification code is: <b>329233</b></p> {"context":"EmailService"}
[06:48:42.249] INFO (478028): request completed {"req":{"id":7,"method":"GET","url":"/api/analysis/337449f9-eb5a-48cd-955c-a1fb93a203fe/status","query":{},"params":{"path":["api","analysis","337449f9-eb5a-48cd-955c-a1fb93a203fe","status"]},"headers":{"host":"127.0.0.1:43693","accept-encoding":"gzip, deflate","connection":"close"},"remoteAddress":"::ffff:127.0.0.1","remotePort":52122},"res":{"statusCode":404,"headers":{"x-powered-by":"Express","content-type":"application/json; charset=utf-8","content-length":"101","etag":"W/\"65-Myo7KCG3ppoROGsZ0ZaHENH5Ed4\""}},"responseTime":2}
PASS src/modules/auth-candidate/auth.candidate.service.integration.spec.ts
  ● Console

    console.log
      [Redis] Attempting to connect to 127.0.0.1:6379

      at InstanceWrapper.useFactory [as metatype] (redis/redis.provider.ts:9:13)
          at async Promise.all (index 3)
          at async Promise.all (index 6)

    console.log
      [Redis] Connected successfully

      at EventEmitter.<anonymous> (redis/redis.provider.ts:26:15)

    console.log
      [Redis] Attempting to connect to 127.0.0.1:6379

      at InstanceWrapper.useFactory [as metatype] (redis/redis.provider.ts:9:13)
          at async Promise.all (index 3)
          at async Promise.all (index 6)

    console.log
      [Redis] Connected successfully

      at EventEmitter.<anonymous> (redis/redis.provider.ts:26:15)

    console.log
      [Redis] Attempting to connect to 127.0.0.1:6379

      at InstanceWrapper.useFactory [as metatype] (redis/redis.provider.ts:9:13)
          at async Promise.all (index 3)
          at async Promise.all (index 6)

    console.log
      [Redis] Connected successfully

      at EventEmitter.<anonymous> (redis/redis.provider.ts:26:15)

    console.log
      [Redis] Attempting to connect to 127.0.0.1:6379

      at InstanceWrapper.useFactory [as metatype] (redis/redis.provider.ts:9:13)
          at async Promise.all (index 3)
          at async Promise.all (index 6)

    console.log
      [Redis] Connected successfully

      at EventEmitter.<anonymous> (redis/redis.provider.ts:26:15)

    console.log
      [Redis] Attempting to connect to 127.0.0.1:6379

      at InstanceWrapper.useFactory [as metatype] (redis/redis.provider.ts:9:13)
          at async Promise.all (index 3)
          at async Promise.all (index 6)

    console.log
      [Redis] Connected successfully

      at EventEmitter.<anonymous> (redis/redis.provider.ts:26:15)

    console.log
      refresh token:  eyJhbGciOiJIUzI1NiIsInR5cCI6IkpXVCJ9.eyJzdWIiOiI2ZWVhYWJiZS1kOTQ2LTQ3ODUtODVlZS1mMzkwZGRjMTBlYWUiLCJqdGkiOiI1ZmQ1N2VkYS01N2UwLTQwODQtOTk5Zi0xZDJjOWI2MTgyMGMiLCJpYXQiOjE3NzgwMzU3MjIsImV4cCI6MTc3ODY0MDUyMn0.2Z0HRnbIrRqGhewkaDKV894OQKop8ByWpTJUKJuAqHc

      at AuthCandidateService.issueTokens (modules/auth-candidate/auth.candidate.service.ts:242:13)

    console.log
      access token:  eyJhbGciOiJIUzI1NiIsInR5cCI6IkpXVCJ9.eyJzdWIiOiI2ZWVhYWJiZS1kOTQ2LTQ3ODUtODVlZS1mMzkwZGRjMTBlYWUiLCJpc0VtYWlsVmVyaWZpZWQiOnRydWUsInJvbGUiOiJDQU5ESURBVEUiLCJqdGkiOiI5OWNkMWNlMi1hYzU1LTQ1MjEtOWI0OC0wYTlkZjdmMGRlYWUiLCJpYXQiOjE3NzgwMzU3MjIsImV4cCI6MTc3ODAzNjYyMn0.QTm3Ol3-Y9JGkHmAHICcfuQ4qzC2Ghz2wMxFwIzzbII

      at AuthCandidateService.issueTokens (modules/auth-candidate/auth.candidate.service.ts:243:13)

[06:48:42.454] INFO (478028): request completed {"req":{"id":8,"method":"GET","url":"/api/analysis/337449f9-eb5a-48cd-955c-a1fb93a203fe/status","query":{},"params":{"path":["api","analysis","337449f9-eb5a-48cd-955c-a1fb93a203fe","status"]},"headers":{"host":"127.0.0.1:42345","accept-encoding":"gzip, deflate","connection":"close"},"remoteAddress":"::ffff:127.0.0.1","remotePort":54046},"res":{"statusCode":404,"headers":{"x-powered-by":"Express","content-type":"application/json; charset=utf-8","content-length":"101","etag":"W/\"65-Myo7KCG3ppoROGsZ0ZaHENH5Ed4\""}},"responseTime":2}
[06:48:42.658] INFO (478028): request completed {"req":{"id":9,"method":"GET","url":"/api/analysis/337449f9-eb5a-48cd-955c-a1fb93a203fe/status","query":{},"params":{"path":["api","analysis","337449f9-eb5a-48cd-955c-a1fb93a203fe","status"]},"headers":{"host":"127.0.0.1:34737","accept-encoding":"gzip, deflate","connection":"close"},"remoteAddress":"::ffff:127.0.0.1","remotePort":39468},"res":{"statusCode":404,"headers":{"x-powered-by":"Express","content-type":"application/json; charset=utf-8","content-length":"101","etag":"W/\"65-Myo7KCG3ppoROGsZ0ZaHENH5Ed4\""}},"responseTime":2}
[06:48:42.863] INFO (478028): request completed {"req":{"id":10,"method":"GET","url":"/api/analysis/337449f9-eb5a-48cd-955c-a1fb93a203fe/status","query":{},"params":{"path":["api","analysis","337449f9-eb5a-48cd-955c-a1fb93a203fe","status"]},"headers":{"host":"127.0.0.1:35737","accept-encoding":"gzip, deflate","connection":"close"},"remoteAddress":"::ffff:127.0.0.1","remotePort":53278},"res":{"statusCode":404,"headers":{"x-powered-by":"Express","content-type":"application/json; charset=utf-8","content-length":"101","etag":"W/\"65-Myo7KCG3ppoROGsZ0ZaHENH5Ed4\""}},"responseTime":2}
[06:48:43.068] INFO (478028): request completed {"req":{"id":11,"method":"GET","url":"/api/analysis/337449f9-eb5a-48cd-955c-a1fb93a203fe/status","query":{},"params":{"path":["api","analysis","337449f9-eb5a-48cd-955c-a1fb93a203fe","status"]},"headers":{"host":"127.0.0.1:41001","accept-encoding":"gzip, deflate","connection":"close"},"remoteAddress":"::ffff:127.0.0.1","remotePort":34142},"res":{"statusCode":404,"headers":{"x-powered-by":"Express","content-type":"application/json; charset=utf-8","content-length":"101","etag":"W/\"65-Myo7KCG3ppoROGsZ0ZaHENH5Ed4\""}},"responseTime":2}
[06:48:43.273] INFO (478028): request completed {"req":{"id":12,"method":"GET","url":"/api/analysis/337449f9-eb5a-48cd-955c-a1fb93a203fe/status","query":{},"params":{"path":["api","analysis","337449f9-eb5a-48cd-955c-a1fb93a203fe","status"]},"headers":{"host":"127.0.0.1:42247","accept-encoding":"gzip, deflate","connection":"close"},"remoteAddress":"::ffff:127.0.0.1","remotePort":38532},"res":{"statusCode":404,"headers":{"x-powered-by":"Express","content-type":"application/json; charset=utf-8","content-length":"101","etag":"W/\"65-Myo7KCG3ppoROGsZ0ZaHENH5Ed4\""}},"responseTime":3}
[06:48:43.478] INFO (478028): request completed {"req":{"id":13,"method":"GET","url":"/api/analysis/337449f9-eb5a-48cd-955c-a1fb93a203fe/status","query":{},"params":{"path":["api","analysis","337449f9-eb5a-48cd-955c-a1fb93a203fe","status"]},"headers":{"host":"127.0.0.1:38719","accept-encoding":"gzip, deflate","connection":"close"},"remoteAddress":"::ffff:127.0.0.1","remotePort":47664},"res":{"statusCode":404,"headers":{"x-powered-by":"Express","content-type":"application/json; charset=utf-8","content-length":"101","etag":"W/\"65-Myo7KCG3ppoROGsZ0ZaHENH5Ed4\""}},"responseTime":2}
[06:48:43.684] INFO (478028): request completed {"req":{"id":14,"method":"GET","url":"/api/analysis/337449f9-eb5a-48cd-955c-a1fb93a203fe/status","query":{},"params":{"path":["api","analysis","337449f9-eb5a-48cd-955c-a1fb93a203fe","status"]},"headers":{"host":"127.0.0.1:33879","accept-encoding":"gzip, deflate","connection":"close"},"remoteAddress":"::ffff:127.0.0.1","remotePort":43156},"res":{"statusCode":404,"headers":{"x-powered-by":"Express","content-type":"application/json; charset=utf-8","content-length":"101","etag":"W/\"65-Myo7KCG3ppoROGsZ0ZaHENH5Ed4\""}},"responseTime":2}
[06:48:43.890] INFO (478028): request completed {"req":{"id":15,"method":"GET","url":"/api/analysis/337449f9-eb5a-48cd-955c-a1fb93a203fe/status","query":{},"params":{"path":["api","analysis","337449f9-eb5a-48cd-955c-a1fb93a203fe","status"]},"headers":{"host":"127.0.0.1:33577","accept-encoding":"gzip, deflate","connection":"close"},"remoteAddress":"::ffff:127.0.0.1","remotePort":41738},"res":{"statusCode":404,"headers":{"x-powered-by":"Express","content-type":"application/json; charset=utf-8","content-length":"101","etag":"W/\"65-Myo7KCG3ppoROGsZ0ZaHENH5Ed4\""}},"responseTime":3}
[06:48:44.096] INFO (478028): request completed {"req":{"id":16,"method":"GET","url":"/api/analysis/337449f9-eb5a-48cd-955c-a1fb93a203fe/status","query":{},"params":{"path":["api","analysis","337449f9-eb5a-48cd-955c-a1fb93a203fe","status"]},"headers":{"host":"127.0.0.1:38265","accept-encoding":"gzip, deflate","connection":"close"},"remoteAddress":"::ffff:127.0.0.1","remotePort":50078},"res":{"statusCode":404,"headers":{"x-powered-by":"Express","content-type":"application/json; charset=utf-8","content-length":"101","etag":"W/\"65-Myo7KCG3ppoROGsZ0ZaHENH5Ed4\""}},"responseTime":3}
[06:48:44.301] INFO (478028): request completed {"req":{"id":17,"method":"GET","url":"/api/analysis/337449f9-eb5a-48cd-955c-a1fb93a203fe/status","query":{},"params":{"path":["api","analysis","337449f9-eb5a-48cd-955c-a1fb93a203fe","status"]},"headers":{"host":"127.0.0.1:33559","accept-encoding":"gzip, deflate","connection":"close"},"remoteAddress":"::ffff:127.0.0.1","remotePort":56118},"res":{"statusCode":404,"headers":{"x-powered-by":"Express","content-type":"application/json; charset=utf-8","content-length":"101","etag":"W/\"65-Myo7KCG3ppoROGsZ0ZaHENH5Ed4\""}},"responseTime":2}
[06:48:44.506] INFO (478028): request completed {"req":{"id":18,"method":"GET","url":"/api/analysis/337449f9-eb5a-48cd-955c-a1fb93a203fe/status","query":{},"params":{"path":["api","analysis","337449f9-eb5a-48cd-955c-a1fb93a203fe","status"]},"headers":{"host":"127.0.0.1:41471","accept-encoding":"gzip, deflate","connection":"close"},"remoteAddress":"::ffff:127.0.0.1","remotePort":52706},"res":{"statusCode":404,"headers":{"x-powered-by":"Express","content-type":"application/json; charset=utf-8","content-length":"101","etag":"W/\"65-Myo7KCG3ppoROGsZ0ZaHENH5Ed4\""}},"responseTime":2}
[06:48:44.711] INFO (478028): request completed {"req":{"id":19,"method":"GET","url":"/api/analysis/337449f9-eb5a-48cd-955c-a1fb93a203fe/status","query":{},"params":{"path":["api","analysis","337449f9-eb5a-48cd-955c-a1fb93a203fe","status"]},"headers":{"host":"127.0.0.1:35073","accept-encoding":"gzip, deflate","connection":"close"},"remoteAddress":"::ffff:127.0.0.1","remotePort":41110},"res":{"statusCode":404,"headers":{"x-powered-by":"Express","content-type":"application/json; charset=utf-8","content-length":"101","etag":"W/\"65-Myo7KCG3ppoROGsZ0ZaHENH5Ed4\""}},"responseTime":3}
[06:48:44.915] INFO (478028): request completed {"req":{"id":20,"method":"GET","url":"/api/analysis/337449f9-eb5a-48cd-955c-a1fb93a203fe/status","query":{},"params":{"path":["api","analysis","337449f9-eb5a-48cd-955c-a1fb93a203fe","status"]},"headers":{"host":"127.0.0.1:39539","accept-encoding":"gzip, deflate","connection":"close"},"remoteAddress":"::ffff:127.0.0.1","remotePort":46344},"res":{"statusCode":404,"headers":{"x-powered-by":"Express","content-type":"application/json; charset=utf-8","content-length":"101","etag":"W/\"65-Myo7KCG3ppoROGsZ0ZaHENH5Ed4\""}},"responseTime":2}
[06:48:45.119] INFO (478028): request completed {"req":{"id":21,"method":"GET","url":"/api/analysis/337449f9-eb5a-48cd-955c-a1fb93a203fe/status","query":{},"params":{"path":["api","analysis","337449f9-eb5a-48cd-955c-a1fb93a203fe","status"]},"headers":{"host":"127.0.0.1:35633","accept-encoding":"gzip, deflate","connection":"close"},"remoteAddress":"::ffff:127.0.0.1","remotePort":40152},"res":{"statusCode":404,"headers":{"x-powered-by":"Express","content-type":"application/json; charset=utf-8","content-length":"101","etag":"W/\"65-Myo7KCG3ppoROGsZ0ZaHENH5Ed4\""}},"responseTime":2}
[06:48:45.324] INFO (478028): request completed {"req":{"id":22,"method":"GET","url":"/api/analysis/337449f9-eb5a-48cd-955c-a1fb93a203fe/status","query":{},"params":{"path":["api","analysis","337449f9-eb5a-48cd-955c-a1fb93a203fe","status"]},"headers":{"host":"127.0.0.1:35181","accept-encoding":"gzip, deflate","connection":"close"},"remoteAddress":"::ffff:127.0.0.1","remotePort":51266},"res":{"statusCode":404,"headers":{"x-powered-by":"Express","content-type":"application/json; charset=utf-8","content-length":"101","etag":"W/\"65-Myo7KCG3ppoROGsZ0ZaHENH5Ed4\""}},"responseTime":3}
[06:48:45.529] INFO (478028): request completed {"req":{"id":23,"method":"GET","url":"/api/analysis/337449f9-eb5a-48cd-955c-a1fb93a203fe/status","query":{},"params":{"path":["api","analysis","337449f9-eb5a-48cd-955c-a1fb93a203fe","status"]},"headers":{"host":"127.0.0.1:43731","accept-encoding":"gzip, deflate","connection":"close"},"remoteAddress":"::ffff:127.0.0.1","remotePort":46596},"res":{"statusCode":404,"headers":{"x-powered-by":"Express","content-type":"application/json; charset=utf-8","content-length":"101","etag":"W/\"65-Myo7KCG3ppoROGsZ0ZaHENH5Ed4\""}},"responseTime":2}
[06:48:45.733] INFO (478028): request completed {"req":{"id":24,"method":"GET","url":"/api/analysis/337449f9-eb5a-48cd-955c-a1fb93a203fe/status","query":{},"params":{"path":["api","analysis","337449f9-eb5a-48cd-955c-a1fb93a203fe","status"]},"headers":{"host":"127.0.0.1:43695","accept-encoding":"gzip, deflate","connection":"close"},"remoteAddress":"::ffff:127.0.0.1","remotePort":38944},"res":{"statusCode":404,"headers":{"x-powered-by":"Express","content-type":"application/json; charset=utf-8","content-length":"101","etag":"W/\"65-Myo7KCG3ppoROGsZ0ZaHENH5Ed4\""}},"responseTime":3}
[06:48:45.938] INFO (478028): request completed {"req":{"id":25,"method":"GET","url":"/api/analysis/337449f9-eb5a-48cd-955c-a1fb93a203fe/status","query":{},"params":{"path":["api","analysis","337449f9-eb5a-48cd-955c-a1fb93a203fe","status"]},"headers":{"host":"127.0.0.1:41403","accept-encoding":"gzip, deflate","connection":"close"},"remoteAddress":"::ffff:127.0.0.1","remotePort":38488},"res":{"statusCode":404,"headers":{"x-powered-by":"Express","content-type":"application/json; charset=utf-8","content-length":"101","etag":"W/\"65-Myo7KCG3ppoROGsZ0ZaHENH5Ed4\""}},"responseTime":2}
[06:48:46.140] INFO (478028): request completed {"req":{"id":26,"method":"GET","url":"/api/analysis/337449f9-eb5a-48cd-955c-a1fb93a203fe/status","query":{},"params":{"path":["api","analysis","337449f9-eb5a-48cd-955c-a1fb93a203fe","status"]},"headers":{"host":"127.0.0.1:39873","accept-encoding":"gzip, deflate","connection":"close"},"remoteAddress":"::ffff:127.0.0.1","remotePort":57566},"res":{"statusCode":404,"headers":{"x-powered-by":"Express","content-type":"application/json; charset=utf-8","content-length":"101","etag":"W/\"65-Myo7KCG3ppoROGsZ0ZaHENH5Ed4\""}},"responseTime":1}
[06:48:46.343] INFO (478028): request completed {"req":{"id":27,"method":"GET","url":"/api/analysis/337449f9-eb5a-48cd-955c-a1fb93a203fe/status","query":{},"params":{"path":["api","analysis","337449f9-eb5a-48cd-955c-a1fb93a203fe","status"]},"headers":{"host":"127.0.0.1:45253","accept-encoding":"gzip, deflate","connection":"close"},"remoteAddress":"::ffff:127.0.0.1","remotePort":47936},"res":{"statusCode":404,"headers":{"x-powered-by":"Express","content-type":"application/json; charset=utf-8","content-length":"101","etag":"W/\"65-Myo7KCG3ppoROGsZ0ZaHENH5Ed4\""}},"responseTime":2}
[06:48:46.546] INFO (478028): request completed {"req":{"id":28,"method":"GET","url":"/api/analysis/337449f9-eb5a-48cd-955c-a1fb93a203fe/status","query":{},"params":{"path":["api","analysis","337449f9-eb5a-48cd-955c-a1fb93a203fe","status"]},"headers":{"host":"127.0.0.1:37067","accept-encoding":"gzip, deflate","connection":"close"},"remoteAddress":"::ffff:127.0.0.1","remotePort":33898},"res":{"statusCode":404,"headers":{"x-powered-by":"Express","content-type":"application/json; charset=utf-8","content-length":"101","etag":"W/\"65-Myo7KCG3ppoROGsZ0ZaHENH5Ed4\""}},"responseTime":1}
[06:48:46.749] INFO (478028): request completed {"req":{"id":29,"method":"GET","url":"/api/analysis/337449f9-eb5a-48cd-955c-a1fb93a203fe/status","query":{},"params":{"path":["api","analysis","337449f9-eb5a-48cd-955c-a1fb93a203fe","status"]},"headers":{"host":"127.0.0.1:39563","accept-encoding":"gzip, deflate","connection":"close"},"remoteAddress":"::ffff:127.0.0.1","remotePort":37526},"res":{"statusCode":404,"headers":{"x-powered-by":"Express","content-type":"application/json; charset=utf-8","content-length":"101","etag":"W/\"65-Myo7KCG3ppoROGsZ0ZaHENH5Ed4\""}},"responseTime":1}
[06:48:46.953] INFO (478028): request completed {"req":{"id":30,"method":"GET","url":"/api/analysis/337449f9-eb5a-48cd-955c-a1fb93a203fe/status","query":{},"params":{"path":["api","analysis","337449f9-eb5a-48cd-955c-a1fb93a203fe","status"]},"headers":{"host":"127.0.0.1:36055","accept-encoding":"gzip, deflate","connection":"close"},"remoteAddress":"::ffff:127.0.0.1","remotePort":58636},"res":{"statusCode":404,"headers":{"x-powered-by":"Express","content-type":"application/json; charset=utf-8","content-length":"101","etag":"W/\"65-Myo7KCG3ppoROGsZ0ZaHENH5Ed4\""}},"responseTime":1}
[06:48:47.157] INFO (478028): request completed {"req":{"id":31,"method":"GET","url":"/api/analysis/337449f9-eb5a-48cd-955c-a1fb93a203fe/status","query":{},"params":{"path":["api","analysis","337449f9-eb5a-48cd-955c-a1fb93a203fe","status"]},"headers":{"host":"127.0.0.1:44933","accept-encoding":"gzip, deflate","connection":"close"},"remoteAddress":"::ffff:127.0.0.1","remotePort":41004},"res":{"statusCode":404,"headers":{"x-powered-by":"Express","content-type":"application/json; charset=utf-8","content-length":"101","etag":"W/\"65-Myo7KCG3ppoROGsZ0ZaHENH5Ed4\""}},"responseTime":2}
[06:48:47.361] INFO (478028): request completed {"req":{"id":32,"method":"GET","url":"/api/analysis/337449f9-eb5a-48cd-955c-a1fb93a203fe/status","query":{},"params":{"path":["api","analysis","337449f9-eb5a-48cd-955c-a1fb93a203fe","status"]},"headers":{"host":"127.0.0.1:41463","accept-encoding":"gzip, deflate","connection":"close"},"remoteAddress":"::ffff:127.0.0.1","remotePort":47624},"res":{"statusCode":404,"headers":{"x-powered-by":"Express","content-type":"application/json; charset=utf-8","content-length":"101","etag":"W/\"65-Myo7KCG3ppoROGsZ0ZaHENH5Ed4\""}},"responseTime":2}
[06:48:47.564] INFO (478028): request completed {"req":{"id":33,"method":"GET","url":"/api/analysis/337449f9-eb5a-48cd-955c-a1fb93a203fe/status","query":{},"params":{"path":["api","analysis","337449f9-eb5a-48cd-955c-a1fb93a203fe","status"]},"headers":{"host":"127.0.0.1:37265","accept-encoding":"gzip, deflate","connection":"close"},"remoteAddress":"::ffff:127.0.0.1","remotePort":56388},"res":{"statusCode":404,"headers":{"x-powered-by":"Express","content-type":"application/json; charset=utf-8","content-length":"101","etag":"W/\"65-Myo7KCG3ppoROGsZ0ZaHENH5Ed4\""}},"responseTime":1}
[06:48:47.767] INFO (478028): request completed {"req":{"id":34,"method":"GET","url":"/api/analysis/337449f9-eb5a-48cd-955c-a1fb93a203fe/status","query":{},"params":{"path":["api","analysis","337449f9-eb5a-48cd-955c-a1fb93a203fe","status"]},"headers":{"host":"127.0.0.1:33371","accept-encoding":"gzip, deflate","connection":"close"},"remoteAddress":"::ffff:127.0.0.1","remotePort":50458},"res":{"statusCode":404,"headers":{"x-powered-by":"Express","content-type":"application/json; charset=utf-8","content-length":"101","etag":"W/\"65-Myo7KCG3ppoROGsZ0ZaHENH5Ed4\""}},"responseTime":1}
[06:48:47.971] INFO (478028): request completed {"req":{"id":35,"method":"GET","url":"/api/analysis/337449f9-eb5a-48cd-955c-a1fb93a203fe/status","query":{},"params":{"path":["api","analysis","337449f9-eb5a-48cd-955c-a1fb93a203fe","status"]},"headers":{"host":"127.0.0.1:38751","accept-encoding":"gzip, deflate","connection":"close"},"remoteAddress":"::ffff:127.0.0.1","remotePort":50662},"res":{"statusCode":404,"headers":{"x-powered-by":"Express","content-type":"application/json; charset=utf-8","content-length":"101","etag":"W/\"65-Myo7KCG3ppoROGsZ0ZaHENH5Ed4\""}},"responseTime":2}
[06:48:48.175] INFO (478028): request completed {"req":{"id":36,"method":"GET","url":"/api/analysis/337449f9-eb5a-48cd-955c-a1fb93a203fe/status","query":{},"params":{"path":["api","analysis","337449f9-eb5a-48cd-955c-a1fb93a203fe","status"]},"headers":{"host":"127.0.0.1:45579","accept-encoding":"gzip, deflate","connection":"close"},"remoteAddress":"::ffff:127.0.0.1","remotePort":60140},"res":{"statusCode":404,"headers":{"x-powered-by":"Express","content-type":"application/json; charset=utf-8","content-length":"101","etag":"W/\"65-Myo7KCG3ppoROGsZ0ZaHENH5Ed4\""}},"responseTime":2}
[06:48:48.378] INFO (478028): request completed {"req":{"id":37,"method":"GET","url":"/api/analysis/337449f9-eb5a-48cd-955c-a1fb93a203fe/status","query":{},"params":{"path":["api","analysis","337449f9-eb5a-48cd-955c-a1fb93a203fe","status"]},"headers":{"host":"127.0.0.1:38635","accept-encoding":"gzip, deflate","connection":"close"},"remoteAddress":"::ffff:127.0.0.1","remotePort":58448},"res":{"statusCode":404,"headers":{"x-powered-by":"Express","content-type":"application/json; charset=utf-8","content-length":"101","etag":"W/\"65-Myo7KCG3ppoROGsZ0ZaHENH5Ed4\""}},"responseTime":2}
[06:48:48.580] INFO (478028): request completed {"req":{"id":38,"method":"GET","url":"/api/analysis/337449f9-eb5a-48cd-955c-a1fb93a203fe/status","query":{},"params":{"path":["api","analysis","337449f9-eb5a-48cd-955c-a1fb93a203fe","status"]},"headers":{"host":"127.0.0.1:39749","accept-encoding":"gzip, deflate","connection":"close"},"remoteAddress":"::ffff:127.0.0.1","remotePort":33706},"res":{"statusCode":404,"headers":{"x-powered-by":"Express","content-type":"application/json; charset=utf-8","content-length":"101","etag":"W/\"65-Myo7KCG3ppoROGsZ0ZaHENH5Ed4\""}},"responseTime":1}
[06:48:48.783] INFO (478028): request completed {"req":{"id":39,"method":"GET","url":"/api/analysis/337449f9-eb5a-48cd-955c-a1fb93a203fe/status","query":{},"params":{"path":["api","analysis","337449f9-eb5a-48cd-955c-a1fb93a203fe","status"]},"headers":{"host":"127.0.0.1:37141","accept-encoding":"gzip, deflate","connection":"close"},"remoteAddress":"::ffff:127.0.0.1","remotePort":33998},"res":{"statusCode":404,"headers":{"x-powered-by":"Express","content-type":"application/json; charset=utf-8","content-length":"101","etag":"W/\"65-Myo7KCG3ppoROGsZ0ZaHENH5Ed4\""}},"responseTime":1}
[06:48:48.987] INFO (478028): request completed {"req":{"id":40,"method":"GET","url":"/api/analysis/337449f9-eb5a-48cd-955c-a1fb93a203fe/status","query":{},"params":{"path":["api","analysis","337449f9-eb5a-48cd-955c-a1fb93a203fe","status"]},"headers":{"host":"127.0.0.1:40809","accept-encoding":"gzip, deflate","connection":"close"},"remoteAddress":"::ffff:127.0.0.1","remotePort":58188},"res":{"statusCode":404,"headers":{"x-powered-by":"Express","content-type":"application/json; charset=utf-8","content-length":"101","etag":"W/\"65-Myo7KCG3ppoROGsZ0ZaHENH5Ed4\""}},"responseTime":2}
[06:48:49.191] INFO (478028): request completed {"req":{"id":41,"method":"GET","url":"/api/analysis/337449f9-eb5a-48cd-955c-a1fb93a203fe/status","query":{},"params":{"path":["api","analysis","337449f9-eb5a-48cd-955c-a1fb93a203fe","status"]},"headers":{"host":"127.0.0.1:44729","accept-encoding":"gzip, deflate","connection":"close"},"remoteAddress":"::ffff:127.0.0.1","remotePort":38898},"res":{"statusCode":404,"headers":{"x-powered-by":"Express","content-type":"application/json; charset=utf-8","content-length":"101","etag":"W/\"65-Myo7KCG3ppoROGsZ0ZaHENH5Ed4\""}},"responseTime":2}
[06:48:49.394] INFO (478028): request completed {"req":{"id":42,"method":"GET","url":"/api/analysis/337449f9-eb5a-48cd-955c-a1fb93a203fe/status","query":{},"params":{"path":["api","analysis","337449f9-eb5a-48cd-955c-a1fb93a203fe","status"]},"headers":{"host":"127.0.0.1:42777","accept-encoding":"gzip, deflate","connection":"close"},"remoteAddress":"::ffff:127.0.0.1","remotePort":42880},"res":{"statusCode":404,"headers":{"x-powered-by":"Express","content-type":"application/json; charset=utf-8","content-length":"101","etag":"W/\"65-Myo7KCG3ppoROGsZ0ZaHENH5Ed4\""}},"responseTime":1}
[06:48:49.600] INFO (478028): request completed {"req":{"id":43,"method":"GET","url":"/api/analysis/337449f9-eb5a-48cd-955c-a1fb93a203fe/status","query":{},"params":{"path":["api","analysis","337449f9-eb5a-48cd-955c-a1fb93a203fe","status"]},"headers":{"host":"127.0.0.1:45193","accept-encoding":"gzip, deflate","connection":"close"},"remoteAddress":"::ffff:127.0.0.1","remotePort":36952},"res":{"statusCode":404,"headers":{"x-powered-by":"Express","content-type":"application/json; charset=utf-8","content-length":"101","etag":"W/\"65-Myo7KCG3ppoROGsZ0ZaHENH5Ed4\""}},"responseTime":1}
[06:48:49.804] INFO (478028): request completed {"req":{"id":44,"method":"GET","url":"/api/analysis/337449f9-eb5a-48cd-955c-a1fb93a203fe/status","query":{},"params":{"path":["api","analysis","337449f9-eb5a-48cd-955c-a1fb93a203fe","status"]},"headers":{"host":"127.0.0.1:45129","accept-encoding":"gzip, deflate","connection":"close"},"remoteAddress":"::ffff:127.0.0.1","remotePort":58748},"res":{"statusCode":404,"headers":{"x-powered-by":"Express","content-type":"application/json; charset=utf-8","content-length":"101","etag":"W/\"65-Myo7KCG3ppoROGsZ0ZaHENH5Ed4\""}},"responseTime":1}
[06:48:50.007] INFO (478028): request completed {"req":{"id":45,"method":"GET","url":"/api/analysis/337449f9-eb5a-48cd-955c-a1fb93a203fe/status","query":{},"params":{"path":["api","analysis","337449f9-eb5a-48cd-955c-a1fb93a203fe","status"]},"headers":{"host":"127.0.0.1:36417","accept-encoding":"gzip, deflate","connection":"close"},"remoteAddress":"::ffff:127.0.0.1","remotePort":35780},"res":{"statusCode":404,"headers":{"x-powered-by":"Express","content-type":"application/json; charset=utf-8","content-length":"101","etag":"W/\"65-Myo7KCG3ppoROGsZ0ZaHENH5Ed4\""}},"responseTime":1}
[06:48:50.210] INFO (478028): request completed {"req":{"id":46,"method":"GET","url":"/api/analysis/337449f9-eb5a-48cd-955c-a1fb93a203fe/status","query":{},"params":{"path":["api","analysis","337449f9-eb5a-48cd-955c-a1fb93a203fe","status"]},"headers":{"host":"127.0.0.1:36827","accept-encoding":"gzip, deflate","connection":"close"},"remoteAddress":"::ffff:127.0.0.1","remotePort":59306},"res":{"statusCode":404,"headers":{"x-powered-by":"Express","content-type":"application/json; charset=utf-8","content-length":"101","etag":"W/\"65-Myo7KCG3ppoROGsZ0ZaHENH5Ed4\""}},"responseTime":1}
[06:48:50.414] INFO (478028): request completed {"req":{"id":47,"method":"GET","url":"/api/analysis/337449f9-eb5a-48cd-955c-a1fb93a203fe/status","query":{},"params":{"path":["api","analysis","337449f9-eb5a-48cd-955c-a1fb93a203fe","status"]},"headers":{"host":"127.0.0.1:41567","accept-encoding":"gzip, deflate","connection":"close"},"remoteAddress":"::ffff:127.0.0.1","remotePort":53560},"res":{"statusCode":404,"headers":{"x-powered-by":"Express","content-type":"application/json; charset=utf-8","content-length":"101","etag":"W/\"65-Myo7KCG3ppoROGsZ0ZaHENH5Ed4\""}},"responseTime":2}
[06:48:50.618] INFO (478028): request completed {"req":{"id":48,"method":"GET","url":"/api/analysis/337449f9-eb5a-48cd-955c-a1fb93a203fe/status","query":{},"params":{"path":["api","analysis","337449f9-eb5a-48cd-955c-a1fb93a203fe","status"]},"headers":{"host":"127.0.0.1:40661","accept-encoding":"gzip, deflate","connection":"close"},"remoteAddress":"::ffff:127.0.0.1","remotePort":38950},"res":{"statusCode":404,"headers":{"x-powered-by":"Express","content-type":"application/json; charset=utf-8","content-length":"101","etag":"W/\"65-Myo7KCG3ppoROGsZ0ZaHENH5Ed4\""}},"responseTime":2}
[06:48:50.820] INFO (478028): request completed {"req":{"id":49,"method":"GET","url":"/api/analysis/337449f9-eb5a-48cd-955c-a1fb93a203fe/status","query":{},"params":{"path":["api","analysis","337449f9-eb5a-48cd-955c-a1fb93a203fe","status"]},"headers":{"host":"127.0.0.1:40425","accept-encoding":"gzip, deflate","connection":"close"},"remoteAddress":"::ffff:127.0.0.1","remotePort":54386},"res":{"statusCode":404,"headers":{"x-powered-by":"Express","content-type":"application/json; charset=utf-8","content-length":"101","etag":"W/\"65-Myo7KCG3ppoROGsZ0ZaHENH5Ed4\""}},"responseTime":1}
[06:48:51.023] INFO (478028): request completed {"req":{"id":50,"method":"GET","url":"/api/analysis/337449f9-eb5a-48cd-955c-a1fb93a203fe/status","query":{},"params":{"path":["api","analysis","337449f9-eb5a-48cd-955c-a1fb93a203fe","status"]},"headers":{"host":"127.0.0.1:45861","accept-encoding":"gzip, deflate","connection":"close"},"remoteAddress":"::ffff:127.0.0.1","remotePort":58744},"res":{"statusCode":404,"headers":{"x-powered-by":"Express","content-type":"application/json; charset=utf-8","content-length":"101","etag":"W/\"65-Myo7KCG3ppoROGsZ0ZaHENH5Ed4\""}},"responseTime":1}
[06:48:51.266] INFO (478028): request completed {"req":{"id":51,"method":"POST","url":"/api/analysis","query":{},"params":{"path":["api","analysis"]},"headers":{"host":"127.0.0.1:33373","accept-encoding":"gzip, deflate","content-type":"application/json","content-length":"33","connection":"close"},"remoteAddress":"::ffff:127.0.0.1","remotePort":44178},"res":{"statusCode":201,"headers":{"x-powered-by":"Express","content-type":"application/json; charset=utf-8","content-length":"48","etag":"W/\"30-nRaZNSuE/BBRqFCViejwYSKbqac\""}},"responseTime":39}
[06:48:51.267] INFO (478028): Starting signal pipeline for profile alex-backend in mode github-only {"context":"SignalComputeProcessor"}
[06:48:51.271] ERROR (478028): Failed to fetch data for alex-backend: this.githubAdapter.getRateLimitRemaining is not a function {"context":"SignalComputeProcessor"}
[06:48:51.271] ERROR (478028): Pipeline failed for alex-backend: Insufficient public data for alex-backend {"context":"SignalComputeProcessor"}
    err: {
      "type": "Error",
      "message": "Pipeline failed for alex-backend: Insufficient public data for alex-backend",
      "stack":
          Error: Insufficient public data for alex-backend
              at SignalComputeProcessor.process (/home/arturo-clavero/16Signals/backend/src/queues/signal-compute.processor.ts:204:17)
              at /home/arturo-clavero/16Signals/backend/node_modules/bullmq/src/classes/worker.ts:1020:26
    }
[06:48:51.279] INFO (478028): request completed {"req":{"id":52,"method":"POST","url":"/api/analysis/recompute","query":{},"params":{"path":["api","analysis","recompute"]},"headers":{"host":"127.0.0.1:40451","accept-encoding":"gzip, deflate","x-internal-key":"mysecretkey","content-type":"application/json","content-length":"42","connection":"close"},"remoteAddress":"::ffff:127.0.0.1","remotePort":51844},"res":{"statusCode":400,"headers":{"x-powered-by":"Express","content-type":"application/json; charset=utf-8","content-length":"71","etag":"W/\"47-PzgZyB9t6JfDSuCTGDX36oVdQkU\""}},"responseTime":2}
[06:48:51.286] INFO (478028): request completed {"req":{"id":53,"method":"POST","url":"/api/analysis","query":{},"params":{"path":["api","analysis"]},"headers":{"host":"127.0.0.1:40603","accept-encoding":"gzip, deflate","content-type":"application/json","content-length":"34","connection":"close"},"remoteAddress":"::ffff:127.0.0.1","remotePort":49822},"res":{"statusCode":201,"headers":{"x-powered-by":"Express","content-type":"application/json; charset=utf-8","content-length":"48","etag":"W/\"30-nHVWJYAZiLoohyQfpQqNClAr/Zg\""}},"responseTime":4}
[06:48:51.286] INFO (478028): Starting signal pipeline for profile ghost-profile in mode github-only {"context":"SignalComputeProcessor"}
[06:48:51.289] INFO (478028): request completed {"req":{"id":54,"method":"GET","url":"/api/analysis/eb30d18b-f5eb-419b-8295-250a41bc5292/status","query":{},"params":{"path":["api","analysis","eb30d18b-f5eb-419b-8295-250a41bc5292","status"]},"headers":{"host":"127.0.0.1:32861","accept-encoding":"gzip, deflate","connection":"close"},"remoteAddress":"::ffff:127.0.0.1","remotePort":58236},"res":{"statusCode":200,"headers":{"x-powered-by":"Express","content-type":"application/json; charset=utf-8","content-length":"63","etag":"W/\"3f-H4HKFP2FuPBdsxQ0kolpCK2uNjs\""}},"responseTime":1}
[06:48:51.297] ERROR (478028): Failed to fetch data for ghost-profile: this.githubAdapter.getRateLimitRemaining is not a function {"context":"SignalComputeProcessor"}
[06:48:51.297] ERROR (478028): Pipeline failed for ghost-profile: Insufficient public data for ghost-profile {"context":"SignalComputeProcessor"}
    err: {
      "type": "Error",
      "message": "Pipeline failed for ghost-profile: Insufficient public data for ghost-profile",
      "stack":
          Error: Insufficient public data for ghost-profile
              at SignalComputeProcessor.process (/home/arturo-clavero/16Signals/backend/src/queues/signal-compute.processor.ts:204:17)
              at /home/arturo-clavero/16Signals/backend/node_modules/bullmq/src/classes/worker.ts:1020:26
    }
FAIL src/__tests__/stage2-verification-plan.spec.ts (12.162 s)
  ● Console

    console.log
      [Redis] Attempting to connect to 127.0.0.1:6379

      at InstanceWrapper.useFactory [as metatype] (redis/redis.provider.ts:9:13)
          at async Promise.all (index 3)
          at async Promise.all (index 7)

    console.log
      [Redis] Connected successfully

      at EventEmitter.<anonymous> (redis/redis.provider.ts:26:15)

  ● Stage 2 Verification Plan - Final Validation › VERIFICATION TEST V5 — Cache miss › New username triggers full pipeline and sets cache on completion

    Job 337449f9-eb5a-48cd-955c-a1fb93a203fe timed out

      110 |       await new Promise((resolve) => setTimeout(resolve, 200));
      111 |     }
    > 112 |     throw new Error(`Job ${jobId} timed out`);
          |           ^
      113 |   };
      114 |
      115 |   const fixtures = [

      at waitForJob (__tests__/stage2-verification-plan.spec.ts:112:11)
      at Object.<anonymous> (__tests__/stage2-verification-plan.spec.ts:209:22)

  ● Stage 2 Verification Plan - Final Validation › VERIFICATION TEST V4 — Cache hit › Second request for same username returns immediately without re-queuing

    expect(received).toContain(expected) // indexOf

    Expected substring: "cached-"
    Received string:    "a0e286ee-55da-4c3c-bb39-2c60fb64baab"

      231 |
      232 |       // Should return a cached jobId
    > 233 |       expect(createRes.body.jobId).toContain('cached-');
          |                                    ^
      234 |
      235 |       const resultRes = await request(app.getHttpServer())
      236 |         .get(`/api/analysis/${createRes.body.jobId}/result`)

      at Object.<anonymous> (__tests__/stage2-verification-plan.spec.ts:233:36)

  ● Stage 2 Verification Plan - Final Validation › VERIFICATION TEST V6 — Headless API › POST /analysis/recompute with seed username returns correct result schema

    expected 201 "Created", got 400 "Bad Request"

      271 |         .set('X-Internal-Key', internalKey)
      272 |         .send({ githubUsername: username, force: true })
    > 273 |         .expect(HttpStatus.CREATED); // 201
          |          ^
      274 |
      275 |       const status = await waitForJob(createRes.body.jobId);
      276 |       expect(status.status).toBe('complete');

      at Object.<anonymous> (__tests__/stage2-verification-plan.spec.ts:273:10)
      ----
      at Test._assertStatus (../node_modules/supertest/lib/test.js:309:14)
      at ../node_modules/supertest/lib/test.js:365:13
      at Test._assertFunction (../node_modules/supertest/lib/test.js:342:13)
      at Test.assert (../node_modules/supertest/lib/test.js:195:23)
      at localAssert (../node_modules/supertest/lib/test.js:138:14)
      at Server.<anonymous> (../node_modules/supertest/lib/test.js:152:11)

[06:48:51.493] INFO (478028): request completed {"req":{"id":55,"method":"GET","url":"/api/analysis/eb30d18b-f5eb-419b-8295-250a41bc5292/status","query":{},"params":{"path":["api","analysis","eb30d18b-f5eb-419b-8295-250a41bc5292","status"]},"headers":{"host":"127.0.0.1:38475","accept-encoding":"gzip, deflate","connection":"close"},"remoteAddress":"::ffff:127.0.0.1","remotePort":43256},"res":{"statusCode":200,"headers":{"x-powered-by":"Express","content-type":"application/json; charset=utf-8","content-length":"110","etag":"W/\"6e-tiWweedDAwCreLZOmw0mf7pXpoA\""}},"responseTime":1}
A worker process has failed to exit gracefully and has been force exited. This is likely caused by tests leaking due to improper teardown. Try running with --detectOpenHandles to find leaks. Active timers can also cause this, ensure that .unref() was called on them.
Summary of all failing tests
FAIL modules/applicants/scorecard-renderer.service.spec.ts
  ● ScorecardRendererService › should be defined

    A circular dependency has been detected inside RootTestModule. Please, make sure that each side of a bidirectional relationships are decorated with "forwardRef()". Note that circular relationships between custom providers (e.g., factories) are not supported since functions cannot be called more than once.

       6 |
       7 |   beforeEach(async () => {
    >  8 |     const module: TestingModule = await Test.createTestingModule({
         |                                   ^
       9 |       providers: [ScorecardRenderer],
      10 |     }).compile();
      11 |

      at NestContainer.addProvider (../node_modules/@nestjs/core/injector/container.js:160:19)
      at DependenciesScanner.insertProvider (../node_modules/@nestjs/core/scanner.js:234:35)
      at ../node_modules/@nestjs/core/scanner.js:123:18
          at Array.forEach (<anonymous>)
      at DependenciesScanner.reflectProviders (../node_modules/@nestjs/core/scanner.js:122:19)
      at DependenciesScanner.scanModulesForDependencies (../node_modules/@nestjs/core/scanner.js:103:18)
      at DependenciesScanner.scan (../node_modules/@nestjs/core/scanner.js:32:9)
      at TestingModuleBuilder.compile (../node_modules/@nestjs/testing/testing-module.builder.js:70:9)
      at Object.<anonymous> (modules/applicants/scorecard-renderer.service.spec.ts:8:35)

  ● ScorecardRendererService › case 44: render() returns a string containing text/html doctype markers

    A circular dependency has been detected inside RootTestModule. Please, make sure that each side of a bidirectional relationships are decorated with "forwardRef()". Note that circular relationships between custom providers (e.g., factories) are not supported since functions cannot be called more than once.

       6 |
       7 |   beforeEach(async () => {
    >  8 |     const module: TestingModule = await Test.createTestingModule({
         |                                   ^
       9 |       providers: [ScorecardRenderer],
      10 |     }).compile();
      11 |

      at NestContainer.addProvider (../node_modules/@nestjs/core/injector/container.js:160:19)
      at DependenciesScanner.insertProvider (../node_modules/@nestjs/core/scanner.js:234:35)
      at ../node_modules/@nestjs/core/scanner.js:123:18
          at Array.forEach (<anonymous>)
      at DependenciesScanner.reflectProviders (../node_modules/@nestjs/core/scanner.js:122:19)
      at DependenciesScanner.scanModulesForDependencies (../node_modules/@nestjs/core/scanner.js:103:18)
      at DependenciesScanner.scan (../node_modules/@nestjs/core/scanner.js:32:9)
      at TestingModuleBuilder.compile (../node_modules/@nestjs/testing/testing-module.builder.js:70:9)
      at Object.<anonymous> (modules/applicants/scorecard-renderer.service.spec.ts:8:35)

  ● ScorecardRendererService › case 45: render() output contains all probe questions from gaps

    A circular dependency has been detected inside RootTestModule. Please, make sure that each side of a bidirectional relationships are decorated with "forwardRef()". Note that circular relationships between custom providers (e.g., factories) are not supported since functions cannot be called more than once.

       6 |
       7 |   beforeEach(async () => {
    >  8 |     const module: TestingModule = await Test.createTestingModule({
         |                                   ^
       9 |       providers: [ScorecardRenderer],
      10 |     }).compile();
      11 |

      at NestContainer.addProvider (../node_modules/@nestjs/core/injector/container.js:160:19)
      at DependenciesScanner.insertProvider (../node_modules/@nestjs/core/scanner.js:234:35)
      at ../node_modules/@nestjs/core/scanner.js:123:18
          at Array.forEach (<anonymous>)
      at DependenciesScanner.reflectProviders (../node_modules/@nestjs/core/scanner.js:122:19)
      at DependenciesScanner.scanModulesForDependencies (../node_modules/@nestjs/core/scanner.js:103:18)
      at DependenciesScanner.scan (../node_modules/@nestjs/core/scanner.js:32:9)
      at TestingModuleBuilder.compile (../node_modules/@nestjs/testing/testing-module.builder.js:70:9)
      at Object.<anonymous> (modules/applicants/scorecard-renderer.service.spec.ts:8:35)

  ● ScorecardRendererService › case 46: render() output contains both hrSummary and technicalSummary

    A circular dependency has been detected inside RootTestModule. Please, make sure that each side of a bidirectional relationships are decorated with "forwardRef()". Note that circular relationships between custom providers (e.g., factories) are not supported since functions cannot be called more than once.

       6 |
       7 |   beforeEach(async () => {
    >  8 |     const module: TestingModule = await Test.createTestingModule({
         |                                   ^
       9 |       providers: [ScorecardRenderer],
      10 |     }).compile();
      11 |

      at NestContainer.addProvider (../node_modules/@nestjs/core/injector/container.js:160:19)
      at DependenciesScanner.insertProvider (../node_modules/@nestjs/core/scanner.js:234:35)
      at ../node_modules/@nestjs/core/scanner.js:123:18
          at Array.forEach (<anonymous>)
      at DependenciesScanner.reflectProviders (../node_modules/@nestjs/core/scanner.js:122:19)
      at DependenciesScanner.scanModulesForDependencies (../node_modules/@nestjs/core/scanner.js:103:18)
      at DependenciesScanner.scan (../node_modules/@nestjs/core/scanner.js:32:9)
      at TestingModuleBuilder.compile (../node_modules/@nestjs/testing/testing-module.builder.js:70:9)
      at Object.<anonymous> (modules/applicants/scorecard-renderer.service.spec.ts:8:35)

  ● ScorecardRendererService › case 47: render() contains @media print CSS rule

    A circular dependency has been detected inside RootTestModule. Please, make sure that each side of a bidirectional relationships are decorated with "forwardRef()". Note that circular relationships between custom providers (e.g., factories) are not supported since functions cannot be called more than once.

       6 |
       7 |   beforeEach(async () => {
    >  8 |     const module: TestingModule = await Test.createTestingModule({
         |                                   ^
       9 |       providers: [ScorecardRenderer],
      10 |     }).compile();
      11 |

      at NestContainer.addProvider (../node_modules/@nestjs/core/injector/container.js:160:19)
      at DependenciesScanner.insertProvider (../node_modules/@nestjs/core/scanner.js:234:35)
      at ../node_modules/@nestjs/core/scanner.js:123:18
          at Array.forEach (<anonymous>)
      at DependenciesScanner.reflectProviders (../node_modules/@nestjs/core/scanner.js:122:19)
      at DependenciesScanner.scanModulesForDependencies (../node_modules/@nestjs/core/scanner.js:103:18)
      at DependenciesScanner.scan (../node_modules/@nestjs/core/scanner.js:32:9)
      at TestingModuleBuilder.compile (../node_modules/@nestjs/testing/testing-module.builder.js:70:9)
      at Object.<anonymous> (modules/applicants/scorecard-renderer.service.spec.ts:8:35)

FAIL modules/jobs/jobs.service.spec.ts
  ● JobsService › create › should create a job draft

    expect(jest.fn()).toHaveBeenCalledWith(...expected)

    - Expected
    + Received

      Object {
        "data": Object {
          "bonusAmount": 1000,
          "companyId": "company-1",
          "description": "Job description",
    -     "roleType": "BACKEND",
          "status": "DRAFT",
          "title": "Backend Engineer",
        },
      },

    Number of calls: 1

      56 |       const result = await service.create(companyId, dto as any);
      57 |
    > 58 |       expect(prisma.jobPost.create).toHaveBeenCalledWith({
         |                                     ^
      59 |         data: {
      60 |           ...dto,
      61 |           companyId,

      at Object.<anonymous> (modules/jobs/jobs.service.spec.ts:58:37)

  ● JobsService › getPublicJobById › should throw AppException if job not found

    expect(received).rejects.toThrow(expected)

    Expected constructor: AppException
    Received constructor: NotFoundException

    Received message: "Job not found or is no longer active"

          207 |
          208 |     if (!job) {
        > 209 |       throw new NotFoundException('Job not found or is no longer active');
              |             ^
          210 |     }
          211 |
          212 |     const { _count, ...rest } = job;

      at JobsService.getPublicJobById (modules/jobs/jobs.service.ts:209:13)
      at Object.<anonymous> (modules/jobs/jobs.service.spec.ts:133:7)
      at Object.toThrow (../node_modules/expect/build/index.js:2155:20)
      at Object.<anonymous> (modules/jobs/jobs.service.spec.ts:133:65)

FAIL modules/applicants/interview-question.service.spec.ts
  ● InterviewQuestionService › should be defined

    Nest can't resolve dependencies of the InterviewQuestionService (ConfigService, ?). Please make sure that the argument PrismaService at index [1] is available in the RootTestModule module.

    Potential solutions:
    - Is RootTestModule a valid NestJS module?
    - If PrismaService is a provider, is it part of the current RootTestModule?
    - If PrismaService is exported from a separate @Module, is that module imported within RootTestModule?
      @Module({
        imports: [ /* the Module containing PrismaService */ ]
      })

    For more common dependency resolution issues, see: https://docs.nestjs.com/faq/common-errors

      25 |     };
      26 |
    > 27 |     const module: TestingModule = await Test.createTestingModule({
         |                                   ^
      28 |       providers: [
      29 |         InterviewQuestionService,
      30 |         { provide: ConfigService, useValue: mockConfigService }

      at TestingInjector.lookupComponentInParentModules (../node_modules/@nestjs/core/injector/injector.js:290:19)
      at TestingInjector.resolveComponentWrapper (../node_modules/@nestjs/testing/testing-injector.js:19:45)
      at resolveParam (../node_modules/@nestjs/core/injector/injector.js:140:38)
          at async Promise.all (index 1)
      at TestingInjector.resolveConstructorParams (../node_modules/@nestjs/core/injector/injector.js:169:27)
      at TestingInjector.loadInstance (../node_modules/@nestjs/core/injector/injector.js:75:13)
      at TestingInjector.loadProvider (../node_modules/@nestjs/core/injector/injector.js:103:9)
      at ../node_modules/@nestjs/core/injector/instance-loader.js:56:13
          at async Promise.all (index 3)
      at TestingInstanceLoader.createInstancesOfProviders (../node_modules/@nestjs/core/injector/instance-loader.js:55:9)
      at ../node_modules/@nestjs/core/injector/instance-loader.js:40:13
          at async Promise.all (index 1)
      at TestingInstanceLoader.createInstances (../node_modules/@nestjs/core/injector/instance-loader.js:39:9)
      at TestingInstanceLoader.createInstancesOfDependencies (../node_modules/@nestjs/core/injector/instance-loader.js:22:13)
      at TestingInstanceLoader.createInstancesOfDependencies (../node_modules/@nestjs/testing/testing-instance-loader.js:9:9)
      at TestingModuleBuilder.createInstancesOfDependencies (../node_modules/@nestjs/testing/testing-module.builder.js:118:9)
      at TestingModuleBuilder.compile (../node_modules/@nestjs/testing/testing-module.builder.js:74:9)
      at Object.<anonymous> (modules/applicants/interview-question.service.spec.ts:27:35)

  ● InterviewQuestionService › case 40: Returns InterviewQuestionSet with correct audienceType for INTERVIEW_HR

    Nest can't resolve dependencies of the InterviewQuestionService (ConfigService, ?). Please make sure that the argument PrismaService at index [1] is available in the RootTestModule module.

    Potential solutions:
    - Is RootTestModule a valid NestJS module?
    - If PrismaService is a provider, is it part of the current RootTestModule?
    - If PrismaService is exported from a separate @Module, is that module imported within RootTestModule?
      @Module({
        imports: [ /* the Module containing PrismaService */ ]
      })

    For more common dependency resolution issues, see: https://docs.nestjs.com/faq/common-errors

      25 |     };
      26 |
    > 27 |     const module: TestingModule = await Test.createTestingModule({
         |                                   ^
      28 |       providers: [
      29 |         InterviewQuestionService,
      30 |         { provide: ConfigService, useValue: mockConfigService }

      at TestingInjector.lookupComponentInParentModules (../node_modules/@nestjs/core/injector/injector.js:290:19)
      at TestingInjector.resolveComponentWrapper (../node_modules/@nestjs/testing/testing-injector.js:19:45)
      at resolveParam (../node_modules/@nestjs/core/injector/injector.js:140:38)
          at async Promise.all (index 1)
      at TestingInjector.resolveConstructorParams (../node_modules/@nestjs/core/injector/injector.js:169:27)
      at TestingInjector.loadInstance (../node_modules/@nestjs/core/injector/injector.js:75:13)
      at TestingInjector.loadProvider (../node_modules/@nestjs/core/injector/injector.js:103:9)
      at ../node_modules/@nestjs/core/injector/instance-loader.js:56:13
          at async Promise.all (index 3)
      at TestingInstanceLoader.createInstancesOfProviders (../node_modules/@nestjs/core/injector/instance-loader.js:55:9)
      at ../node_modules/@nestjs/core/injector/instance-loader.js:40:13
          at async Promise.all (index 1)
      at TestingInstanceLoader.createInstances (../node_modules/@nestjs/core/injector/instance-loader.js:39:9)
      at TestingInstanceLoader.createInstancesOfDependencies (../node_modules/@nestjs/core/injector/instance-loader.js:22:13)
      at TestingInstanceLoader.createInstancesOfDependencies (../node_modules/@nestjs/testing/testing-instance-loader.js:9:9)
      at TestingModuleBuilder.createInstancesOfDependencies (../node_modules/@nestjs/testing/testing-module.builder.js:118:9)
      at TestingModuleBuilder.compile (../node_modules/@nestjs/testing/testing-module.builder.js:74:9)
      at Object.<anonymous> (modules/applicants/interview-question.service.spec.ts:27:35)

  ● InterviewQuestionService › case 41: Returns 5 questions for hr audience, 6 for technical audience (simulated by prompt config)

    Nest can't resolve dependencies of the InterviewQuestionService (ConfigService, ?). Please make sure that the argument PrismaService at index [1] is available in the RootTestModule module.

    Potential solutions:
    - Is RootTestModule a valid NestJS module?
    - If PrismaService is a provider, is it part of the current RootTestModule?
    - If PrismaService is exported from a separate @Module, is that module imported within RootTestModule?
      @Module({
        imports: [ /* the Module containing PrismaService */ ]
      })

    For more common dependency resolution issues, see: https://docs.nestjs.com/faq/common-errors

      25 |     };
      26 |
    > 27 |     const module: TestingModule = await Test.createTestingModule({
         |                                   ^
      28 |       providers: [
      29 |         InterviewQuestionService,
      30 |         { provide: ConfigService, useValue: mockConfigService }

      at TestingInjector.lookupComponentInParentModules (../node_modules/@nestjs/core/injector/injector.js:290:19)
      at TestingInjector.resolveComponentWrapper (../node_modules/@nestjs/testing/testing-injector.js:19:45)
      at resolveParam (../node_modules/@nestjs/core/injector/injector.js:140:38)
          at async Promise.all (index 1)
      at TestingInjector.resolveConstructorParams (../node_modules/@nestjs/core/injector/injector.js:169:27)
      at TestingInjector.loadInstance (../node_modules/@nestjs/core/injector/injector.js:75:13)
      at TestingInjector.loadProvider (../node_modules/@nestjs/core/injector/injector.js:103:9)
      at ../node_modules/@nestjs/core/injector/instance-loader.js:56:13
          at async Promise.all (index 3)
      at TestingInstanceLoader.createInstancesOfProviders (../node_modules/@nestjs/core/injector/instance-loader.js:55:9)
      at ../node_modules/@nestjs/core/injector/instance-loader.js:40:13
          at async Promise.all (index 1)
      at TestingInstanceLoader.createInstances (../node_modules/@nestjs/core/injector/instance-loader.js:39:9)
      at TestingInstanceLoader.createInstancesOfDependencies (../node_modules/@nestjs/core/injector/instance-loader.js:22:13)
      at TestingInstanceLoader.createInstancesOfDependencies (../node_modules/@nestjs/testing/testing-instance-loader.js:9:9)
      at TestingModuleBuilder.createInstancesOfDependencies (../node_modules/@nestjs/testing/testing-module.builder.js:118:9)
      at TestingModuleBuilder.compile (../node_modules/@nestjs/testing/testing-module.builder.js:74:9)
      at Object.<anonymous> (modules/applicants/interview-question.service.spec.ts:27:35)

  ● InterviewQuestionService › case 42: Each question has priority field: MUST_ASK | SHOULD_ASK | NICE_TO_HAVE

    Nest can't resolve dependencies of the InterviewQuestionService (ConfigService, ?). Please make sure that the argument PrismaService at index [1] is available in the RootTestModule module.

    Potential solutions:
    - Is RootTestModule a valid NestJS module?
    - If PrismaService is a provider, is it part of the current RootTestModule?
    - If PrismaService is exported from a separate @Module, is that module imported within RootTestModule?
      @Module({
        imports: [ /* the Module containing PrismaService */ ]
      })

    For more common dependency resolution issues, see: https://docs.nestjs.com/faq/common-errors

      25 |     };
      26 |
    > 27 |     const module: TestingModule = await Test.createTestingModule({
         |                                   ^
      28 |       providers: [
      29 |         InterviewQuestionService,
      30 |         { provide: ConfigService, useValue: mockConfigService }

      at TestingInjector.lookupComponentInParentModules (../node_modules/@nestjs/core/injector/injector.js:290:19)
      at TestingInjector.resolveComponentWrapper (../node_modules/@nestjs/testing/testing-injector.js:19:45)
      at resolveParam (../node_modules/@nestjs/core/injector/injector.js:140:38)
          at async Promise.all (index 1)
      at TestingInjector.resolveConstructorParams (../node_modules/@nestjs/core/injector/injector.js:169:27)
      at TestingInjector.loadInstance (../node_modules/@nestjs/core/injector/injector.js:75:13)
      at TestingInjector.loadProvider (../node_modules/@nestjs/core/injector/injector.js:103:9)
      at ../node_modules/@nestjs/core/injector/instance-loader.js:56:13
          at async Promise.all (index 3)
      at TestingInstanceLoader.createInstancesOfProviders (../node_modules/@nestjs/core/injector/instance-loader.js:55:9)
      at ../node_modules/@nestjs/core/injector/instance-loader.js:40:13
          at async Promise.all (index 1)
      at TestingInstanceLoader.createInstances (../node_modules/@nestjs/core/injector/instance-loader.js:39:9)
      at TestingInstanceLoader.createInstancesOfDependencies (../node_modules/@nestjs/core/injector/instance-loader.js:22:13)
      at TestingInstanceLoader.createInstancesOfDependencies (../node_modules/@nestjs/testing/testing-instance-loader.js:9:9)
      at TestingModuleBuilder.createInstancesOfDependencies (../node_modules/@nestjs/testing/testing-module.builder.js:118:9)
      at TestingModuleBuilder.compile (../node_modules/@nestjs/testing/testing-module.builder.js:74:9)
      at Object.<anonymous> (modules/applicants/interview-question.service.spec.ts:27:35)

  ● InterviewQuestionService › case 43: API error → throws InternalServerErrorException (no silent fallback)

    Nest can't resolve dependencies of the InterviewQuestionService (ConfigService, ?). Please make sure that the argument PrismaService at index [1] is available in the RootTestModule module.

    Potential solutions:
    - Is RootTestModule a valid NestJS module?
    - If PrismaService is a provider, is it part of the current RootTestModule?
    - If PrismaService is exported from a separate @Module, is that module imported within RootTestModule?
      @Module({
        imports: [ /* the Module containing PrismaService */ ]
      })

    For more common dependency resolution issues, see: https://docs.nestjs.com/faq/common-errors

      25 |     };
      26 |
    > 27 |     const module: TestingModule = await Test.createTestingModule({
         |                                   ^
      28 |       providers: [
      29 |         InterviewQuestionService,
      30 |         { provide: ConfigService, useValue: mockConfigService }

      at TestingInjector.lookupComponentInParentModules (../node_modules/@nestjs/core/injector/injector.js:290:19)
      at TestingInjector.resolveComponentWrapper (../node_modules/@nestjs/testing/testing-injector.js:19:45)
      at resolveParam (../node_modules/@nestjs/core/injector/injector.js:140:38)
          at async Promise.all (index 1)
      at TestingInjector.resolveConstructorParams (../node_modules/@nestjs/core/injector/injector.js:169:27)
      at TestingInjector.loadInstance (../node_modules/@nestjs/core/injector/injector.js:75:13)
      at TestingInjector.loadProvider (../node_modules/@nestjs/core/injector/injector.js:103:9)
      at ../node_modules/@nestjs/core/injector/instance-loader.js:56:13
          at async Promise.all (index 3)
      at TestingInstanceLoader.createInstancesOfProviders (../node_modules/@nestjs/core/injector/instance-loader.js:55:9)
      at ../node_modules/@nestjs/core/injector/instance-loader.js:40:13
          at async Promise.all (index 1)
      at TestingInstanceLoader.createInstances (../node_modules/@nestjs/core/injector/instance-loader.js:39:9)
      at TestingInstanceLoader.createInstancesOfDependencies (../node_modules/@nestjs/core/injector/instance-loader.js:22:13)
      at TestingInstanceLoader.createInstancesOfDependencies (../node_modules/@nestjs/testing/testing-instance-loader.js:9:9)
      at TestingModuleBuilder.createInstancesOfDependencies (../node_modules/@nestjs/testing/testing-module.builder.js:118:9)
      at TestingModuleBuilder.compile (../node_modules/@nestjs/testing/testing-module.builder.js:74:9)
      at Object.<anonymous> (modules/applicants/interview-question.service.spec.ts:27:35)

FAIL modules/applicants/applicants.service.spec.ts
  ● ApplicantsService › should be defined

    Nest can't resolve dependencies of the ApplicantsService (PrismaService, GapAnalysisService, DecisionCardService, InterviewQuestionService, ?). Please make sure that the argument ScorecardService at index [4] is available in the RootTestModule module.

    Potential solutions:
    - Is RootTestModule a valid NestJS module?
    - If ScorecardService is a provider, is it part of the current RootTestModule?
    - If ScorecardService is exported from a separate @Module, is that module imported within RootTestModule?
      @Module({
        imports: [ /* the Module containing ScorecardService */ ]
      })

    For more common dependency resolution issues, see: https://docs.nestjs.com/faq/common-errors

      45 |
      46 |   beforeEach(async () => {
    > 47 |     const module: TestingModule = await Test.createTestingModule({
         |                                   ^
      48 |       providers: [
      49 |         ApplicantsService,
      50 |         { provide: PrismaService, useValue: mockPrisma },

      at TestingInjector.lookupComponentInParentModules (../node_modules/@nestjs/core/injector/injector.js:290:19)
      at TestingInjector.resolveComponentWrapper (../node_modules/@nestjs/testing/testing-injector.js:19:45)
      at resolveParam (../node_modules/@nestjs/core/injector/injector.js:140:38)
          at async Promise.all (index 4)
      at TestingInjector.resolveConstructorParams (../node_modules/@nestjs/core/injector/injector.js:169:27)
      at TestingInjector.loadInstance (../node_modules/@nestjs/core/injector/injector.js:75:13)
      at TestingInjector.loadProvider (../node_modules/@nestjs/core/injector/injector.js:103:9)
      at ../node_modules/@nestjs/core/injector/instance-loader.js:56:13
          at async Promise.all (index 3)
      at TestingInstanceLoader.createInstancesOfProviders (../node_modules/@nestjs/core/injector/instance-loader.js:55:9)
      at ../node_modules/@nestjs/core/injector/instance-loader.js:40:13
          at async Promise.all (index 1)
      at TestingInstanceLoader.createInstances (../node_modules/@nestjs/core/injector/instance-loader.js:39:9)
      at TestingInstanceLoader.createInstancesOfDependencies (../node_modules/@nestjs/core/injector/instance-loader.js:22:13)
      at TestingInstanceLoader.createInstancesOfDependencies (../node_modules/@nestjs/testing/testing-instance-loader.js:9:9)
      at TestingModuleBuilder.createInstancesOfDependencies (../node_modules/@nestjs/testing/testing-module.builder.js:118:9)
      at TestingModuleBuilder.compile (../node_modules/@nestjs/testing/testing-module.builder.js:74:9)
      at Object.<anonymous> (modules/applicants/applicants.service.spec.ts:47:35)

  ● ApplicantsService › apply › cases 21-28: retains original apply logic checking duplicates, analyzing gaps, etc

    Nest can't resolve dependencies of the ApplicantsService (PrismaService, GapAnalysisService, DecisionCardService, InterviewQuestionService, ?). Please make sure that the argument ScorecardService at index [4] is available in the RootTestModule module.

    Potential solutions:
    - Is RootTestModule a valid NestJS module?
    - If ScorecardService is a provider, is it part of the current RootTestModule?
    - If ScorecardService is exported from a separate @Module, is that module imported within RootTestModule?
      @Module({
        imports: [ /* the Module containing ScorecardService */ ]
      })

    For more common dependency resolution issues, see: https://docs.nestjs.com/faq/common-errors

      45 |
      46 |   beforeEach(async () => {
    > 47 |     const module: TestingModule = await Test.createTestingModule({
         |                                   ^
      48 |       providers: [
      49 |         ApplicantsService,
      50 |         { provide: PrismaService, useValue: mockPrisma },

      at TestingInjector.lookupComponentInParentModules (../node_modules/@nestjs/core/injector/injector.js:290:19)
      at TestingInjector.resolveComponentWrapper (../node_modules/@nestjs/testing/testing-injector.js:19:45)
      at resolveParam (../node_modules/@nestjs/core/injector/injector.js:140:38)
          at async Promise.all (index 4)
      at TestingInjector.resolveConstructorParams (../node_modules/@nestjs/core/injector/injector.js:169:27)
      at TestingInjector.loadInstance (../node_modules/@nestjs/core/injector/injector.js:75:13)
      at TestingInjector.loadProvider (../node_modules/@nestjs/core/injector/injector.js:103:9)
      at ../node_modules/@nestjs/core/injector/instance-loader.js:56:13
          at async Promise.all (index 3)
      at TestingInstanceLoader.createInstancesOfProviders (../node_modules/@nestjs/core/injector/instance-loader.js:55:9)
      at ../node_modules/@nestjs/core/injector/instance-loader.js:40:13
          at async Promise.all (index 1)
      at TestingInstanceLoader.createInstances (../node_modules/@nestjs/core/injector/instance-loader.js:39:9)
      at TestingInstanceLoader.createInstancesOfDependencies (../node_modules/@nestjs/core/injector/instance-loader.js:22:13)
      at TestingInstanceLoader.createInstancesOfDependencies (../node_modules/@nestjs/testing/testing-instance-loader.js:9:9)
      at TestingModuleBuilder.createInstancesOfDependencies (../node_modules/@nestjs/testing/testing-module.builder.js:118:9)
      at TestingModuleBuilder.compile (../node_modules/@nestjs/testing/testing-module.builder.js:74:9)
      at Object.<anonymous> (modules/applicants/applicants.service.spec.ts:47:35)

  ● ApplicantsService › apply › case 29: Application created with pipelineStage: APPLIED

    Nest can't resolve dependencies of the ApplicantsService (PrismaService, GapAnalysisService, DecisionCardService, InterviewQuestionService, ?). Please make sure that the argument ScorecardService at index [4] is available in the RootTestModule module.

    Potential solutions:
    - Is RootTestModule a valid NestJS module?
    - If ScorecardService is a provider, is it part of the current RootTestModule?
    - If ScorecardService is exported from a separate @Module, is that module imported within RootTestModule?
      @Module({
        imports: [ /* the Module containing ScorecardService */ ]
      })

    For more common dependency resolution issues, see: https://docs.nestjs.com/faq/common-errors

      45 |
      46 |   beforeEach(async () => {
    > 47 |     const module: TestingModule = await Test.createTestingModule({
         |                                   ^
      48 |       providers: [
      49 |         ApplicantsService,
      50 |         { provide: PrismaService, useValue: mockPrisma },

      at TestingInjector.lookupComponentInParentModules (../node_modules/@nestjs/core/injector/injector.js:290:19)
      at TestingInjector.resolveComponentWrapper (../node_modules/@nestjs/testing/testing-injector.js:19:45)
      at resolveParam (../node_modules/@nestjs/core/injector/injector.js:140:38)
          at async Promise.all (index 4)
      at TestingInjector.resolveConstructorParams (../node_modules/@nestjs/core/injector/injector.js:169:27)
      at TestingInjector.loadInstance (../node_modules/@nestjs/core/injector/injector.js:75:13)
      at TestingInjector.loadProvider (../node_modules/@nestjs/core/injector/injector.js:103:9)
      at ../node_modules/@nestjs/core/injector/instance-loader.js:56:13
          at async Promise.all (index 3)
      at TestingInstanceLoader.createInstancesOfProviders (../node_modules/@nestjs/core/injector/instance-loader.js:55:9)
      at ../node_modules/@nestjs/core/injector/instance-loader.js:40:13
          at async Promise.all (index 1)
      at TestingInstanceLoader.createInstances (../node_modules/@nestjs/core/injector/instance-loader.js:39:9)
      at TestingInstanceLoader.createInstancesOfDependencies (../node_modules/@nestjs/core/injector/instance-loader.js:22:13)
      at TestingInstanceLoader.createInstancesOfDependencies (../node_modules/@nestjs/testing/testing-instance-loader.js:9:9)
      at TestingModuleBuilder.createInstancesOfDependencies (../node_modules/@nestjs/testing/testing-module.builder.js:118:9)
      at TestingModuleBuilder.compile (../node_modules/@nestjs/testing/testing-module.builder.js:74:9)
      at Object.<anonymous> (modules/applicants/applicants.service.spec.ts:47:35)

  ● ApplicantsService › apply › case 30: pipelineStageHistory contains one entry { stage: APPLIED, changedBy: "system" }

    Nest can't resolve dependencies of the ApplicantsService (PrismaService, GapAnalysisService, DecisionCardService, InterviewQuestionService, ?). Please make sure that the argument ScorecardService at index [4] is available in the RootTestModule module.

    Potential solutions:
    - Is RootTestModule a valid NestJS module?
    - If ScorecardService is a provider, is it part of the current RootTestModule?
    - If ScorecardService is exported from a separate @Module, is that module imported within RootTestModule?
      @Module({
        imports: [ /* the Module containing ScorecardService */ ]
      })

    For more common dependency resolution issues, see: https://docs.nestjs.com/faq/common-errors

      45 |
      46 |   beforeEach(async () => {
    > 47 |     const module: TestingModule = await Test.createTestingModule({
         |                                   ^
      48 |       providers: [
      49 |         ApplicantsService,
      50 |         { provide: PrismaService, useValue: mockPrisma },

      at TestingInjector.lookupComponentInParentModules (../node_modules/@nestjs/core/injector/injector.js:290:19)
      at TestingInjector.resolveComponentWrapper (../node_modules/@nestjs/testing/testing-injector.js:19:45)
      at resolveParam (../node_modules/@nestjs/core/injector/injector.js:140:38)
          at async Promise.all (index 4)
      at TestingInjector.resolveConstructorParams (../node_modules/@nestjs/core/injector/injector.js:169:27)
      at TestingInjector.loadInstance (../node_modules/@nestjs/core/injector/injector.js:75:13)
      at TestingInjector.loadProvider (../node_modules/@nestjs/core/injector/injector.js:103:9)
      at ../node_modules/@nestjs/core/injector/instance-loader.js:56:13
          at async Promise.all (index 3)
      at TestingInstanceLoader.createInstancesOfProviders (../node_modules/@nestjs/core/injector/instance-loader.js:55:9)
      at ../node_modules/@nestjs/core/injector/instance-loader.js:40:13
          at async Promise.all (index 1)
      at TestingInstanceLoader.createInstances (../node_modules/@nestjs/core/injector/instance-loader.js:39:9)
      at TestingInstanceLoader.createInstancesOfDependencies (../node_modules/@nestjs/core/injector/instance-loader.js:22:13)
      at TestingInstanceLoader.createInstancesOfDependencies (../node_modules/@nestjs/testing/testing-instance-loader.js:9:9)
      at TestingModuleBuilder.createInstancesOfDependencies (../node_modules/@nestjs/testing/testing-module.builder.js:118:9)
      at TestingModuleBuilder.compile (../node_modules/@nestjs/testing/testing-module.builder.js:74:9)
      at Object.<anonymous> (modules/applicants/applicants.service.spec.ts:47:35)

  ● ApplicantsService › advanceStage › case 31: APPLIED → REVIEWED: succeeds, history has 2 entries

    Nest can't resolve dependencies of the ApplicantsService (PrismaService, GapAnalysisService, DecisionCardService, InterviewQuestionService, ?). Please make sure that the argument ScorecardService at index [4] is available in the RootTestModule module.

    Potential solutions:
    - Is RootTestModule a valid NestJS module?
    - If ScorecardService is a provider, is it part of the current RootTestModule?
    - If ScorecardService is exported from a separate @Module, is that module imported within RootTestModule?
      @Module({
        imports: [ /* the Module containing ScorecardService */ ]
      })

    For more common dependency resolution issues, see: https://docs.nestjs.com/faq/common-errors

      45 |
      46 |   beforeEach(async () => {
    > 47 |     const module: TestingModule = await Test.createTestingModule({
         |                                   ^
      48 |       providers: [
      49 |         ApplicantsService,
      50 |         { provide: PrismaService, useValue: mockPrisma },

      at TestingInjector.lookupComponentInParentModules (../node_modules/@nestjs/core/injector/injector.js:290:19)
      at TestingInjector.resolveComponentWrapper (../node_modules/@nestjs/testing/testing-injector.js:19:45)
      at resolveParam (../node_modules/@nestjs/core/injector/injector.js:140:38)
          at async Promise.all (index 4)
      at TestingInjector.resolveConstructorParams (../node_modules/@nestjs/core/injector/injector.js:169:27)
      at TestingInjector.loadInstance (../node_modules/@nestjs/core/injector/injector.js:75:13)
      at TestingInjector.loadProvider (../node_modules/@nestjs/core/injector/injector.js:103:9)
      at ../node_modules/@nestjs/core/injector/instance-loader.js:56:13
          at async Promise.all (index 3)
      at TestingInstanceLoader.createInstancesOfProviders (../node_modules/@nestjs/core/injector/instance-loader.js:55:9)
      at ../node_modules/@nestjs/core/injector/instance-loader.js:40:13
          at async Promise.all (index 1)
      at TestingInstanceLoader.createInstances (../node_modules/@nestjs/core/injector/instance-loader.js:39:9)
      at TestingInstanceLoader.createInstancesOfDependencies (../node_modules/@nestjs/core/injector/instance-loader.js:22:13)
      at TestingInstanceLoader.createInstancesOfDependencies (../node_modules/@nestjs/testing/testing-instance-loader.js:9:9)
      at TestingModuleBuilder.createInstancesOfDependencies (../node_modules/@nestjs/testing/testing-module.builder.js:118:9)
      at TestingModuleBuilder.compile (../node_modules/@nestjs/testing/testing-module.builder.js:74:9)
      at Object.<anonymous> (modules/applicants/applicants.service.spec.ts:47:35)

  ● ApplicantsService › advanceStage › case 32: APPLIED → INTERVIEW_HR (skip REVIEWED): throws 400

    Nest can't resolve dependencies of the ApplicantsService (PrismaService, GapAnalysisService, DecisionCardService, InterviewQuestionService, ?). Please make sure that the argument ScorecardService at index [4] is available in the RootTestModule module.

    Potential solutions:
    - Is RootTestModule a valid NestJS module?
    - If ScorecardService is a provider, is it part of the current RootTestModule?
    - If ScorecardService is exported from a separate @Module, is that module imported within RootTestModule?
      @Module({
        imports: [ /* the Module containing ScorecardService */ ]
      })

    For more common dependency resolution issues, see: https://docs.nestjs.com/faq/common-errors

      45 |
      46 |   beforeEach(async () => {
    > 47 |     const module: TestingModule = await Test.createTestingModule({
         |                                   ^
      48 |       providers: [
      49 |         ApplicantsService,
      50 |         { provide: PrismaService, useValue: mockPrisma },

      at TestingInjector.lookupComponentInParentModules (../node_modules/@nestjs/core/injector/injector.js:290:19)
      at TestingInjector.resolveComponentWrapper (../node_modules/@nestjs/testing/testing-injector.js:19:45)
      at resolveParam (../node_modules/@nestjs/core/injector/injector.js:140:38)
          at async Promise.all (index 4)
      at TestingInjector.resolveConstructorParams (../node_modules/@nestjs/core/injector/injector.js:169:27)
      at TestingInjector.loadInstance (../node_modules/@nestjs/core/injector/injector.js:75:13)
      at TestingInjector.loadProvider (../node_modules/@nestjs/core/injector/injector.js:103:9)
      at ../node_modules/@nestjs/core/injector/instance-loader.js:56:13
          at async Promise.all (index 3)
      at TestingInstanceLoader.createInstancesOfProviders (../node_modules/@nestjs/core/injector/instance-loader.js:55:9)
      at ../node_modules/@nestjs/core/injector/instance-loader.js:40:13
          at async Promise.all (index 1)
      at TestingInstanceLoader.createInstances (../node_modules/@nestjs/core/injector/instance-loader.js:39:9)
      at TestingInstanceLoader.createInstancesOfDependencies (../node_modules/@nestjs/core/injector/instance-loader.js:22:13)
      at TestingInstanceLoader.createInstancesOfDependencies (../node_modules/@nestjs/testing/testing-instance-loader.js:9:9)
      at TestingModuleBuilder.createInstancesOfDependencies (../node_modules/@nestjs/testing/testing-module.builder.js:118:9)
      at TestingModuleBuilder.compile (../node_modules/@nestjs/testing/testing-module.builder.js:74:9)
      at Object.<anonymous> (modules/applicants/applicants.service.spec.ts:47:35)

  ● ApplicantsService › advanceStage › case 33: INTERVIEW_HR → APPLIED (backwards): throws 400

    Nest can't resolve dependencies of the ApplicantsService (PrismaService, GapAnalysisService, DecisionCardService, InterviewQuestionService, ?). Please make sure that the argument ScorecardService at index [4] is available in the RootTestModule module.

    Potential solutions:
    - Is RootTestModule a valid NestJS module?
    - If ScorecardService is a provider, is it part of the current RootTestModule?
    - If ScorecardService is exported from a separate @Module, is that module imported within RootTestModule?
      @Module({
        imports: [ /* the Module containing ScorecardService */ ]
      })

    For more common dependency resolution issues, see: https://docs.nestjs.com/faq/common-errors

      45 |
      46 |   beforeEach(async () => {
    > 47 |     const module: TestingModule = await Test.createTestingModule({
         |                                   ^
      48 |       providers: [
      49 |         ApplicantsService,
      50 |         { provide: PrismaService, useValue: mockPrisma },

      at TestingInjector.lookupComponentInParentModules (../node_modules/@nestjs/core/injector/injector.js:290:19)
      at TestingInjector.resolveComponentWrapper (../node_modules/@nestjs/testing/testing-injector.js:19:45)
      at resolveParam (../node_modules/@nestjs/core/injector/injector.js:140:38)
          at async Promise.all (index 4)
      at TestingInjector.resolveConstructorParams (../node_modules/@nestjs/core/injector/injector.js:169:27)
      at TestingInjector.loadInstance (../node_modules/@nestjs/core/injector/injector.js:75:13)
      at TestingInjector.loadProvider (../node_modules/@nestjs/core/injector/injector.js:103:9)
      at ../node_modules/@nestjs/core/injector/instance-loader.js:56:13
          at async Promise.all (index 3)
      at TestingInstanceLoader.createInstancesOfProviders (../node_modules/@nestjs/core/injector/instance-loader.js:55:9)
      at ../node_modules/@nestjs/core/injector/instance-loader.js:40:13
          at async Promise.all (index 1)
      at TestingInstanceLoader.createInstances (../node_modules/@nestjs/core/injector/instance-loader.js:39:9)
      at TestingInstanceLoader.createInstancesOfDependencies (../node_modules/@nestjs/core/injector/instance-loader.js:22:13)
      at TestingInstanceLoader.createInstancesOfDependencies (../node_modules/@nestjs/testing/testing-instance-loader.js:9:9)
      at TestingModuleBuilder.createInstancesOfDependencies (../node_modules/@nestjs/testing/testing-module.builder.js:118:9)
      at TestingModuleBuilder.compile (../node_modules/@nestjs/testing/testing-module.builder.js:74:9)
      at Object.<anonymous> (modules/applicants/applicants.service.spec.ts:47:35)

  ● ApplicantsService › advanceStage › case 34: Valid stage REJECTED from REVIEWED: succeeds

    Nest can't resolve dependencies of the ApplicantsService (PrismaService, GapAnalysisService, DecisionCardService, InterviewQuestionService, ?). Please make sure that the argument ScorecardService at index [4] is available in the RootTestModule module.

    Potential solutions:
    - Is RootTestModule a valid NestJS module?
    - If ScorecardService is a provider, is it part of the current RootTestModule?
    - If ScorecardService is exported from a separate @Module, is that module imported within RootTestModule?
      @Module({
        imports: [ /* the Module containing ScorecardService */ ]
      })

    For more common dependency resolution issues, see: https://docs.nestjs.com/faq/common-errors

      45 |
      46 |   beforeEach(async () => {
    > 47 |     const module: TestingModule = await Test.createTestingModule({
         |                                   ^
      48 |       providers: [
      49 |         ApplicantsService,
      50 |         { provide: PrismaService, useValue: mockPrisma },

      at TestingInjector.lookupComponentInParentModules (../node_modules/@nestjs/core/injector/injector.js:290:19)
      at TestingInjector.resolveComponentWrapper (../node_modules/@nestjs/testing/testing-injector.js:19:45)
      at resolveParam (../node_modules/@nestjs/core/injector/injector.js:140:38)
          at async Promise.all (index 4)
      at TestingInjector.resolveConstructorParams (../node_modules/@nestjs/core/injector/injector.js:169:27)
      at TestingInjector.loadInstance (../node_modules/@nestjs/core/injector/injector.js:75:13)
      at TestingInjector.loadProvider (../node_modules/@nestjs/core/injector/injector.js:103:9)
      at ../node_modules/@nestjs/core/injector/instance-loader.js:56:13
          at async Promise.all (index 3)
      at TestingInstanceLoader.createInstancesOfProviders (../node_modules/@nestjs/core/injector/instance-loader.js:55:9)
      at ../node_modules/@nestjs/core/injector/instance-loader.js:40:13
          at async Promise.all (index 1)
      at TestingInstanceLoader.createInstances (../node_modules/@nestjs/core/injector/instance-loader.js:39:9)
      at TestingInstanceLoader.createInstancesOfDependencies (../node_modules/@nestjs/core/injector/instance-loader.js:22:13)
      at TestingInstanceLoader.createInstancesOfDependencies (../node_modules/@nestjs/testing/testing-instance-loader.js:9:9)
      at TestingModuleBuilder.createInstancesOfDependencies (../node_modules/@nestjs/testing/testing-module.builder.js:118:9)
      at TestingModuleBuilder.compile (../node_modules/@nestjs/testing/testing-module.builder.js:74:9)
      at Object.<anonymous> (modules/applicants/applicants.service.spec.ts:47:35)

  ● ApplicantsService › advanceStage › case 35: Advancing to INTERVIEW_HR triggers generation with hr

    Nest can't resolve dependencies of the ApplicantsService (PrismaService, GapAnalysisService, DecisionCardService, InterviewQuestionService, ?). Please make sure that the argument ScorecardService at index [4] is available in the RootTestModule module.

    Potential solutions:
    - Is RootTestModule a valid NestJS module?
    - If ScorecardService is a provider, is it part of the current RootTestModule?
    - If ScorecardService is exported from a separate @Module, is that module imported within RootTestModule?
      @Module({
        imports: [ /* the Module containing ScorecardService */ ]
      })

    For more common dependency resolution issues, see: https://docs.nestjs.com/faq/common-errors

      45 |
      46 |   beforeEach(async () => {
    > 47 |     const module: TestingModule = await Test.createTestingModule({
         |                                   ^
      48 |       providers: [
      49 |         ApplicantsService,
      50 |         { provide: PrismaService, useValue: mockPrisma },

      at TestingInjector.lookupComponentInParentModules (../node_modules/@nestjs/core/injector/injector.js:290:19)
      at TestingInjector.resolveComponentWrapper (../node_modules/@nestjs/testing/testing-injector.js:19:45)
      at resolveParam (../node_modules/@nestjs/core/injector/injector.js:140:38)
          at async Promise.all (index 4)
      at TestingInjector.resolveConstructorParams (../node_modules/@nestjs/core/injector/injector.js:169:27)
      at TestingInjector.loadInstance (../node_modules/@nestjs/core/injector/injector.js:75:13)
      at TestingInjector.loadProvider (../node_modules/@nestjs/core/injector/injector.js:103:9)
      at ../node_modules/@nestjs/core/injector/instance-loader.js:56:13
          at async Promise.all (index 3)
      at TestingInstanceLoader.createInstancesOfProviders (../node_modules/@nestjs/core/injector/instance-loader.js:55:9)
      at ../node_modules/@nestjs/core/injector/instance-loader.js:40:13
          at async Promise.all (index 1)
      at TestingInstanceLoader.createInstances (../node_modules/@nestjs/core/injector/instance-loader.js:39:9)
      at TestingInstanceLoader.createInstancesOfDependencies (../node_modules/@nestjs/core/injector/instance-loader.js:22:13)
      at TestingInstanceLoader.createInstancesOfDependencies (../node_modules/@nestjs/testing/testing-instance-loader.js:9:9)
      at TestingModuleBuilder.createInstancesOfDependencies (../node_modules/@nestjs/testing/testing-module.builder.js:118:9)
      at TestingModuleBuilder.compile (../node_modules/@nestjs/testing/testing-module.builder.js:74:9)
      at Object.<anonymous> (modules/applicants/applicants.service.spec.ts:47:35)

  ● ApplicantsService › advanceStage › case 36: Advancing to INTERVIEW_TECHNICAL triggers generation with technical

    Nest can't resolve dependencies of the ApplicantsService (PrismaService, GapAnalysisService, DecisionCardService, InterviewQuestionService, ?). Please make sure that the argument ScorecardService at index [4] is available in the RootTestModule module.

    Potential solutions:
    - Is RootTestModule a valid NestJS module?
    - If ScorecardService is a provider, is it part of the current RootTestModule?
    - If ScorecardService is exported from a separate @Module, is that module imported within RootTestModule?
      @Module({
        imports: [ /* the Module containing ScorecardService */ ]
      })

    For more common dependency resolution issues, see: https://docs.nestjs.com/faq/common-errors

      45 |
      46 |   beforeEach(async () => {
    > 47 |     const module: TestingModule = await Test.createTestingModule({
         |                                   ^
      48 |       providers: [
      49 |         ApplicantsService,
      50 |         { provide: PrismaService, useValue: mockPrisma },

      at TestingInjector.lookupComponentInParentModules (../node_modules/@nestjs/core/injector/injector.js:290:19)
      at TestingInjector.resolveComponentWrapper (../node_modules/@nestjs/testing/testing-injector.js:19:45)
      at resolveParam (../node_modules/@nestjs/core/injector/injector.js:140:38)
          at async Promise.all (index 4)
      at TestingInjector.resolveConstructorParams (../node_modules/@nestjs/core/injector/injector.js:169:27)
      at TestingInjector.loadInstance (../node_modules/@nestjs/core/injector/injector.js:75:13)
      at TestingInjector.loadProvider (../node_modules/@nestjs/core/injector/injector.js:103:9)
      at ../node_modules/@nestjs/core/injector/instance-loader.js:56:13
          at async Promise.all (index 3)
      at TestingInstanceLoader.createInstancesOfProviders (../node_modules/@nestjs/core/injector/instance-loader.js:55:9)
      at ../node_modules/@nestjs/core/injector/instance-loader.js:40:13
          at async Promise.all (index 1)
      at TestingInstanceLoader.createInstances (../node_modules/@nestjs/core/injector/instance-loader.js:39:9)
      at TestingInstanceLoader.createInstancesOfDependencies (../node_modules/@nestjs/core/injector/instance-loader.js:22:13)
      at TestingInstanceLoader.createInstancesOfDependencies (../node_modules/@nestjs/testing/testing-instance-loader.js:9:9)
      at TestingModuleBuilder.createInstancesOfDependencies (../node_modules/@nestjs/testing/testing-module.builder.js:118:9)
      at TestingModuleBuilder.compile (../node_modules/@nestjs/testing/testing-module.builder.js:74:9)
      at Object.<anonymous> (modules/applicants/applicants.service.spec.ts:47:35)

  ● ApplicantsService › advanceStage › case 37: Advancing to INTERVIEW_FINAL triggers generation with final

    Nest can't resolve dependencies of the ApplicantsService (PrismaService, GapAnalysisService, DecisionCardService, InterviewQuestionService, ?). Please make sure that the argument ScorecardService at index [4] is available in the RootTestModule module.

    Potential solutions:
    - Is RootTestModule a valid NestJS module?
    - If ScorecardService is a provider, is it part of the current RootTestModule?
    - If ScorecardService is exported from a separate @Module, is that module imported within RootTestModule?
      @Module({
        imports: [ /* the Module containing ScorecardService */ ]
      })

    For more common dependency resolution issues, see: https://docs.nestjs.com/faq/common-errors

      45 |
      46 |   beforeEach(async () => {
    > 47 |     const module: TestingModule = await Test.createTestingModule({
         |                                   ^
      48 |       providers: [
      49 |         ApplicantsService,
      50 |         { provide: PrismaService, useValue: mockPrisma },

      at TestingInjector.lookupComponentInParentModules (../node_modules/@nestjs/core/injector/injector.js:290:19)
      at TestingInjector.resolveComponentWrapper (../node_modules/@nestjs/testing/testing-injector.js:19:45)
      at resolveParam (../node_modules/@nestjs/core/injector/injector.js:140:38)
          at async Promise.all (index 4)
      at TestingInjector.resolveConstructorParams (../node_modules/@nestjs/core/injector/injector.js:169:27)
      at TestingInjector.loadInstance (../node_modules/@nestjs/core/injector/injector.js:75:13)
      at TestingInjector.loadProvider (../node_modules/@nestjs/core/injector/injector.js:103:9)
      at ../node_modules/@nestjs/core/injector/instance-loader.js:56:13
          at async Promise.all (index 3)
      at TestingInstanceLoader.createInstancesOfProviders (../node_modules/@nestjs/core/injector/instance-loader.js:55:9)
      at ../node_modules/@nestjs/core/injector/instance-loader.js:40:13
          at async Promise.all (index 1)
      at TestingInstanceLoader.createInstances (../node_modules/@nestjs/core/injector/instance-loader.js:39:9)
      at TestingInstanceLoader.createInstancesOfDependencies (../node_modules/@nestjs/core/injector/instance-loader.js:22:13)
      at TestingInstanceLoader.createInstancesOfDependencies (../node_modules/@nestjs/testing/testing-instance-loader.js:9:9)
      at TestingModuleBuilder.createInstancesOfDependencies (../node_modules/@nestjs/testing/testing-module.builder.js:118:9)
      at TestingModuleBuilder.compile (../node_modules/@nestjs/testing/testing-module.builder.js:74:9)
      at Object.<anonymous> (modules/applicants/applicants.service.spec.ts:47:35)

  ● ApplicantsService › advanceStage › case 38: Advancing to REVIEWED does NOT trigger interview question generation

    Nest can't resolve dependencies of the ApplicantsService (PrismaService, GapAnalysisService, DecisionCardService, InterviewQuestionService, ?). Please make sure that the argument ScorecardService at index [4] is available in the RootTestModule module.

    Potential solutions:
    - Is RootTestModule a valid NestJS module?
    - If ScorecardService is a provider, is it part of the current RootTestModule?
    - If ScorecardService is exported from a separate @Module, is that module imported within RootTestModule?
      @Module({
        imports: [ /* the Module containing ScorecardService */ ]
      })

    For more common dependency resolution issues, see: https://docs.nestjs.com/faq/common-errors

      45 |
      46 |   beforeEach(async () => {
    > 47 |     const module: TestingModule = await Test.createTestingModule({
         |                                   ^
      48 |       providers: [
      49 |         ApplicantsService,
      50 |         { provide: PrismaService, useValue: mockPrisma },

      at TestingInjector.lookupComponentInParentModules (../node_modules/@nestjs/core/injector/injector.js:290:19)
      at TestingInjector.resolveComponentWrapper (../node_modules/@nestjs/testing/testing-injector.js:19:45)
      at resolveParam (../node_modules/@nestjs/core/injector/injector.js:140:38)
          at async Promise.all (index 4)
      at TestingInjector.resolveConstructorParams (../node_modules/@nestjs/core/injector/injector.js:169:27)
      at TestingInjector.loadInstance (../node_modules/@nestjs/core/injector/injector.js:75:13)
      at TestingInjector.loadProvider (../node_modules/@nestjs/core/injector/injector.js:103:9)
      at ../node_modules/@nestjs/core/injector/instance-loader.js:56:13
          at async Promise.all (index 3)
      at TestingInstanceLoader.createInstancesOfProviders (../node_modules/@nestjs/core/injector/instance-loader.js:55:9)
      at ../node_modules/@nestjs/core/injector/instance-loader.js:40:13
          at async Promise.all (index 1)
      at TestingInstanceLoader.createInstances (../node_modules/@nestjs/core/injector/instance-loader.js:39:9)
      at TestingInstanceLoader.createInstancesOfDependencies (../node_modules/@nestjs/core/injector/instance-loader.js:22:13)
      at TestingInstanceLoader.createInstancesOfDependencies (../node_modules/@nestjs/testing/testing-instance-loader.js:9:9)
      at TestingModuleBuilder.createInstancesOfDependencies (../node_modules/@nestjs/testing/testing-module.builder.js:118:9)
      at TestingModuleBuilder.compile (../node_modules/@nestjs/testing/testing-module.builder.js:74:9)
      at Object.<anonymous> (modules/applicants/applicants.service.spec.ts:47:35)

  ● ApplicantsService › advanceStage › case 39: interviewQuestions field is an array; second advancement appends, does not overwrite

    Nest can't resolve dependencies of the ApplicantsService (PrismaService, GapAnalysisService, DecisionCardService, InterviewQuestionService, ?). Please make sure that the argument ScorecardService at index [4] is available in the RootTestModule module.

    Potential solutions:
    - Is RootTestModule a valid NestJS module?
    - If ScorecardService is a provider, is it part of the current RootTestModule?
    - If ScorecardService is exported from a separate @Module, is that module imported within RootTestModule?
      @Module({
        imports: [ /* the Module containing ScorecardService */ ]
      })

    For more common dependency resolution issues, see: https://docs.nestjs.com/faq/common-errors

      45 |
      46 |   beforeEach(async () => {
    > 47 |     const module: TestingModule = await Test.createTestingModule({
         |                                   ^
      48 |       providers: [
      49 |         ApplicantsService,
      50 |         { provide: PrismaService, useValue: mockPrisma },

      at TestingInjector.lookupComponentInParentModules (../node_modules/@nestjs/core/injector/injector.js:290:19)
      at TestingInjector.resolveComponentWrapper (../node_modules/@nestjs/testing/testing-injector.js:19:45)
      at resolveParam (../node_modules/@nestjs/core/injector/injector.js:140:38)
          at async Promise.all (index 4)
      at TestingInjector.resolveConstructorParams (../node_modules/@nestjs/core/injector/injector.js:169:27)
      at TestingInjector.loadInstance (../node_modules/@nestjs/core/injector/injector.js:75:13)
      at TestingInjector.loadProvider (../node_modules/@nestjs/core/injector/injector.js:103:9)
      at ../node_modules/@nestjs/core/injector/instance-loader.js:56:13
          at async Promise.all (index 3)
      at TestingInstanceLoader.createInstancesOfProviders (../node_modules/@nestjs/core/injector/instance-loader.js:55:9)
      at ../node_modules/@nestjs/core/injector/instance-loader.js:40:13
          at async Promise.all (index 1)
      at TestingInstanceLoader.createInstances (../node_modules/@nestjs/core/injector/instance-loader.js:39:9)
      at TestingInstanceLoader.createInstancesOfDependencies (../node_modules/@nestjs/core/injector/instance-loader.js:22:13)
      at TestingInstanceLoader.createInstancesOfDependencies (../node_modules/@nestjs/testing/testing-instance-loader.js:9:9)
      at TestingModuleBuilder.createInstancesOfDependencies (../node_modules/@nestjs/testing/testing-module.builder.js:118:9)
      at TestingModuleBuilder.compile (../node_modules/@nestjs/testing/testing-module.builder.js:74:9)
      at Object.<anonymous> (modules/applicants/applicants.service.spec.ts:47:35)

FAIL modules/scoring/__tests__/analysis-api.spec.ts
  ● AnalysisController (integration) › POST /api/analysis/recompute › should enqueue a job for a valid profile

    expect(received).toBe(expected) // Object.is equality

    Expected: 201
    Received: 400

       99 |         .send({ githubUsername: username }); // Use dynamic username
      100 |
    > 101 |       expect(response.status).toBe(201);
          |                               ^
      102 |       expect(response.body).toHaveProperty('jobId', expect.any(String));
      103 |       expect(signalQueueMock.add).toHaveBeenCalledWith(
      104 |         'analyze',

      at Object.<anonymous> (modules/scoring/__tests__/analysis-api.spec.ts:101:31)

FAIL __tests__/stage2-verification-plan.spec.ts (12.162 s)
  ● Stage 2 Verification Plan - Final Validation › VERIFICATION TEST V5 — Cache miss › New username triggers full pipeline and sets cache on completion

    Job 337449f9-eb5a-48cd-955c-a1fb93a203fe timed out

      110 |       await new Promise((resolve) => setTimeout(resolve, 200));
      111 |     }
    > 112 |     throw new Error(`Job ${jobId} timed out`);
          |           ^
      113 |   };
      114 |
      115 |   const fixtures = [

      at waitForJob (__tests__/stage2-verification-plan.spec.ts:112:11)
      at Object.<anonymous> (__tests__/stage2-verification-plan.spec.ts:209:22)

  ● Stage 2 Verification Plan - Final Validation › VERIFICATION TEST V4 — Cache hit › Second request for same username returns immediately without re-queuing

    expect(received).toContain(expected) // indexOf

    Expected substring: "cached-"
    Received string:    "a0e286ee-55da-4c3c-bb39-2c60fb64baab"

      231 |
      232 |       // Should return a cached jobId
    > 233 |       expect(createRes.body.jobId).toContain('cached-');
          |                                    ^
      234 |
      235 |       const resultRes = await request(app.getHttpServer())
      236 |         .get(`/api/analysis/${createRes.body.jobId}/result`)

      at Object.<anonymous> (__tests__/stage2-verification-plan.spec.ts:233:36)

  ● Stage 2 Verification Plan - Final Validation › VERIFICATION TEST V6 — Headless API › POST /analysis/recompute with seed username returns correct result schema

    expected 201 "Created", got 400 "Bad Request"

      271 |         .set('X-Internal-Key', internalKey)
      272 |         .send({ githubUsername: username, force: true })
    > 273 |         .expect(HttpStatus.CREATED); // 201
          |          ^
      274 |
      275 |       const status = await waitForJob(createRes.body.jobId);
      276 |       expect(status.status).toBe('complete');

      at Object.<anonymous> (__tests__/stage2-verification-plan.spec.ts:273:10)
      ----
      at Test._assertStatus (../node_modules/supertest/lib/test.js:309:14)
      at ../node_modules/supertest/lib/test.js:365:13
      at Test._assertFunction (../node_modules/supertest/lib/test.js:342:13)
      at Test.assert (../node_modules/supertest/lib/test.js:195:23)
      at localAssert (../node_modules/supertest/lib/test.js:138:14)
      at Server.<anonymous> (../node_modules/supertest/lib/test.js:152:11)


Test Suites: 6 failed, 24 passed, 30 total
Tests:       29 failed, 220 passed, 249 total
Snapshots:   0 total
Time:        13.27 s
Ran all test suites.
Force exiting Jest: Have you considered using `--detectOpenHandles` to detect async operations that kept running after all tests finished?
