
> colossseum@0.0.1 test:e2e
> NODE_ENV=test jest --config ./test/jest-e2e.json --runInBand test/stage2-pipeline.e2e-spec.ts

[22:22:33.273] INFO (2700561): request completed {"req":{"id":1,"method":"POST","url":"/api/analysis","query":{},"params":{"path":["api","analysis"]},"headers":{"host":"127.0.0.1:35383","accept-encoding":"gzip, deflate","content-type":"application/json","content-length":"33","connection":"close"},"remoteAddress":"::ffff:127.0.0.1","remotePort":34752},"res":{"statusCode":201,"headers":{"x-powered-by":"Express","content-type":"application/json; charset=utf-8","content-length":"13","etag":"W/\"d-YKUVLxIpuwxTVCP937ZpooQceDg\""}},"responseTime":13}
[22:22:33.280] INFO (2700561): request completed {"req":{"id":2,"method":"GET","url":"/api/analysis/1/status","query":{},"params":{"path":["api","analysis","1","status"]},"headers":{"host":"127.0.0.1:46017","accept-encoding":"gzip, deflate","connection":"close"},"remoteAddress":"::ffff:127.0.0.1","remotePort":38626},"res":{"statusCode":200,"headers":{"x-powered-by":"Express","content-type":"application/json; charset=utf-8","content-length":"128","etag":"W/\"80-K/GRLmjupbJOEy/ptWxir+FgiMw\""}},"responseTime":2}
[22:22:33.287] INFO (2700561): request completed {"req":{"id":3,"method":"POST","url":"/api/analysis","query":{},"params":{"path":["api","analysis"]},"headers":{"host":"127.0.0.1:38881","accept-encoding":"gzip, deflate","content-type":"application/json","content-length":"33","connection":"close"},"remoteAddress":"::ffff:127.0.0.1","remotePort":53484},"res":{"statusCode":201,"headers":{"x-powered-by":"Express","content-type":"application/json; charset=utf-8","content-length":"13","etag":"W/\"d-gwxggn/Qpq0ECGc4vpHLtPIp4Sw\""}},"responseTime":3}
[22:22:33.298] INFO (2700561): request completed {"req":{"id":4,"method":"POST","url":"/api/analysis","query":{},"params":{"path":["api","analysis"]},"headers":{"host":"127.0.0.1:37915","accept-encoding":"gzip, deflate","content-type":"application/json","content-length":"34","connection":"close"},"remoteAddress":"::ffff:127.0.0.1","remotePort":42942},"res":{"statusCode":201,"headers":{"x-powered-by":"Express","content-type":"application/json; charset=utf-8","content-length":"13","etag":"W/\"d-4h+tCkV6S0fAMhxradm2p31BPpo\""}},"responseTime":8}
[22:22:33.301] INFO (2700561): request completed {"req":{"id":5,"method":"GET","url":"/api/analysis/3/status","query":{},"params":{"path":["api","analysis","3","status"]},"headers":{"host":"127.0.0.1:35243","accept-encoding":"gzip, deflate","connection":"close"},"remoteAddress":"::ffff:127.0.0.1","remotePort":51742},"res":{"statusCode":200,"headers":{"x-powered-by":"Express","content-type":"application/json; charset=utf-8","content-length":"128","etag":"W/\"80-Iy3dJWNA3EpAJ2db2JoJTInLT/Y\""}},"responseTime":1}
[22:22:33.310] INFO (2700561): request completed {"req":{"id":6,"method":"POST","url":"/api/analysis","query":{},"params":{"path":["api","analysis"]},"headers":{"host":"127.0.0.1:33417","accept-encoding":"gzip, deflate","content-type":"application/json","content-length":"32","connection":"close"},"remoteAddress":"::ffff:127.0.0.1","remotePort":39724},"res":{"statusCode":201,"headers":{"x-powered-by":"Express","content-type":"application/json; charset=utf-8","content-length":"13","etag":"W/\"d-vLSD043nK8821vwtCZGEUr1faAU\""}},"responseTime":7}
[22:22:33.313] INFO (2700561): request completed {"req":{"id":7,"method":"GET","url":"/api/analysis/4/status","query":{},"params":{"path":["api","analysis","4","status"]},"headers":{"host":"127.0.0.1:42533","accept-encoding":"gzip, deflate","connection":"close"},"remoteAddress":"::ffff:127.0.0.1","remotePort":59568},"res":{"statusCode":200,"headers":{"x-powered-by":"Express","content-type":"application/json; charset=utf-8","content-length":"128","etag":"W/\"80-1AtjmtdcCaw1kF+8VSkSxbFRQSc\""}},"responseTime":1}
[22:22:33.315] INFO (2700561): request completed {"req":{"id":8,"method":"GET","url":"/api/analysis/4/result","query":{},"params":{"path":["api","analysis","4","result"]},"headers":{"host":"127.0.0.1:45791","accept-encoding":"gzip, deflate","connection":"close"},"remoteAddress":"::ffff:127.0.0.1","remotePort":49388},"res":{"statusCode":200,"headers":{"x-powered-by":"Express","content-type":"application/json; charset=utf-8","content-length":"103","etag":"W/\"67-b2JDLbYxNltS2QkdtTcY+aRJChs\""}},"responseTime":1}
[22:22:33.320] INFO (2700561): request completed {"req":{"id":9,"method":"POST","url":"/api/analysis","query":{},"params":{"path":["api","analysis"]},"headers":{"host":"127.0.0.1:34821","accept-encoding":"gzip, deflate","content-type":"application/json","content-length":"33","connection":"close"},"remoteAddress":"::ffff:127.0.0.1","remotePort":46300},"res":{"statusCode":201,"headers":{"x-powered-by":"Express","content-type":"application/json; charset=utf-8","content-length":"13","etag":"W/\"d-bSBOJuMU6HWurvHJXWbzH35pseE\""}},"responseTime":3}
[22:22:33.323] INFO (2700561): request completed {"req":{"id":10,"method":"GET","url":"/api/analysis/5/status","query":{},"params":{"path":["api","analysis","5","status"]},"headers":{"host":"127.0.0.1:36791","accept-encoding":"gzip, deflate","connection":"close"},"remoteAddress":"::ffff:127.0.0.1","remotePort":33524},"res":{"statusCode":200,"headers":{"x-powered-by":"Express","content-type":"application/json; charset=utf-8","content-length":"128","etag":"W/\"80-K/GRLmjupbJOEy/ptWxir+FgiMw\""}},"responseTime":1}
[22:22:33.324] INFO (2700561): request completed {"req":{"id":11,"method":"GET","url":"/api/analysis/5/result","query":{},"params":{"path":["api","analysis","5","result"]},"headers":{"host":"127.0.0.1:43773","accept-encoding":"gzip, deflate","connection":"close"},"remoteAddress":"::ffff:127.0.0.1","remotePort":39620},"res":{"statusCode":200,"headers":{"x-powered-by":"Express","content-type":"application/json; charset=utf-8","content-length":"103","etag":"W/\"67-0oToRKwub5QAk8g5AMI6ZVbUny0\""}},"responseTime":1}
[22:22:33.333] INFO (2700561): request completed {"req":{"id":12,"method":"POST","url":"/api/analysis","query":{},"params":{"path":["api","analysis"]},"headers":{"host":"127.0.0.1:39923","accept-encoding":"gzip, deflate","content-type":"application/json","content-length":"36","connection":"close"},"remoteAddress":"::ffff:127.0.0.1","remotePort":53840},"res":{"statusCode":201,"headers":{"x-powered-by":"Express","content-type":"application/json; charset=utf-8","content-length":"13","etag":"W/\"d-OEdKD4V8Shn92Wwas6+6SrpKbg4\""}},"responseTime":7}
[22:22:33.335] INFO (2700561): request completed {"req":{"id":13,"method":"GET","url":"/api/analysis/6/status","query":{},"params":{"path":["api","analysis","6","status"]},"headers":{"host":"127.0.0.1:40039","accept-encoding":"gzip, deflate","connection":"close"},"remoteAddress":"::ffff:127.0.0.1","remotePort":42538},"res":{"statusCode":200,"headers":{"x-powered-by":"Express","content-type":"application/json; charset=utf-8","content-length":"49","etag":"W/\"31-rRBsxUdSkxISkCQhd3M/SXvawhI\""}},"responseTime":1}
[22:22:33.336] INFO (2700561): request completed {"req":{"id":14,"method":"GET","url":"/api/analysis/6/result","query":{},"params":{"path":["api","analysis","6","result"]},"headers":{"host":"127.0.0.1:45981","accept-encoding":"gzip, deflate","connection":"close"},"remoteAddress":"::ffff:127.0.0.1","remotePort":45164},"res":{"statusCode":200,"headers":{"x-powered-by":"Express","content-type":"application/json; charset=utf-8","content-length":"103","etag":"W/\"67-6iPjstzvNBLeliB01D70ofKavHk\""}},"responseTime":0}
[22:22:33.340] INFO (2700561): request completed {"req":{"id":15,"method":"POST","url":"/api/analysis","query":{},"params":{"path":["api","analysis"]},"headers":{"host":"127.0.0.1:33267","accept-encoding":"gzip, deflate","content-type":"application/json","content-length":"32","connection":"close"},"remoteAddress":"::ffff:127.0.0.1","remotePort":46088},"res":{"statusCode":201,"headers":{"x-powered-by":"Express","content-type":"application/json; charset=utf-8","content-length":"13","etag":"W/\"d-sSPXvpUCJNoxtjNhV9MRGwmU2P0\""}},"responseTime":2}
[22:22:33.342] INFO (2700561): request completed {"req":{"id":16,"method":"GET","url":"/api/analysis/7/status","query":{},"params":{"path":["api","analysis","7","status"]},"headers":{"host":"127.0.0.1:35431","accept-encoding":"gzip, deflate","connection":"close"},"remoteAddress":"::ffff:127.0.0.1","remotePort":50736},"res":{"statusCode":200,"headers":{"x-powered-by":"Express","content-type":"application/json; charset=utf-8","content-length":"62","etag":"W/\"3e-lvNk2d0SaDaMCmq2oeILcycn8fM\""}},"responseTime":1}
[22:22:33.545] INFO (2700561): request completed {"req":{"id":17,"method":"GET","url":"/api/analysis/7/status","query":{},"params":{"path":["api","analysis","7","status"]},"headers":{"host":"127.0.0.1:36341","accept-encoding":"gzip, deflate","connection":"close"},"remoteAddress":"::ffff:127.0.0.1","remotePort":52796},"res":{"statusCode":200,"headers":{"x-powered-by":"Express","content-type":"application/json; charset=utf-8","content-length":"128","etag":"W/\"80-1AtjmtdcCaw1kF+8VSkSxbFRQSc\""}},"responseTime":1}
[22:22:33.547] INFO (2700561): request completed {"req":{"id":18,"method":"GET","url":"/api/analysis/7/result","query":{},"params":{"path":["api","analysis","7","result"]},"headers":{"host":"127.0.0.1:46809","accept-encoding":"gzip, deflate","connection":"close"},"remoteAddress":"::ffff:127.0.0.1","remotePort":47344},"res":{"statusCode":200,"headers":{"x-powered-by":"Express","content-type":"application/json; charset=utf-8","content-length":"103","etag":"W/\"67-b2JDLbYxNltS2QkdtTcY+aRJChs\""}},"responseTime":1}
[22:22:33.556] INFO (2700561): request completed {"req":{"id":19,"method":"POST","url":"/api/analysis","query":{},"params":{"path":["api","analysis"]},"headers":{"host":"127.0.0.1:37595","accept-encoding":"gzip, deflate","content-type":"application/json","content-length":"28","connection":"close"},"remoteAddress":"::ffff:127.0.0.1","remotePort":60246},"res":{"statusCode":201,"headers":{"x-powered-by":"Express","content-type":"application/json; charset=utf-8","content-length":"13","etag":"W/\"d-PozRRlNQ89Z2llTeiBFYnKDaSzc\""}},"responseTime":8}
[22:22:33.558] INFO (2700561): request completed {"req":{"id":20,"method":"GET","url":"/api/analysis/8/status","query":{},"params":{"path":["api","analysis","8","status"]},"headers":{"host":"127.0.0.1:44003","accept-encoding":"gzip, deflate","connection":"close"},"remoteAddress":"::ffff:127.0.0.1","remotePort":50724},"res":{"statusCode":200,"headers":{"x-powered-by":"Express","content-type":"application/json; charset=utf-8","content-length":"62","etag":"W/\"3e-lvNk2d0SaDaMCmq2oeILcycn8fM\""}},"responseTime":1}
[22:22:33.760] INFO (2700561): request completed {"req":{"id":21,"method":"GET","url":"/api/analysis/8/status","query":{},"params":{"path":["api","analysis","8","status"]},"headers":{"host":"127.0.0.1:41651","accept-encoding":"gzip, deflate","connection":"close"},"remoteAddress":"::ffff:127.0.0.1","remotePort":40826},"res":{"statusCode":200,"headers":{"x-powered-by":"Express","content-type":"application/json; charset=utf-8","content-length":"128","etag":"W/\"80-5P0RwnV9gPikscs1OgkXm51NReA\""}},"responseTime":1}
[22:22:33.762] INFO (2700561): request completed {"req":{"id":22,"method":"GET","url":"/api/analysis/8/result","query":{},"params":{"path":["api","analysis","8","result"]},"headers":{"host":"127.0.0.1:38675","accept-encoding":"gzip, deflate","connection":"close"},"remoteAddress":"::ffff:127.0.0.1","remotePort":43200},"res":{"statusCode":200,"headers":{"x-powered-by":"Express","content-type":"application/json; charset=utf-8","content-length":"103","etag":"W/\"67-5d57P6p2veDJ075hBbDDZbvX9xE\""}},"responseTime":1}
[22:22:33.768] INFO (2700561): request completed {"req":{"id":23,"method":"POST","url":"/api/analysis","query":{},"params":{"path":["api","analysis"]},"headers":{"host":"127.0.0.1:45193","accept-encoding":"gzip, deflate","content-type":"application/json","content-length":"28","connection":"close"},"remoteAddress":"::ffff:127.0.0.1","remotePort":44540},"res":{"statusCode":201,"headers":{"x-powered-by":"Express","content-type":"application/json; charset=utf-8","content-length":"13","etag":"W/\"d-2g0Nay1tVQXFU4gTP9X1u4pHqGY\""}},"responseTime":3}
[22:22:33.769] INFO (2700561): request completed {"req":{"id":24,"method":"GET","url":"/api/analysis/9/status","query":{},"params":{"path":["api","analysis","9","status"]},"headers":{"host":"127.0.0.1:33635","accept-encoding":"gzip, deflate","connection":"close"},"remoteAddress":"::ffff:127.0.0.1","remotePort":44202},"res":{"statusCode":200,"headers":{"x-powered-by":"Express","content-type":"application/json; charset=utf-8","content-length":"62","etag":"W/\"3e-lvNk2d0SaDaMCmq2oeILcycn8fM\""}},"responseTime":0}
[22:22:33.872] INFO (2700561): request completed {"req":{"id":25,"method":"GET","url":"/api/analysis/9/status","query":{},"params":{"path":["api","analysis","9","status"]},"headers":{"host":"127.0.0.1:37911","accept-encoding":"gzip, deflate","connection":"close"},"remoteAddress":"::ffff:127.0.0.1","remotePort":33814},"res":{"statusCode":200,"headers":{"x-powered-by":"Express","content-type":"application/json; charset=utf-8","content-length":"128","etag":"W/\"80-5P0RwnV9gPikscs1OgkXm51NReA\""}},"responseTime":1}
[22:22:33.975] INFO (2700561): request completed {"req":{"id":26,"method":"GET","url":"/api/analysis/9/status","query":{},"params":{"path":["api","analysis","9","status"]},"headers":{"host":"127.0.0.1:41191","accept-encoding":"gzip, deflate","connection":"close"},"remoteAddress":"::ffff:127.0.0.1","remotePort":60708},"res":{"statusCode":200,"headers":{"x-powered-by":"Express","content-type":"application/json; charset=utf-8","content-length":"128","etag":"W/\"80-5P0RwnV9gPikscs1OgkXm51NReA\""}},"responseTime":1}
[22:22:34.078] INFO (2700561): request completed {"req":{"id":27,"method":"GET","url":"/api/analysis/9/status","query":{},"params":{"path":["api","analysis","9","status"]},"headers":{"host":"127.0.0.1:43785","accept-encoding":"gzip, deflate","connection":"close"},"remoteAddress":"::ffff:127.0.0.1","remotePort":41112},"res":{"statusCode":200,"headers":{"x-powered-by":"Express","content-type":"application/json; charset=utf-8","content-length":"128","etag":"W/\"80-5P0RwnV9gPikscs1OgkXm51NReA\""}},"responseTime":1}
[22:22:34.182] INFO (2700561): request completed {"req":{"id":28,"method":"GET","url":"/api/analysis/9/status","query":{},"params":{"path":["api","analysis","9","status"]},"headers":{"host":"127.0.0.1:35565","accept-encoding":"gzip, deflate","connection":"close"},"remoteAddress":"::ffff:127.0.0.1","remotePort":52166},"res":{"statusCode":200,"headers":{"x-powered-by":"Express","content-type":"application/json; charset=utf-8","content-length":"128","etag":"W/\"80-5P0RwnV9gPikscs1OgkXm51NReA\""}},"responseTime":1}
[22:22:34.286] INFO (2700561): request completed {"req":{"id":29,"method":"GET","url":"/api/analysis/9/status","query":{},"params":{"path":["api","analysis","9","status"]},"headers":{"host":"127.0.0.1:36879","accept-encoding":"gzip, deflate","connection":"close"},"remoteAddress":"::ffff:127.0.0.1","remotePort":56154},"res":{"statusCode":200,"headers":{"x-powered-by":"Express","content-type":"application/json; charset=utf-8","content-length":"128","etag":"W/\"80-5P0RwnV9gPikscs1OgkXm51NReA\""}},"responseTime":1}
[22:22:34.391] INFO (2700561): request completed {"req":{"id":30,"method":"GET","url":"/api/analysis/9/status","query":{},"params":{"path":["api","analysis","9","status"]},"headers":{"host":"127.0.0.1:35713","accept-encoding":"gzip, deflate","connection":"close"},"remoteAddress":"::ffff:127.0.0.1","remotePort":60526},"res":{"statusCode":200,"headers":{"x-powered-by":"Express","content-type":"application/json; charset=utf-8","content-length":"128","etag":"W/\"80-5P0RwnV9gPikscs1OgkXm51NReA\""}},"responseTime":1}
[22:22:34.495] INFO (2700561): request completed {"req":{"id":31,"method":"GET","url":"/api/analysis/9/status","query":{},"params":{"path":["api","analysis","9","status"]},"headers":{"host":"127.0.0.1:44289","accept-encoding":"gzip, deflate","connection":"close"},"remoteAddress":"::ffff:127.0.0.1","remotePort":36000},"res":{"statusCode":200,"headers":{"x-powered-by":"Express","content-type":"application/json; charset=utf-8","content-length":"128","etag":"W/\"80-5P0RwnV9gPikscs1OgkXm51NReA\""}},"responseTime":1}
[22:22:34.599] INFO (2700561): request completed {"req":{"id":32,"method":"GET","url":"/api/analysis/9/status","query":{},"params":{"path":["api","analysis","9","status"]},"headers":{"host":"127.0.0.1:44869","accept-encoding":"gzip, deflate","connection":"close"},"remoteAddress":"::ffff:127.0.0.1","remotePort":41362},"res":{"statusCode":200,"headers":{"x-powered-by":"Express","content-type":"application/json; charset=utf-8","content-length":"128","etag":"W/\"80-5P0RwnV9gPikscs1OgkXm51NReA\""}},"responseTime":1}
[22:22:34.702] INFO (2700561): request completed {"req":{"id":33,"method":"GET","url":"/api/analysis/9/status","query":{},"params":{"path":["api","analysis","9","status"]},"headers":{"host":"127.0.0.1:42825","accept-encoding":"gzip, deflate","connection":"close"},"remoteAddress":"::ffff:127.0.0.1","remotePort":60578},"res":{"statusCode":200,"headers":{"x-powered-by":"Express","content-type":"application/json; charset=utf-8","content-length":"128","etag":"W/\"80-5P0RwnV9gPikscs1OgkXm51NReA\""}},"responseTime":1}
[22:22:34.805] INFO (2700561): request completed {"req":{"id":34,"method":"GET","url":"/api/analysis/9/status","query":{},"params":{"path":["api","analysis","9","status"]},"headers":{"host":"127.0.0.1:34273","accept-encoding":"gzip, deflate","connection":"close"},"remoteAddress":"::ffff:127.0.0.1","remotePort":47434},"res":{"statusCode":200,"headers":{"x-powered-by":"Express","content-type":"application/json; charset=utf-8","content-length":"128","etag":"W/\"80-5P0RwnV9gPikscs1OgkXm51NReA\""}},"responseTime":1}
[22:22:34.909] INFO (2700561): request completed {"req":{"id":35,"method":"GET","url":"/api/analysis/9/status","query":{},"params":{"path":["api","analysis","9","status"]},"headers":{"host":"127.0.0.1:40029","accept-encoding":"gzip, deflate","connection":"close"},"remoteAddress":"::ffff:127.0.0.1","remotePort":55536},"res":{"statusCode":200,"headers":{"x-powered-by":"Express","content-type":"application/json; charset=utf-8","content-length":"128","etag":"W/\"80-5P0RwnV9gPikscs1OgkXm51NReA\""}},"responseTime":1}
[22:22:35.013] INFO (2700561): request completed {"req":{"id":36,"method":"GET","url":"/api/analysis/9/status","query":{},"params":{"path":["api","analysis","9","status"]},"headers":{"host":"127.0.0.1:36017","accept-encoding":"gzip, deflate","connection":"close"},"remoteAddress":"::ffff:127.0.0.1","remotePort":58710},"res":{"statusCode":200,"headers":{"x-powered-by":"Express","content-type":"application/json; charset=utf-8","content-length":"128","etag":"W/\"80-5P0RwnV9gPikscs1OgkXm51NReA\""}},"responseTime":1}
[22:22:35.116] INFO (2700561): request completed {"req":{"id":37,"method":"GET","url":"/api/analysis/9/status","query":{},"params":{"path":["api","analysis","9","status"]},"headers":{"host":"127.0.0.1:41863","accept-encoding":"gzip, deflate","connection":"close"},"remoteAddress":"::ffff:127.0.0.1","remotePort":46702},"res":{"statusCode":200,"headers":{"x-powered-by":"Express","content-type":"application/json; charset=utf-8","content-length":"128","etag":"W/\"80-5P0RwnV9gPikscs1OgkXm51NReA\""}},"responseTime":2}
[22:22:35.219] INFO (2700561): request completed {"req":{"id":38,"method":"GET","url":"/api/analysis/9/status","query":{},"params":{"path":["api","analysis","9","status"]},"headers":{"host":"127.0.0.1:38147","accept-encoding":"gzip, deflate","connection":"close"},"remoteAddress":"::ffff:127.0.0.1","remotePort":45704},"res":{"statusCode":200,"headers":{"x-powered-by":"Express","content-type":"application/json; charset=utf-8","content-length":"128","etag":"W/\"80-5P0RwnV9gPikscs1OgkXm51NReA\""}},"responseTime":1}
[22:22:35.321] INFO (2700561): request completed {"req":{"id":39,"method":"GET","url":"/api/analysis/9/status","query":{},"params":{"path":["api","analysis","9","status"]},"headers":{"host":"127.0.0.1:32991","accept-encoding":"gzip, deflate","connection":"close"},"remoteAddress":"::ffff:127.0.0.1","remotePort":35174},"res":{"statusCode":200,"headers":{"x-powered-by":"Express","content-type":"application/json; charset=utf-8","content-length":"128","etag":"W/\"80-5P0RwnV9gPikscs1OgkXm51NReA\""}},"responseTime":1}
[22:22:35.425] INFO (2700561): request completed {"req":{"id":40,"method":"GET","url":"/api/analysis/9/status","query":{},"params":{"path":["api","analysis","9","status"]},"headers":{"host":"127.0.0.1:43449","accept-encoding":"gzip, deflate","connection":"close"},"remoteAddress":"::ffff:127.0.0.1","remotePort":37098},"res":{"statusCode":200,"headers":{"x-powered-by":"Express","content-type":"application/json; charset=utf-8","content-length":"128","etag":"W/\"80-5P0RwnV9gPikscs1OgkXm51NReA\""}},"responseTime":1}
[22:22:35.529] INFO (2700561): request completed {"req":{"id":41,"method":"GET","url":"/api/analysis/9/status","query":{},"params":{"path":["api","analysis","9","status"]},"headers":{"host":"127.0.0.1:36167","accept-encoding":"gzip, deflate","connection":"close"},"remoteAddress":"::ffff:127.0.0.1","remotePort":40738},"res":{"statusCode":200,"headers":{"x-powered-by":"Express","content-type":"application/json; charset=utf-8","content-length":"128","etag":"W/\"80-5P0RwnV9gPikscs1OgkXm51NReA\""}},"responseTime":2}
[22:22:35.632] INFO (2700561): request completed {"req":{"id":42,"method":"GET","url":"/api/analysis/9/status","query":{},"params":{"path":["api","analysis","9","status"]},"headers":{"host":"127.0.0.1:34299","accept-encoding":"gzip, deflate","connection":"close"},"remoteAddress":"::ffff:127.0.0.1","remotePort":51878},"res":{"statusCode":200,"headers":{"x-powered-by":"Express","content-type":"application/json; charset=utf-8","content-length":"128","etag":"W/\"80-5P0RwnV9gPikscs1OgkXm51NReA\""}},"responseTime":1}
[22:22:35.735] INFO (2700561): request completed {"req":{"id":43,"method":"GET","url":"/api/analysis/9/status","query":{},"params":{"path":["api","analysis","9","status"]},"headers":{"host":"127.0.0.1:33119","accept-encoding":"gzip, deflate","connection":"close"},"remoteAddress":"::ffff:127.0.0.1","remotePort":38246},"res":{"statusCode":200,"headers":{"x-powered-by":"Express","content-type":"application/json; charset=utf-8","content-length":"128","etag":"W/\"80-5P0RwnV9gPikscs1OgkXm51NReA\""}},"responseTime":1}
[22:22:35.837] INFO (2700561): request completed {"req":{"id":44,"method":"GET","url":"/api/analysis/9/status","query":{},"params":{"path":["api","analysis","9","status"]},"headers":{"host":"127.0.0.1:46475","accept-encoding":"gzip, deflate","connection":"close"},"remoteAddress":"::ffff:127.0.0.1","remotePort":47444},"res":{"statusCode":200,"headers":{"x-powered-by":"Express","content-type":"application/json; charset=utf-8","content-length":"128","etag":"W/\"80-5P0RwnV9gPikscs1OgkXm51NReA\""}},"responseTime":1}
[22:22:35.940] INFO (2700561): request completed {"req":{"id":45,"method":"GET","url":"/api/analysis/9/status","query":{},"params":{"path":["api","analysis","9","status"]},"headers":{"host":"127.0.0.1:42105","accept-encoding":"gzip, deflate","connection":"close"},"remoteAddress":"::ffff:127.0.0.1","remotePort":35928},"res":{"statusCode":200,"headers":{"x-powered-by":"Express","content-type":"application/json; charset=utf-8","content-length":"128","etag":"W/\"80-5P0RwnV9gPikscs1OgkXm51NReA\""}},"responseTime":1}
[22:22:36.043] INFO (2700561): request completed {"req":{"id":46,"method":"GET","url":"/api/analysis/9/status","query":{},"params":{"path":["api","analysis","9","status"]},"headers":{"host":"127.0.0.1:35229","accept-encoding":"gzip, deflate","connection":"close"},"remoteAddress":"::ffff:127.0.0.1","remotePort":35572},"res":{"statusCode":200,"headers":{"x-powered-by":"Express","content-type":"application/json; charset=utf-8","content-length":"128","etag":"W/\"80-5P0RwnV9gPikscs1OgkXm51NReA\""}},"responseTime":1}
[22:22:36.147] INFO (2700561): request completed {"req":{"id":47,"method":"GET","url":"/api/analysis/9/status","query":{},"params":{"path":["api","analysis","9","status"]},"headers":{"host":"127.0.0.1:42339","accept-encoding":"gzip, deflate","connection":"close"},"remoteAddress":"::ffff:127.0.0.1","remotePort":59470},"res":{"statusCode":200,"headers":{"x-powered-by":"Express","content-type":"application/json; charset=utf-8","content-length":"128","etag":"W/\"80-5P0RwnV9gPikscs1OgkXm51NReA\""}},"responseTime":1}
[22:22:36.250] INFO (2700561): request completed {"req":{"id":48,"method":"GET","url":"/api/analysis/9/status","query":{},"params":{"path":["api","analysis","9","status"]},"headers":{"host":"127.0.0.1:42905","accept-encoding":"gzip, deflate","connection":"close"},"remoteAddress":"::ffff:127.0.0.1","remotePort":56418},"res":{"statusCode":200,"headers":{"x-powered-by":"Express","content-type":"application/json; charset=utf-8","content-length":"128","etag":"W/\"80-5P0RwnV9gPikscs1OgkXm51NReA\""}},"responseTime":1}
[22:22:36.354] INFO (2700561): request completed {"req":{"id":49,"method":"GET","url":"/api/analysis/9/status","query":{},"params":{"path":["api","analysis","9","status"]},"headers":{"host":"127.0.0.1:37647","accept-encoding":"gzip, deflate","connection":"close"},"remoteAddress":"::ffff:127.0.0.1","remotePort":53584},"res":{"statusCode":200,"headers":{"x-powered-by":"Express","content-type":"application/json; charset=utf-8","content-length":"128","etag":"W/\"80-5P0RwnV9gPikscs1OgkXm51NReA\""}},"responseTime":1}
[22:22:36.458] INFO (2700561): request completed {"req":{"id":50,"method":"GET","url":"/api/analysis/9/status","query":{},"params":{"path":["api","analysis","9","status"]},"headers":{"host":"127.0.0.1:44965","accept-encoding":"gzip, deflate","connection":"close"},"remoteAddress":"::ffff:127.0.0.1","remotePort":60204},"res":{"statusCode":200,"headers":{"x-powered-by":"Express","content-type":"application/json; charset=utf-8","content-length":"128","etag":"W/\"80-5P0RwnV9gPikscs1OgkXm51NReA\""}},"responseTime":2}
[22:22:36.561] INFO (2700561): request completed {"req":{"id":51,"method":"GET","url":"/api/analysis/9/status","query":{},"params":{"path":["api","analysis","9","status"]},"headers":{"host":"127.0.0.1:43335","accept-encoding":"gzip, deflate","connection":"close"},"remoteAddress":"::ffff:127.0.0.1","remotePort":40580},"res":{"statusCode":200,"headers":{"x-powered-by":"Express","content-type":"application/json; charset=utf-8","content-length":"128","etag":"W/\"80-5P0RwnV9gPikscs1OgkXm51NReA\""}},"responseTime":1}
[22:22:36.664] INFO (2700561): request completed {"req":{"id":52,"method":"GET","url":"/api/analysis/9/status","query":{},"params":{"path":["api","analysis","9","status"]},"headers":{"host":"127.0.0.1:40017","accept-encoding":"gzip, deflate","connection":"close"},"remoteAddress":"::ffff:127.0.0.1","remotePort":33534},"res":{"statusCode":200,"headers":{"x-powered-by":"Express","content-type":"application/json; charset=utf-8","content-length":"128","etag":"W/\"80-5P0RwnV9gPikscs1OgkXm51NReA\""}},"responseTime":1}
[22:22:36.768] INFO (2700561): request completed {"req":{"id":53,"method":"GET","url":"/api/analysis/9/status","query":{},"params":{"path":["api","analysis","9","status"]},"headers":{"host":"127.0.0.1:42397","accept-encoding":"gzip, deflate","connection":"close"},"remoteAddress":"::ffff:127.0.0.1","remotePort":52888},"res":{"statusCode":200,"headers":{"x-powered-by":"Express","content-type":"application/json; charset=utf-8","content-length":"128","etag":"W/\"80-5P0RwnV9gPikscs1OgkXm51NReA\""}},"responseTime":1}
[22:22:36.872] INFO (2700561): request completed {"req":{"id":54,"method":"GET","url":"/api/analysis/9/status","query":{},"params":{"path":["api","analysis","9","status"]},"headers":{"host":"127.0.0.1:35413","accept-encoding":"gzip, deflate","connection":"close"},"remoteAddress":"::ffff:127.0.0.1","remotePort":59432},"res":{"statusCode":200,"headers":{"x-powered-by":"Express","content-type":"application/json; charset=utf-8","content-length":"128","etag":"W/\"80-5P0RwnV9gPikscs1OgkXm51NReA\""}},"responseTime":2}
[22:22:36.976] INFO (2700561): request completed {"req":{"id":55,"method":"GET","url":"/api/analysis/9/status","query":{},"params":{"path":["api","analysis","9","status"]},"headers":{"host":"127.0.0.1:39627","accept-encoding":"gzip, deflate","connection":"close"},"remoteAddress":"::ffff:127.0.0.1","remotePort":52532},"res":{"statusCode":200,"headers":{"x-powered-by":"Express","content-type":"application/json; charset=utf-8","content-length":"128","etag":"W/\"80-5P0RwnV9gPikscs1OgkXm51NReA\""}},"responseTime":1}
[22:22:37.080] INFO (2700561): request completed {"req":{"id":56,"method":"GET","url":"/api/analysis/9/status","query":{},"params":{"path":["api","analysis","9","status"]},"headers":{"host":"127.0.0.1:36967","accept-encoding":"gzip, deflate","connection":"close"},"remoteAddress":"::ffff:127.0.0.1","remotePort":32990},"res":{"statusCode":200,"headers":{"x-powered-by":"Express","content-type":"application/json; charset=utf-8","content-length":"128","etag":"W/\"80-5P0RwnV9gPikscs1OgkXm51NReA\""}},"responseTime":2}
[22:22:37.183] INFO (2700561): request completed {"req":{"id":57,"method":"GET","url":"/api/analysis/9/status","query":{},"params":{"path":["api","analysis","9","status"]},"headers":{"host":"127.0.0.1:41843","accept-encoding":"gzip, deflate","connection":"close"},"remoteAddress":"::ffff:127.0.0.1","remotePort":49234},"res":{"statusCode":200,"headers":{"x-powered-by":"Express","content-type":"application/json; charset=utf-8","content-length":"128","etag":"W/\"80-5P0RwnV9gPikscs1OgkXm51NReA\""}},"responseTime":1}
[22:22:37.287] INFO (2700561): request completed {"req":{"id":58,"method":"GET","url":"/api/analysis/9/status","query":{},"params":{"path":["api","analysis","9","status"]},"headers":{"host":"127.0.0.1:34335","accept-encoding":"gzip, deflate","connection":"close"},"remoteAddress":"::ffff:127.0.0.1","remotePort":44928},"res":{"statusCode":200,"headers":{"x-powered-by":"Express","content-type":"application/json; charset=utf-8","content-length":"128","etag":"W/\"80-5P0RwnV9gPikscs1OgkXm51NReA\""}},"responseTime":1}
[22:22:37.392] INFO (2700561): request completed {"req":{"id":59,"method":"GET","url":"/api/analysis/9/status","query":{},"params":{"path":["api","analysis","9","status"]},"headers":{"host":"127.0.0.1:34581","accept-encoding":"gzip, deflate","connection":"close"},"remoteAddress":"::ffff:127.0.0.1","remotePort":44062},"res":{"statusCode":200,"headers":{"x-powered-by":"Express","content-type":"application/json; charset=utf-8","content-length":"128","etag":"W/\"80-5P0RwnV9gPikscs1OgkXm51NReA\""}},"responseTime":1}
[22:22:37.496] INFO (2700561): request completed {"req":{"id":60,"method":"GET","url":"/api/analysis/9/status","query":{},"params":{"path":["api","analysis","9","status"]},"headers":{"host":"127.0.0.1:34415","accept-encoding":"gzip, deflate","connection":"close"},"remoteAddress":"::ffff:127.0.0.1","remotePort":33844},"res":{"statusCode":200,"headers":{"x-powered-by":"Express","content-type":"application/json; charset=utf-8","content-length":"128","etag":"W/\"80-5P0RwnV9gPikscs1OgkXm51NReA\""}},"responseTime":1}
[22:22:37.599] INFO (2700561): request completed {"req":{"id":61,"method":"GET","url":"/api/analysis/9/status","query":{},"params":{"path":["api","analysis","9","status"]},"headers":{"host":"127.0.0.1:39097","accept-encoding":"gzip, deflate","connection":"close"},"remoteAddress":"::ffff:127.0.0.1","remotePort":60480},"res":{"statusCode":200,"headers":{"x-powered-by":"Express","content-type":"application/json; charset=utf-8","content-length":"128","etag":"W/\"80-5P0RwnV9gPikscs1OgkXm51NReA\""}},"responseTime":1}
[22:22:37.701] INFO (2700561): request completed {"req":{"id":62,"method":"GET","url":"/api/analysis/9/status","query":{},"params":{"path":["api","analysis","9","status"]},"headers":{"host":"127.0.0.1:45907","accept-encoding":"gzip, deflate","connection":"close"},"remoteAddress":"::ffff:127.0.0.1","remotePort":43064},"res":{"statusCode":200,"headers":{"x-powered-by":"Express","content-type":"application/json; charset=utf-8","content-length":"128","etag":"W/\"80-5P0RwnV9gPikscs1OgkXm51NReA\""}},"responseTime":1}
[22:22:37.805] INFO (2700561): request completed {"req":{"id":63,"method":"GET","url":"/api/analysis/9/status","query":{},"params":{"path":["api","analysis","9","status"]},"headers":{"host":"127.0.0.1:42445","accept-encoding":"gzip, deflate","connection":"close"},"remoteAddress":"::ffff:127.0.0.1","remotePort":43744},"res":{"statusCode":200,"headers":{"x-powered-by":"Express","content-type":"application/json; charset=utf-8","content-length":"128","etag":"W/\"80-5P0RwnV9gPikscs1OgkXm51NReA\""}},"responseTime":1}
[22:22:37.909] INFO (2700561): request completed {"req":{"id":64,"method":"GET","url":"/api/analysis/9/status","query":{},"params":{"path":["api","analysis","9","status"]},"headers":{"host":"127.0.0.1:39503","accept-encoding":"gzip, deflate","connection":"close"},"remoteAddress":"::ffff:127.0.0.1","remotePort":39902},"res":{"statusCode":200,"headers":{"x-powered-by":"Express","content-type":"application/json; charset=utf-8","content-length":"128","etag":"W/\"80-5P0RwnV9gPikscs1OgkXm51NReA\""}},"responseTime":2}
[22:22:38.013] INFO (2700561): request completed {"req":{"id":65,"method":"GET","url":"/api/analysis/9/status","query":{},"params":{"path":["api","analysis","9","status"]},"headers":{"host":"127.0.0.1:44855","accept-encoding":"gzip, deflate","connection":"close"},"remoteAddress":"::ffff:127.0.0.1","remotePort":58728},"res":{"statusCode":200,"headers":{"x-powered-by":"Express","content-type":"application/json; charset=utf-8","content-length":"128","etag":"W/\"80-5P0RwnV9gPikscs1OgkXm51NReA\""}},"responseTime":1}
[22:22:38.115] INFO (2700561): request completed {"req":{"id":66,"method":"GET","url":"/api/analysis/9/status","query":{},"params":{"path":["api","analysis","9","status"]},"headers":{"host":"127.0.0.1:42761","accept-encoding":"gzip, deflate","connection":"close"},"remoteAddress":"::ffff:127.0.0.1","remotePort":50622},"res":{"statusCode":200,"headers":{"x-powered-by":"Express","content-type":"application/json; charset=utf-8","content-length":"128","etag":"W/\"80-5P0RwnV9gPikscs1OgkXm51NReA\""}},"responseTime":1}
[22:22:38.219] INFO (2700561): request completed {"req":{"id":67,"method":"GET","url":"/api/analysis/9/status","query":{},"params":{"path":["api","analysis","9","status"]},"headers":{"host":"127.0.0.1:38897","accept-encoding":"gzip, deflate","connection":"close"},"remoteAddress":"::ffff:127.0.0.1","remotePort":37234},"res":{"statusCode":200,"headers":{"x-powered-by":"Express","content-type":"application/json; charset=utf-8","content-length":"128","etag":"W/\"80-5P0RwnV9gPikscs1OgkXm51NReA\""}},"responseTime":0}
[22:22:38.321] INFO (2700561): request completed {"req":{"id":68,"method":"GET","url":"/api/analysis/9/status","query":{},"params":{"path":["api","analysis","9","status"]},"headers":{"host":"127.0.0.1:34583","accept-encoding":"gzip, deflate","connection":"close"},"remoteAddress":"::ffff:127.0.0.1","remotePort":53256},"res":{"statusCode":200,"headers":{"x-powered-by":"Express","content-type":"application/json; charset=utf-8","content-length":"128","etag":"W/\"80-5P0RwnV9gPikscs1OgkXm51NReA\""}},"responseTime":0}
[22:22:38.426] INFO (2700561): request completed {"req":{"id":69,"method":"GET","url":"/api/analysis/9/status","query":{},"params":{"path":["api","analysis","9","status"]},"headers":{"host":"127.0.0.1:43659","accept-encoding":"gzip, deflate","connection":"close"},"remoteAddress":"::ffff:127.0.0.1","remotePort":36084},"res":{"statusCode":200,"headers":{"x-powered-by":"Express","content-type":"application/json; charset=utf-8","content-length":"128","etag":"W/\"80-5P0RwnV9gPikscs1OgkXm51NReA\""}},"responseTime":1}
[22:22:38.529] INFO (2700561): request completed {"req":{"id":70,"method":"GET","url":"/api/analysis/9/status","query":{},"params":{"path":["api","analysis","9","status"]},"headers":{"host":"127.0.0.1:43359","accept-encoding":"gzip, deflate","connection":"close"},"remoteAddress":"::ffff:127.0.0.1","remotePort":44962},"res":{"statusCode":200,"headers":{"x-powered-by":"Express","content-type":"application/json; charset=utf-8","content-length":"128","etag":"W/\"80-5P0RwnV9gPikscs1OgkXm51NReA\""}},"responseTime":1}
[22:22:38.632] INFO (2700561): request completed {"req":{"id":71,"method":"GET","url":"/api/analysis/9/status","query":{},"params":{"path":["api","analysis","9","status"]},"headers":{"host":"127.0.0.1:35879","accept-encoding":"gzip, deflate","connection":"close"},"remoteAddress":"::ffff:127.0.0.1","remotePort":33318},"res":{"statusCode":200,"headers":{"x-powered-by":"Express","content-type":"application/json; charset=utf-8","content-length":"128","etag":"W/\"80-5P0RwnV9gPikscs1OgkXm51NReA\""}},"responseTime":1}
[22:22:38.735] INFO (2700561): request completed {"req":{"id":72,"method":"GET","url":"/api/analysis/9/status","query":{},"params":{"path":["api","analysis","9","status"]},"headers":{"host":"127.0.0.1:38195","accept-encoding":"gzip, deflate","connection":"close"},"remoteAddress":"::ffff:127.0.0.1","remotePort":59688},"res":{"statusCode":200,"headers":{"x-powered-by":"Express","content-type":"application/json; charset=utf-8","content-length":"128","etag":"W/\"80-5P0RwnV9gPikscs1OgkXm51NReA\""}},"responseTime":1}
[22:22:38.774] INFO (2700561): request completed {"req":{"id":73,"method":"POST","url":"/api/analysis/recompute","query":{},"params":{"path":["api","analysis","recompute"]},"headers":{"host":"127.0.0.1:43563","accept-encoding":"gzip, deflate","x-internal-key":"'default_timeout_for_tests';","content-type":"application/json","content-length":"46","connection":"close"},"remoteAddress":"::ffff:127.0.0.1","remotePort":55846},"res":{"statusCode":201,"headers":{"x-powered-by":"Express","content-type":"application/json; charset=utf-8","content-length":"14","etag":"W/\"e-HpkN63QVoeiSkI00c/aDBDSEDdc\""}},"responseTime":8}
[22:22:38.778] INFO (2700561): request completed {"req":{"id":74,"method":"GET","url":"/api/analysis/10/status","query":{},"params":{"path":["api","analysis","10","status"]},"headers":{"host":"127.0.0.1:33805","accept-encoding":"gzip, deflate","connection":"close"},"remoteAddress":"::ffff:127.0.0.1","remotePort":45322},"res":{"statusCode":200,"headers":{"x-powered-by":"Express","content-type":"application/json; charset=utf-8","content-length":"62","etag":"W/\"3e-lvNk2d0SaDaMCmq2oeILcycn8fM\""}},"responseTime":1}
[22:22:38.982] INFO (2700561): request completed {"req":{"id":75,"method":"GET","url":"/api/analysis/10/status","query":{},"params":{"path":["api","analysis","10","status"]},"headers":{"host":"127.0.0.1:33607","accept-encoding":"gzip, deflate","connection":"close"},"remoteAddress":"::ffff:127.0.0.1","remotePort":45120},"res":{"statusCode":200,"headers":{"x-powered-by":"Express","content-type":"application/json; charset=utf-8","content-length":"53","etag":"W/\"35-K587U8FhnboZH1ClyeDtGpR8VQ8\""}},"responseTime":2}
  console.error
    Analysis trigger failed LOG: Error: Custom Id cannot contain :
        at Job.validateOptions (/home/arturo-clavero/projects/stage3/server/node_modules/bullmq/src/classes/job.ts:1587:15)
        at Job.addJob (/home/arturo-clavero/projects/stage3/server/node_modules/bullmq/src/classes/job.ts:1517:10)
        at Function.create (/home/arturo-clavero/projects/stage3/server/node_modules/bullmq/src/classes/job.ts:285:24)
        at processTicksAndRejections (node:internal/process/task_queues:105:5)
        at Queue.addJob (/home/arturo-clavero/projects/stage3/server/node_modules/bullmq/src/classes/queue.ts:384:19)
        at /home/arturo-clavero/projects/stage3/server/node_modules/bullmq/src/classes/queue.ts:332:21

      141 |     return { jobId: job.id };
      142 |     } catch (error) {
    > 143 |       console.error('Analysis trigger failed LOG:', error);
          |               ^
      144 |       return { 
      145 |         status: 'error', 
      146 |         message: error.message, 

      at AnalysisController.createAnalysis (../src/scoring/analysis/analysis.controller.ts:143:15)
      at ../node_modules/@nestjs/core/router/router-execution-context.js:46:28
      at ../node_modules/@nestjs/core/router/router-proxy.js:9:17

[22:22:39.018] INFO (2700561): request completed {"req":{"id":76,"method":"POST","url":"/api/analysis","query":{},"params":{"path":["api","analysis"]},"headers":{"host":"127.0.0.1:39643","accept-encoding":"gzip, deflate","content-type":"application/json","content-length":"33","connection":"close"},"remoteAddress":"::ffff:127.0.0.1","remotePort":56096},"res":{"statusCode":201,"headers":{"x-powered-by":"Express","content-type":"application/json; charset=utf-8","content-length":"741","etag":"W/\"2e5-lF8Y1blgJBkVyYuUMkpSoG13uDY\""}},"responseTime":33}
[22:22:39.020] INFO (2700561): request completed {"req":{"id":77,"method":"GET","url":"/api/analysis/undefined/status","query":{},"params":{"path":["api","analysis","undefined","status"]},"headers":{"host":"127.0.0.1:40915","accept-encoding":"gzip, deflate","connection":"close"},"remoteAddress":"::ffff:127.0.0.1","remotePort":60210},"res":{"statusCode":404,"headers":{"x-powered-by":"Express","content-type":"application/json; charset=utf-8","content-length":"74","etag":"W/\"4a-wFazbKuW7ChIC7KwS2UFRQKj75k\""}},"responseTime":1}
[22:22:39.223] INFO (2700561): request completed {"req":{"id":78,"method":"GET","url":"/api/analysis/undefined/status","query":{},"params":{"path":["api","analysis","undefined","status"]},"headers":{"host":"127.0.0.1:43855","accept-encoding":"gzip, deflate","connection":"close"},"remoteAddress":"::ffff:127.0.0.1","remotePort":41242},"res":{"statusCode":404,"headers":{"x-powered-by":"Express","content-type":"application/json; charset=utf-8","content-length":"74","etag":"W/\"4a-wFazbKuW7ChIC7KwS2UFRQKj75k\""}},"responseTime":1}
[22:22:39.426] INFO (2700561): request completed {"req":{"id":79,"method":"GET","url":"/api/analysis/undefined/status","query":{},"params":{"path":["api","analysis","undefined","status"]},"headers":{"host":"127.0.0.1:41023","accept-encoding":"gzip, deflate","connection":"close"},"remoteAddress":"::ffff:127.0.0.1","remotePort":60192},"res":{"statusCode":404,"headers":{"x-powered-by":"Express","content-type":"application/json; charset=utf-8","content-length":"74","etag":"W/\"4a-wFazbKuW7ChIC7KwS2UFRQKj75k\""}},"responseTime":1}
[22:22:39.629] INFO (2700561): request completed {"req":{"id":80,"method":"GET","url":"/api/analysis/undefined/status","query":{},"params":{"path":["api","analysis","undefined","status"]},"headers":{"host":"127.0.0.1:46423","accept-encoding":"gzip, deflate","connection":"close"},"remoteAddress":"::ffff:127.0.0.1","remotePort":40368},"res":{"statusCode":404,"headers":{"x-powered-by":"Express","content-type":"application/json; charset=utf-8","content-length":"74","etag":"W/\"4a-wFazbKuW7ChIC7KwS2UFRQKj75k\""}},"responseTime":1}
[22:22:39.833] INFO (2700561): request completed {"req":{"id":81,"method":"GET","url":"/api/analysis/undefined/status","query":{},"params":{"path":["api","analysis","undefined","status"]},"headers":{"host":"127.0.0.1:41947","accept-encoding":"gzip, deflate","connection":"close"},"remoteAddress":"::ffff:127.0.0.1","remotePort":42008},"res":{"statusCode":404,"headers":{"x-powered-by":"Express","content-type":"application/json; charset=utf-8","content-length":"74","etag":"W/\"4a-wFazbKuW7ChIC7KwS2UFRQKj75k\""}},"responseTime":1}
[22:22:40.036] INFO (2700561): request completed {"req":{"id":82,"method":"GET","url":"/api/analysis/undefined/status","query":{},"params":{"path":["api","analysis","undefined","status"]},"headers":{"host":"127.0.0.1:42997","accept-encoding":"gzip, deflate","connection":"close"},"remoteAddress":"::ffff:127.0.0.1","remotePort":51552},"res":{"statusCode":404,"headers":{"x-powered-by":"Express","content-type":"application/json; charset=utf-8","content-length":"74","etag":"W/\"4a-wFazbKuW7ChIC7KwS2UFRQKj75k\""}},"responseTime":1}
[22:22:40.240] INFO (2700561): request completed {"req":{"id":83,"method":"GET","url":"/api/analysis/undefined/status","query":{},"params":{"path":["api","analysis","undefined","status"]},"headers":{"host":"127.0.0.1:40569","accept-encoding":"gzip, deflate","connection":"close"},"remoteAddress":"::ffff:127.0.0.1","remotePort":34254},"res":{"statusCode":404,"headers":{"x-powered-by":"Express","content-type":"application/json; charset=utf-8","content-length":"74","etag":"W/\"4a-wFazbKuW7ChIC7KwS2UFRQKj75k\""}},"responseTime":1}
[22:22:40.442] INFO (2700561): request completed {"req":{"id":84,"method":"GET","url":"/api/analysis/undefined/status","query":{},"params":{"path":["api","analysis","undefined","status"]},"headers":{"host":"127.0.0.1:43735","accept-encoding":"gzip, deflate","connection":"close"},"remoteAddress":"::ffff:127.0.0.1","remotePort":37234},"res":{"statusCode":404,"headers":{"x-powered-by":"Express","content-type":"application/json; charset=utf-8","content-length":"74","etag":"W/\"4a-wFazbKuW7ChIC7KwS2UFRQKj75k\""}},"responseTime":0}
[22:22:40.646] INFO (2700561): request completed {"req":{"id":85,"method":"GET","url":"/api/analysis/undefined/status","query":{},"params":{"path":["api","analysis","undefined","status"]},"headers":{"host":"127.0.0.1:38531","accept-encoding":"gzip, deflate","connection":"close"},"remoteAddress":"::ffff:127.0.0.1","remotePort":44562},"res":{"statusCode":404,"headers":{"x-powered-by":"Express","content-type":"application/json; charset=utf-8","content-length":"74","etag":"W/\"4a-wFazbKuW7ChIC7KwS2UFRQKj75k\""}},"responseTime":1}
[22:22:40.848] INFO (2700561): request completed {"req":{"id":86,"method":"GET","url":"/api/analysis/undefined/status","query":{},"params":{"path":["api","analysis","undefined","status"]},"headers":{"host":"127.0.0.1:35357","accept-encoding":"gzip, deflate","connection":"close"},"remoteAddress":"::ffff:127.0.0.1","remotePort":39154},"res":{"statusCode":404,"headers":{"x-powered-by":"Express","content-type":"application/json; charset=utf-8","content-length":"74","etag":"W/\"4a-wFazbKuW7ChIC7KwS2UFRQKj75k\""}},"responseTime":1}
[22:22:41.052] INFO (2700561): request completed {"req":{"id":87,"method":"GET","url":"/api/analysis/undefined/status","query":{},"params":{"path":["api","analysis","undefined","status"]},"headers":{"host":"127.0.0.1:37225","accept-encoding":"gzip, deflate","connection":"close"},"remoteAddress":"::ffff:127.0.0.1","remotePort":47506},"res":{"statusCode":404,"headers":{"x-powered-by":"Express","content-type":"application/json; charset=utf-8","content-length":"74","etag":"W/\"4a-wFazbKuW7ChIC7KwS2UFRQKj75k\""}},"responseTime":1}
[22:22:41.255] INFO (2700561): request completed {"req":{"id":88,"method":"GET","url":"/api/analysis/undefined/status","query":{},"params":{"path":["api","analysis","undefined","status"]},"headers":{"host":"127.0.0.1:44537","accept-encoding":"gzip, deflate","connection":"close"},"remoteAddress":"::ffff:127.0.0.1","remotePort":46940},"res":{"statusCode":404,"headers":{"x-powered-by":"Express","content-type":"application/json; charset=utf-8","content-length":"74","etag":"W/\"4a-wFazbKuW7ChIC7KwS2UFRQKj75k\""}},"responseTime":1}
[22:22:41.458] INFO (2700561): request completed {"req":{"id":89,"method":"GET","url":"/api/analysis/undefined/status","query":{},"params":{"path":["api","analysis","undefined","status"]},"headers":{"host":"127.0.0.1:45141","accept-encoding":"gzip, deflate","connection":"close"},"remoteAddress":"::ffff:127.0.0.1","remotePort":53916},"res":{"statusCode":404,"headers":{"x-powered-by":"Express","content-type":"application/json; charset=utf-8","content-length":"74","etag":"W/\"4a-wFazbKuW7ChIC7KwS2UFRQKj75k\""}},"responseTime":1}
[22:22:41.662] INFO (2700561): request completed {"req":{"id":90,"method":"GET","url":"/api/analysis/undefined/status","query":{},"params":{"path":["api","analysis","undefined","status"]},"headers":{"host":"127.0.0.1:32799","accept-encoding":"gzip, deflate","connection":"close"},"remoteAddress":"::ffff:127.0.0.1","remotePort":52390},"res":{"statusCode":404,"headers":{"x-powered-by":"Express","content-type":"application/json; charset=utf-8","content-length":"74","etag":"W/\"4a-wFazbKuW7ChIC7KwS2UFRQKj75k\""}},"responseTime":1}
[22:22:41.864] INFO (2700561): request completed {"req":{"id":91,"method":"GET","url":"/api/analysis/undefined/status","query":{},"params":{"path":["api","analysis","undefined","status"]},"headers":{"host":"127.0.0.1:46393","accept-encoding":"gzip, deflate","connection":"close"},"remoteAddress":"::ffff:127.0.0.1","remotePort":38908},"res":{"statusCode":404,"headers":{"x-powered-by":"Express","content-type":"application/json; charset=utf-8","content-length":"74","etag":"W/\"4a-wFazbKuW7ChIC7KwS2UFRQKj75k\""}},"responseTime":0}
[22:22:42.068] INFO (2700561): request completed {"req":{"id":92,"method":"GET","url":"/api/analysis/undefined/status","query":{},"params":{"path":["api","analysis","undefined","status"]},"headers":{"host":"127.0.0.1:37015","accept-encoding":"gzip, deflate","connection":"close"},"remoteAddress":"::ffff:127.0.0.1","remotePort":46564},"res":{"statusCode":404,"headers":{"x-powered-by":"Express","content-type":"application/json; charset=utf-8","content-length":"74","etag":"W/\"4a-wFazbKuW7ChIC7KwS2UFRQKj75k\""}},"responseTime":1}
[22:22:42.271] INFO (2700561): request completed {"req":{"id":93,"method":"GET","url":"/api/analysis/undefined/status","query":{},"params":{"path":["api","analysis","undefined","status"]},"headers":{"host":"127.0.0.1:33121","accept-encoding":"gzip, deflate","connection":"close"},"remoteAddress":"::ffff:127.0.0.1","remotePort":43412},"res":{"statusCode":404,"headers":{"x-powered-by":"Express","content-type":"application/json; charset=utf-8","content-length":"74","etag":"W/\"4a-wFazbKuW7ChIC7KwS2UFRQKj75k\""}},"responseTime":1}
[22:22:42.475] INFO (2700561): request completed {"req":{"id":94,"method":"GET","url":"/api/analysis/undefined/status","query":{},"params":{"path":["api","analysis","undefined","status"]},"headers":{"host":"127.0.0.1:33359","accept-encoding":"gzip, deflate","connection":"close"},"remoteAddress":"::ffff:127.0.0.1","remotePort":43142},"res":{"statusCode":404,"headers":{"x-powered-by":"Express","content-type":"application/json; charset=utf-8","content-length":"74","etag":"W/\"4a-wFazbKuW7ChIC7KwS2UFRQKj75k\""}},"responseTime":1}
[22:22:42.679] INFO (2700561): request completed {"req":{"id":95,"method":"GET","url":"/api/analysis/undefined/status","query":{},"params":{"path":["api","analysis","undefined","status"]},"headers":{"host":"127.0.0.1:34499","accept-encoding":"gzip, deflate","connection":"close"},"remoteAddress":"::ffff:127.0.0.1","remotePort":43320},"res":{"statusCode":404,"headers":{"x-powered-by":"Express","content-type":"application/json; charset=utf-8","content-length":"74","etag":"W/\"4a-wFazbKuW7ChIC7KwS2UFRQKj75k\""}},"responseTime":1}
[22:22:42.882] INFO (2700561): request completed {"req":{"id":96,"method":"GET","url":"/api/analysis/undefined/status","query":{},"params":{"path":["api","analysis","undefined","status"]},"headers":{"host":"127.0.0.1:41695","accept-encoding":"gzip, deflate","connection":"close"},"remoteAddress":"::ffff:127.0.0.1","remotePort":43802},"res":{"statusCode":404,"headers":{"x-powered-by":"Express","content-type":"application/json; charset=utf-8","content-length":"74","etag":"W/\"4a-wFazbKuW7ChIC7KwS2UFRQKj75k\""}},"responseTime":2}
[22:22:43.084] INFO (2700561): request completed {"req":{"id":97,"method":"GET","url":"/api/analysis/undefined/status","query":{},"params":{"path":["api","analysis","undefined","status"]},"headers":{"host":"127.0.0.1:45695","accept-encoding":"gzip, deflate","connection":"close"},"remoteAddress":"::ffff:127.0.0.1","remotePort":42842},"res":{"statusCode":404,"headers":{"x-powered-by":"Express","content-type":"application/json; charset=utf-8","content-length":"74","etag":"W/\"4a-wFazbKuW7ChIC7KwS2UFRQKj75k\""}},"responseTime":1}
[22:22:43.287] INFO (2700561): request completed {"req":{"id":98,"method":"GET","url":"/api/analysis/undefined/status","query":{},"params":{"path":["api","analysis","undefined","status"]},"headers":{"host":"127.0.0.1:38161","accept-encoding":"gzip, deflate","connection":"close"},"remoteAddress":"::ffff:127.0.0.1","remotePort":49046},"res":{"statusCode":404,"headers":{"x-powered-by":"Express","content-type":"application/json; charset=utf-8","content-length":"74","etag":"W/\"4a-wFazbKuW7ChIC7KwS2UFRQKj75k\""}},"responseTime":1}
[22:22:43.491] INFO (2700561): request completed {"req":{"id":99,"method":"GET","url":"/api/analysis/undefined/status","query":{},"params":{"path":["api","analysis","undefined","status"]},"headers":{"host":"127.0.0.1:37525","accept-encoding":"gzip, deflate","connection":"close"},"remoteAddress":"::ffff:127.0.0.1","remotePort":55390},"res":{"statusCode":404,"headers":{"x-powered-by":"Express","content-type":"application/json; charset=utf-8","content-length":"74","etag":"W/\"4a-wFazbKuW7ChIC7KwS2UFRQKj75k\""}},"responseTime":1}
[22:22:43.694] INFO (2700561): request completed {"req":{"id":100,"method":"GET","url":"/api/analysis/undefined/status","query":{},"params":{"path":["api","analysis","undefined","status"]},"headers":{"host":"127.0.0.1:45037","accept-encoding":"gzip, deflate","connection":"close"},"remoteAddress":"::ffff:127.0.0.1","remotePort":38768},"res":{"statusCode":404,"headers":{"x-powered-by":"Express","content-type":"application/json; charset=utf-8","content-length":"74","etag":"W/\"4a-wFazbKuW7ChIC7KwS2UFRQKj75k\""}},"responseTime":1}
[22:22:43.897] INFO (2700561): request completed {"req":{"id":101,"method":"GET","url":"/api/analysis/undefined/status","query":{},"params":{"path":["api","analysis","undefined","status"]},"headers":{"host":"127.0.0.1:34701","accept-encoding":"gzip, deflate","connection":"close"},"remoteAddress":"::ffff:127.0.0.1","remotePort":58866},"res":{"statusCode":404,"headers":{"x-powered-by":"Express","content-type":"application/json; charset=utf-8","content-length":"74","etag":"W/\"4a-wFazbKuW7ChIC7KwS2UFRQKj75k\""}},"responseTime":1}
  console.error
    Analysis trigger failed LOG: PrismaClientKnownRequestError: 
    Invalid `this.prisma.web3Profile.findFirst()` invocation in
    /home/arturo-clavero/projects/stage3/server/src/scoring/analysis/analysis.controller.ts:70:57
    
      67 }
      68 
      69 if (!devCandidateId && walletAddress) {
    → 70   const web3Profile = await this.prisma.web3Profile.findFirst(
    The column `Web3Profile.walletAddress` does not exist in the current database.
        at $n.handleRequestError (/home/arturo-clavero/projects/stage3/server/node_modules/@prisma/client/runtime/library.js:121:7315)
        at $n.handleAndLogRequestError (/home/arturo-clavero/projects/stage3/server/node_modules/@prisma/client/runtime/library.js:121:6623)
        at $n.request (/home/arturo-clavero/projects/stage3/server/node_modules/@prisma/client/runtime/library.js:121:6307)
        at l (/home/arturo-clavero/projects/stage3/server/node_modules/@prisma/client/runtime/library.js:130:9633)
        at AnalysisController.createAnalysis (/home/arturo-clavero/projects/stage3/server/src/scoring/analysis/analysis.controller.ts:70:27)
        at /home/arturo-clavero/projects/stage3/server/node_modules/@nestjs/core/router/router-execution-context.js:46:28
        at /home/arturo-clavero/projects/stage3/server/node_modules/@nestjs/core/router/router-proxy.js:9:17 {
      code: 'P2022',
      clientVersion: '5.22.0',
      meta: { modelName: 'Web3Profile', column: 'Web3Profile.walletAddress' }
    }

      141 |     return { jobId: job.id };
      142 |     } catch (error) {
    > 143 |       console.error('Analysis trigger failed LOG:', error);
          |               ^
      144 |       return { 
      145 |         status: 'error', 
      146 |         message: error.message, 

      at AnalysisController.createAnalysis (../src/scoring/analysis/analysis.controller.ts:143:15)
      at ../node_modules/@nestjs/core/router/router-execution-context.js:46:28
      at ../node_modules/@nestjs/core/router/router-proxy.js:9:17

[22:22:44.001] INFO (2700561): request completed {"req":{"id":102,"method":"POST","url":"/api/analysis","query":{},"params":{"path":["api","analysis"]},"headers":{"host":"127.0.0.1:46405","accept-encoding":"gzip, deflate","content-type":"application/json","content-length":"52","connection":"close"},"remoteAddress":"::ffff:127.0.0.1","remotePort":58110},"res":{"statusCode":201,"headers":{"x-powered-by":"Express","content-type":"application/json; charset=utf-8","content-length":"1754","etag":"W/\"6da-WwemuiZ7WtcLRRjUcbCeY/FQ3jo\""}},"responseTime":12}
FAIL test/stage2-pipeline.e2e-spec.ts (11.538 s)
  Colosseum Stage 2 Pipeline (E2E)
    TEST E1 — Happy path
      ✕ should complete analysis for alex-backend (40 ms)
    TEST E2 — Cache hit path
      ✕ should return cached job immediately and avoid re-fetch (5 ms)
    TEST E3 — Zero public data → graceful failure
      ✕ should fail with Insufficient public data (14 ms)
    TEST E4 — Private-heavy profile
      ✕ should include private work note and low devops confidence for maya-devops (13 ms)
    TEST E5 — Confidence levels map correctly
      ✕ should only use low, medium, high confidence values (447 ms)
    TEST E6 — Progress stages in correct order
      ✕ should transition through stages in order with non-decreasing percentages (5001 ms)
    TEST E7 — Recompute endpoint
      ✓ should bypass cache when force=true (219 ms)
    TEST E8 — Schema contract
      ✕ should verify contract for all 5 fixtures (5003 ms)
    TEST E9 — Wallet-only path
      ✕ should support wallet-only analysis with low confidence (15 ms)

  ● Colosseum Stage 2 Pipeline (E2E) › TEST E1 — Happy path › should complete analysis for alex-backend

    expect(received).toBe(expected) // Object.is equality

    Expected: "complete"
    Received: "failed"

      106 |       // console.log("jobid: ", jobId);
      107 |       const status = await waitForJob(jobId);
    > 108 |       expect(status.status).toBe('complete');
          |                             ^
      109 |
      110 |       const resultRes = await request(app.getHttpServer())
      111 |         .get(`/api/analysis/${jobId}/result`)

      at Object.<anonymous> (stage2-pipeline.e2e-spec.ts:108:29)

  ● Colosseum Stage 2 Pipeline (E2E) › TEST E2 — Cache hit path › should return cached job immediately and avoid re-fetch

    expect(received).toContain(expected) // indexOf

    Expected substring: "cached-"
    Received string:    "2"

      156 |       const jobId = res.body.jobId;
      157 |       // Cached jobs start with 'cached-' in AnalysisController
    > 158 |       expect(jobId).toContain('cached-');
          |                     ^
      159 |
      160 |       const resultRes = await request(app.getHttpServer())
      161 |         .get(`/api/analysis/${jobId}/result`)

      at Object.<anonymous> (stage2-pipeline.e2e-spec.ts:158:21)

  ● Colosseum Stage 2 Pipeline (E2E) › TEST E3 — Zero public data → graceful failure › should fail with Insufficient public data

    expect(received).toContain(expected) // indexOf

    Expected substring: "Insufficient public data"
    Received string:    "GithubProfile 37e01a10-fd40-4941-8779-46283ac6e29f not found"

      176 |       const status = await waitForJob(res.body.jobId);
      177 |       expect(status.status).toBe('failed');
    > 178 |       expect(status.failureReason).toContain('Insufficient public data');
          |                                    ^
      179 |     });
      180 |   });
      181 |

      at Object.<anonymous> (stage2-pipeline.e2e-spec.ts:178:36)

  ● Colosseum Stage 2 Pipeline (E2E) › TEST E4 — Private-heavy profile › should include private work note and low devops confidence for maya-devops

    TypeError: Cannot read properties of undefined (reading 'privateWorkNote')

      195 |       const result: AnalysisResult = resultRes.body.result;
      196 |       // Maya has devops focus in fixtures but few public repos
    > 197 |       expect(result.privateWorkNote).toBeDefined();
          |                     ^
      198 |       expect(result.privateWorkNote?.toLowerCase()).toContain('private');
      199 |       expect(result.capabilities.devops.confidence).toBe('medium');
      200 |     });

      at Object.<anonymous> (stage2-pipeline.e2e-spec.ts:197:21)

  ● Colosseum Stage 2 Pipeline (E2E) › TEST E5 — Confidence levels map correctly › should only use low, medium, high confidence values

    TypeError: Cannot read properties of undefined (reading 'capabilities')

      218 |       const allConfidenceValues = new Set<string>();
      219 |       results.forEach(r => {
    > 220 |         allConfidenceValues.add(r.capabilities.backend.confidence);
          |                                   ^
      221 |         allConfidenceValues.add(r.capabilities.frontend.confidence);
      222 |         allConfidenceValues.add(r.capabilities.devops.confidence);
      223 |         allConfidenceValues.add(r.ownership.confidence);

      at stage2-pipeline.e2e-spec.ts:220:35
          at Array.forEach (<anonymous>)
      at Object.<anonymous> (stage2-pipeline.e2e-spec.ts:219:15)

  ● Colosseum Stage 2 Pipeline (E2E) › TEST E6 — Progress stages in correct order › should transition through stages in order with non-decreasing percentages

    thrown: "Exceeded timeout of 5000 ms for a test.
    Add a timeout value to this test to increase the timeout, if this is a long-running test. See https://jestjs.io/docs/api#testname-fn-timeout."

      237 |
      238 |   describe('TEST E6 — Progress stages in correct order', () => {
    > 239 |     it('should transition through stages in order with non-decreasing percentages', async () => {
          |     ^
      240 |       const res = await request(app.getHttpServer())
      241 |         .post('/api/analysis')
      242 |         .send({ githubUsername: 'new-dev' })

      at stage2-pipeline.e2e-spec.ts:239:5
      at stage2-pipeline.e2e-spec.ts:238:3
      at Object.<anonymous> (stage2-pipeline.e2e-spec.ts:19:1)

  ● Colosseum Stage 2 Pipeline (E2E) › TEST E8 — Schema contract › should verify contract for all 5 fixtures

    thrown: "Exceeded timeout of 5000 ms for a test.
    Add a timeout value to this test to increase the timeout, if this is a long-running test. See https://jestjs.io/docs/api#testname-fn-timeout."

      300 |
      301 |   describe('TEST E8 — Schema contract', () => {
    > 302 |     it('should verify contract for all 5 fixtures', async () => {
          |     ^
      303 |       const fixtures = ['alex-backend', 'sarah-fullstack', 'maya-devops', 'new-dev'];
      304 |       
      305 |       for (const username of fixtures) {

      at stage2-pipeline.e2e-spec.ts:302:5
      at stage2-pipeline.e2e-spec.ts:301:3
      at Object.<anonymous> (stage2-pipeline.e2e-spec.ts:19:1)

  ● Colosseum Stage 2 Pipeline (E2E) › TEST E9 — Wallet-only path › should support wallet-only analysis with low confidence

    expect(received).toBeDefined()

    Received: undefined

      339 |         .expect(HttpStatus.CREATED);
      340 |
    > 341 |       expect(res.body.jobId).toBeDefined();
          |                              ^
      342 |       const status = await waitForJob(res.body.jobId);
      343 |       expect(status.status).toBe('complete');
      344 |

      at Object.<anonymous> (stage2-pipeline.e2e-spec.ts:341:30)

Test Suites: 1 failed, 1 total
Tests:       8 failed, 1 passed, 9 total
Snapshots:   0 total
Time:        11.771 s
Ran all test suites matching test/stage2-pipeline.e2e-spec.ts.
